Archive member included because of file (symbol)

contiki-z1.a(er-coap.o)       obj_z1/res-separate.o (coap_serialize_message)
contiki-z1.a(er-coap-engine.)
                              obj_z1/res-hello.o (coap_rest_implementation)
contiki-z1.a(er-coap-transac)
                              contiki-z1.a(er-coap-engine.) (coap_register_as_transaction_handler)
contiki-z1.a(er-coap-observe)
                              contiki-z1.a(er-coap-transac) (coap_remove_observer_by_client)
contiki-z1.a(er-coap-separat)
                              obj_z1/res-separate.o (coap_separate_reject)
contiki-z1.a(er-coap-res-wel)
                              contiki-z1.a(er-coap-engine.) (res_well_known_core)
contiki-z1.a(er-coap-block1.)
                              obj_z1/res-b1-sep-b2.o (coap_block1_handler)
contiki-z1.a(er-coap-observe)
                              contiki-z1.a(er-coap-engine.) (coap_handle_notification)
contiki-z1.a(rest-engine.o)   coap-server.co (rest_init_engine)
contiki-z1.a(contiki-z1-plat)
                              obj_z1/contiki-z1-main.o (init_platform)
contiki-z1.a(msp430.o)        obj_z1/contiki-z1-main.o (splhigh_)
contiki-z1.a(leds.o)          obj_z1/contiki-z1-main.o (leds_init)
contiki-z1.a(watchdog.o)      obj_z1/contiki-z1-main.o (watchdog_start)
contiki-z1.a(xmem.o)          obj_z1/contiki-z1-main.o (xmem_init)
contiki-z1.a(spi.o)           contiki-z1.a(xmem.o) (spi_init)
contiki-z1.a(cc2420.o)        obj_z1/contiki-z1-main.o (cc2420_set_pan_addr)
contiki-z1.a(cc2420-arch.o)   contiki-z1.a(cc2420.o) (cc2420_arch_init)
contiki-z1.a(node-id.o)       obj_z1/contiki-z1-main.o (node_id_restore)
contiki-z1.a(sensors.o)       coap-server.co (sensors_event)
contiki-z1.a(button-sensor.o)
                              coap-server.co (button_sensor)
contiki-z1.a(radio-sensor.o)  obj_z1/res-radio.o (radio_sensor)
contiki-z1.a(uart0.o)         obj_z1/contiki-z1-main.o (uart0_active)
contiki-z1.a(uart0-putchar.o)
                              obj_z1/res-b1-sep-b2.o (putchar)
contiki-z1.a(z1-sensors.o)    contiki-z1.a(sensors.o) (sensors_flags)
contiki-z1.a(adxl345.o)       obj_z1/contiki-z1-main.o (adxl345)
contiki-z1.a(battery-sensor.)
                              obj_z1/res-battery.o (battery_sensor)
contiki-z1.a(sky-sensors.o)   contiki-z1.a(battery-sensor.) (sky_sensors_status)
contiki-z1.a(tmp102.o)        contiki-z1.a(z1-sensors.o) (tmp102)
contiki-z1.a(clock.o)         obj_z1/contiki-z1-main.o (clock_init)
contiki-z1.a(leds-arch.o)     contiki-z1.a(leds.o) (leds_arch_init)
contiki-z1.a(rtimer-arch.o)   obj_z1/contiki-z1-main.o (rtimer_arch_now)
contiki-z1.a(autostart.o)     obj_z1/contiki-z1-main.o (autostart_start)
contiki-z1.a(energest.o)      obj_z1/contiki-z1-main.o (energest_init)
contiki-z1.a(etimer.o)        contiki-z1.a(clock.o) (etimer_request_poll)
contiki-z1.a(ctimer.o)        obj_z1/contiki-z1-main.o (ctimer_init)
contiki-z1.a(process.o)       coap-server.co (process_current)
contiki-z1.a(rtimer.o)        obj_z1/contiki-z1-main.o (rtimer_init)
contiki-z1.a(timer.o)         contiki-z1.a(button-sensor.o) (timer_set)
contiki-z1.a(list.o)          contiki-z1.a(rest-engine.o) (list_init)
contiki-z1.a(memb.o)          contiki-z1.a(er-coap-transac) (memb_alloc)
contiki-z1.a(random.o)        obj_z1/contiki-z1-main.o (random_init)
contiki-z1.a(uip-ds6.o)       obj_z1/contiki-z1-main.o (uip_ds6_get_link_local)
contiki-z1.a(uip-ds6-route.o)
                              contiki-z1.a(uip-ds6.o) (uip_ds6_route_init)
contiki-z1.a(uip6.o)          contiki-z1.a(er-coap-engine.) (uip_aligned_buf)
contiki-z1.a(uip-ds6-nbr.o)   contiki-z1.a(uip-ds6.o) (uip_ds6_neighbors_init)
contiki-z1.a(uip-nd6.o)       contiki-z1.a(uip6.o) (uip_nd6_init)
contiki-z1.a(sicslowpan.o)    obj_z1/contiki-z1-main.o (sicslowpan_driver)
contiki-z1.a(uip-debug.o)     contiki-z1.a(uip-ds6-route.o) (uip_debug_ipaddr_print)
contiki-z1.a(uip-udp-packet.)
                              contiki-z1.a(er-coap.o) (uip_udp_packet_send)
contiki-z1.a(tcpip.o)         contiki-z1.a(sicslowpan.o) (tcpip_set_outputfunc)
contiki-z1.a(rpl-dag.o)       contiki-z1.a(tcpip.o) (rpl_repair_root)
contiki-z1.a(rpl-timers.o)    contiki-z1.a(rpl-dag.o) (rpl_reset_dio_timer)
contiki-z1.a(rpl-ext-header.)
                              contiki-z1.a(uip6.o) (rpl_verify_hbh_header)
contiki-z1.a(rpl.o)           contiki-z1.a(rpl-timers.o) (rpl_get_mode)
contiki-z1.a(rpl-mrhof.o)     contiki-z1.a(rpl-dag.o) (rpl_mrhof)
contiki-z1.a(rpl-icmp6.o)     contiki-z1.a(rpl-dag.o) (rpl_icmp6_update_nbr_table)
contiki-z1.a(queuebuf.o)      obj_z1/contiki-z1-main.o (queuebuf_init)
contiki-z1.a(nbr-table.o)     contiki-z1.a(uip-ds6-route.o) (nbr_table_register)
contiki-z1.a(packetbuf.o)     contiki-z1.a(cc2420.o) (packetbuf_set_datalen)
contiki-z1.a(linkaddr.o)      obj_z1/contiki-z1-main.o (linkaddr_copy)
contiki-z1.a(link-stats.o)    contiki-z1.a(rpl-dag.o) (link_stats_from_lladdr)
contiki-z1.a(nullmac.o)       obj_z1/contiki-z1-main.o (nullmac_driver)
[...]
Memory Configuration

Name             Origin             Length             Attributes
sfr              0x00000000         0x00000010
peripheral_8bit  0x00000010         0x000000f0
peripheral_16bit 0x00000100         0x00000100
ram_mirror       0x00000200         0x00000800         xw
infomem          0x00001000         0x00000100
infod            0x00001000         0x00000040
infoc            0x00001040         0x00000040
infob            0x00001080         0x00000040
infoa            0x000010c0         0x00000040
ram              0x00001100         0x00002000         xw
rom              0x00003100         0x0000cebe         xr
vectors          0x0000ffc0         0x00000040
far_rom          0x00010000         0x0000a000
bsl              0x00000000         0x00000000
ram2             0x00000000         0x00000000         xw
usbram           0x00000000         0x00000000         xw
*default*        0x00000000         0xffffffff

Linker script and memory map

LOAD /opt/msp430-gcc/bin/../lib/gcc/msp430/4.7.0/mcpu-430x/mmpy-16/msr20/mc20/crt0ivtbl32.o
                0x00000041                __P1SEL2 = 0x41
                0x00000045                __P5SEL2 = 0x45
LOAD coap-server.co
LOAD obj_z1/res-hello.o
LOAD obj_z1/res-toggle.o
LOAD obj_z1/res-event.o
LOAD obj_z1/res-chunks.o
LOAD obj_z1/res-battery.o
LOAD obj_z1/res-push.o
LOAD obj_z1/res-leds.o
LOAD obj_z1/res-radio.o
LOAD obj_z1/res-light.o
LOAD obj_z1/res-separate.o
LOAD obj_z1/res-sht11.o
LOAD obj_z1/res-sub.o
LOAD obj_z1/res-temperature.o
LOAD obj_z1/res-b1-sep-b2.o
LOAD obj_z1/res-mirror.o
LOAD obj_z1/res-sht25.o
LOAD obj_z1/contiki-z1-main.o
LOAD contiki-z1.a
LOAD /opt/msp430-gcc/bin/../lib/gcc/msp430/4.7.0/mcpu-430x/mmpy-16/msr20/mc20/libgcc.a
LOAD /opt/msp430-gcc/bin/../lib/gcc/msp430/4.7.0/../../../../msp430/lib/mcpu-430x/mmpy-16/msr20/mc20/libc.a
LOAD /opt/msp430-gcc/bin/../lib/gcc/msp430/4.7.0/mcpu-430x/mmpy-16/msr20/mc20/libgcc.a
LOAD /opt/msp430-gcc/bin/../lib/gcc/msp430/4.7.0/mcpu-430x/mmpy-16/msr20/mc20/libcrt0.a
                0x00000040                PROVIDE (__info_segment_size, 0x40)
                0x00001000                PROVIDE (__infod, 0x1000)
                0x00001040                PROVIDE (__infoc, 0x1040)
                0x00001080                PROVIDE (__infob, 0x1080)
                0x000010c0                PROVIDE (__infoa, 0x10c0)
                0x00000000                __IE1 = 0x0
                0x00000002                __IFG1 = 0x2
                0x00000001                __IE2 = 0x1
                0x00000003                __IFG2 = 0x3
                0x00000006                __UC1IE = 0x6
                0x00000007                __UC1IFG = 0x7
                0x000001a0                __ADC12CTL0 = 0x1a0
                0x000001a2                __ADC12CTL1 = 0x1a2
                0x000001a4                __ADC12IFG = 0x1a4
                0x000001a6                __ADC12IE = 0x1a6
                0x000001a8                __ADC12IV = 0x1a8
                0x00000140                __ADC12MEM0 = 0x140
                0x00000142                __ADC12MEM1 = 0x142
                0x00000144                __ADC12MEM2 = 0x144
                0x00000146                __ADC12MEM3 = 0x146
                0x00000148                __ADC12MEM4 = 0x148
                0x0000014a                __ADC12MEM5 = 0x14a
                0x0000014c                __ADC12MEM6 = 0x14c
                0x0000014e                __ADC12MEM7 = 0x14e
                0x00000150                __ADC12MEM8 = 0x150
                0x00000152                __ADC12MEM9 = 0x152
                0x00000154                __ADC12MEM10 = 0x154
                0x00000156                __ADC12MEM11 = 0x156
                0x00000158                __ADC12MEM12 = 0x158
                0x0000015a                __ADC12MEM13 = 0x15a
                0x0000015c                __ADC12MEM14 = 0x15c
                0x0000015e                __ADC12MEM15 = 0x15e
                0x00000080                __ADC12MCTL0 = 0x80
                0x00000081                __ADC12MCTL1 = 0x81
                0x00000082                __ADC12MCTL2 = 0x82
                0x00000083                __ADC12MCTL3 = 0x83
                0x00000084                __ADC12MCTL4 = 0x84
                0x00000085                __ADC12MCTL5 = 0x85
                0x00000086                __ADC12MCTL6 = 0x86
                0x00000087                __ADC12MCTL7 = 0x87
                0x00000088                __ADC12MCTL8 = 0x88
                0x00000089                __ADC12MCTL9 = 0x89
                0x0000008a                __ADC12MCTL10 = 0x8a
                0x0000008b                __ADC12MCTL11 = 0x8b
                0x0000008c                __ADC12MCTL12 = 0x8c
                0x0000008d                __ADC12MCTL13 = 0x8d
                0x0000008e                __ADC12MCTL14 = 0x8e
                0x0000008f                __ADC12MCTL15 = 0x8f
                0x00000056                __DCOCTL = 0x56
                0x00000057                __BCSCTL1 = 0x57
                0x00000058                __BCSCTL2 = 0x58
                0x00000053                __BCSCTL3 = 0x53
                0x00000059                __CACTL1 = 0x59
                0x0000005a                __CACTL2 = 0x5a
                0x0000005b                __CAPD = 0x5b
                0x000001c0                __DAC12_0CTL = 0x1c0
                0x000001c2                __DAC12_1CTL = 0x1c2
                0x000001c8                __DAC12_0DAT = 0x1c8
                0x000001ca                __DAC12_1DAT = 0x1ca
                0x00000122                __DMACTL0 = 0x122
                0x00000124                __DMACTL1 = 0x124
                0x00000126                __DMAIV = 0x126
                0x000001d0                __DMA0CTL = 0x1d0
                0x000001dc                __DMA1CTL = 0x1dc
                0x000001e8                __DMA2CTL = 0x1e8
                0x000001d2                __DMA0SA = 0x1d2
                0x000001d2                __DMA0SAL = 0x1d2
                0x000001d6                __DMA0DA = 0x1d6
                0x000001d6                __DMA0DAL = 0x1d6
                0x000001da                __DMA0SZ = 0x1da
                0x000001de                __DMA1SA = 0x1de
                0x000001de                __DMA1SAL = 0x1de
                0x000001e2                __DMA1DA = 0x1e2
                0x000001e2                __DMA1DAL = 0x1e2
                0x000001e6                __DMA1SZ = 0x1e6
                0x000001ea                __DMA2SA = 0x1ea
                0x000001ea                __DMA2SAL = 0x1ea
                0x000001ee                __DMA2DA = 0x1ee
                0x000001ee                __DMA2DAL = 0x1ee
                0x000001f2                __DMA2SZ = 0x1f2
                0x00000128                __FCTL1 = 0x128
                0x0000012a                __FCTL2 = 0x12a
                0x0000012c                __FCTL3 = 0x12c
                0x000001be                __FCTL4 = 0x1be
                0x00000130                __MPY = 0x130
                0x00000132                __MPYS = 0x132
                0x00000134                __MAC = 0x134
                0x00000136                __MACS = 0x136
                0x00000138                __OP2 = 0x138
                0x0000013a                __RESLO = 0x13a
                0x0000013c                __RESHI = 0x13c
                0x0000013e                __SUMEXT = 0x13e
                0x00000020                __P1IN = 0x20
                0x00000021                __P1OUT = 0x21
                0x00000022                __P1DIR = 0x22
                0x00000023                __P1IFG = 0x23
                0x00000024                __P1IES = 0x24
                0x00000025                __P1IE = 0x25
                0x00000026                __P1SEL = 0x26
                0x00000027                __P1REN = 0x27
                0x00000028                __P2IN = 0x28
                0x00000029                __P2OUT = 0x29
                0x0000002a                __P2DIR = 0x2a
                0x0000002b                __P2IFG = 0x2b
                0x0000002c                __P2IES = 0x2c
                0x0000002d                __P2IE = 0x2d
                0x0000002e                __P2SEL = 0x2e
                0x0000002f                __P2REN = 0x2f
                0x00000018                __P3IN = 0x18
                0x00000019                __P3OUT = 0x19
                0x0000001a                __P3DIR = 0x1a
                0x0000001b                __P3SEL = 0x1b
                0x00000010                __P3REN = 0x10
                0x0000001c                __P4IN = 0x1c
                0x0000001d                __P4OUT = 0x1d
                0x0000001e                __P4DIR = 0x1e
                0x0000001f                __P4SEL = 0x1f
                0x00000011                __P4REN = 0x11
                0x00000030                __P5IN = 0x30
                0x00000031                __P5OUT = 0x31
                0x00000032                __P5DIR = 0x32
                0x00000033                __P5SEL = 0x33
                0x00000012                __P5REN = 0x12
                0x00000034                __P6IN = 0x34
                0x00000035                __P6OUT = 0x35
                0x00000036                __P6DIR = 0x36
                0x00000037                __P6SEL = 0x37
                0x00000013                __P6REN = 0x13
                0x00000038                __P7IN = 0x38
                0x0000003a                __P7OUT = 0x3a
                0x0000003c                __P7DIR = 0x3c
                0x0000003e                __P7SEL = 0x3e
                0x00000014                __P7REN = 0x14
                0x00000039                __P8IN = 0x39
                0x0000003b                __P8OUT = 0x3b
                0x0000003d                __P8DIR = 0x3d
                0x0000003f                __P8SEL = 0x3f
                0x00000015                __P8REN = 0x15
                0x00000038                __PAIN = 0x38
                0x0000003a                __PAOUT = 0x3a
                0x0000003c                __PADIR = 0x3c
                0x0000003e                __PASEL = 0x3e
                0x00000014                __PAREN = 0x14
                0x00000055                __SVSCTL = 0x55
                0x0000012e                __TAIV = 0x12e
                0x00000160                __TACTL = 0x160
                0x00000162                __TACCTL0 = 0x162
                0x00000164                __TACCTL1 = 0x164
                0x00000166                __TACCTL2 = 0x166
                0x00000170                __TAR = 0x170
                0x00000172                __TACCR0 = 0x172
                0x00000174                __TACCR1 = 0x174
                0x00000176                __TACCR2 = 0x176
                0x0000011e                __TBIV = 0x11e
                0x00000180                __TBCTL = 0x180
                0x00000182                __TBCCTL0 = 0x182
                0x00000184                __TBCCTL1 = 0x184
                0x00000186                __TBCCTL2 = 0x186
                0x00000188                __TBCCTL3 = 0x188
                0x0000018a                __TBCCTL4 = 0x18a
                0x0000018c                __TBCCTL5 = 0x18c
                0x0000018e                __TBCCTL6 = 0x18e
                0x00000190                __TBR = 0x190
                0x00000192                __TBCCR0 = 0x192
                0x00000194                __TBCCR1 = 0x194
                0x00000196                __TBCCR2 = 0x196
                0x00000198                __TBCCR3 = 0x198
                0x0000019a                __TBCCR4 = 0x19a
                0x0000019c                __TBCCR5 = 0x19c
                0x0000019e                __TBCCR6 = 0x19e
                0x00000060                __UCA0CTL0 = 0x60
                0x00000061                __UCA0CTL1 = 0x61
                0x00000062                __UCA0BR0 = 0x62
                0x00000063                __UCA0BR1 = 0x63
                0x00000064                __UCA0MCTL = 0x64
                0x00000065                __UCA0STAT = 0x65
                0x00000066                __UCA0RXBUF = 0x66
                0x00000067                __UCA0TXBUF = 0x67
                0x0000005d                __UCA0ABCTL = 0x5d
                0x0000005e                __UCA0IRTCTL = 0x5e
                0x0000005f                __UCA0IRRCTL = 0x5f
                0x00000068                __UCB0CTL0 = 0x68
                0x00000069                __UCB0CTL1 = 0x69
                0x0000006a                __UCB0BR0 = 0x6a
                0x0000006b                __UCB0BR1 = 0x6b
                0x0000006c                __UCB0I2CIE = 0x6c
                0x0000006d                __UCB0STAT = 0x6d
                0x0000006e                __UCB0RXBUF = 0x6e
                0x0000006f                __UCB0TXBUF = 0x6f
                0x00000118                __UCB0I2COA = 0x118
                0x0000011a                __UCB0I2CSA = 0x11a
                0x000000d0                __UCA1CTL0 = 0xd0
                0x000000d1                __UCA1CTL1 = 0xd1
                0x000000d2                __UCA1BR0 = 0xd2
                0x000000d3                __UCA1BR1 = 0xd3
                0x000000d4                __UCA1MCTL = 0xd4
                0x000000d5                __UCA1STAT = 0xd5
                0x000000d6                __UCA1RXBUF = 0xd6
                0x000000d7                __UCA1TXBUF = 0xd7
                0x000000cd                __UCA1ABCTL = 0xcd
                0x000000ce                __UCA1IRTCTL = 0xce
                0x000000cf                __UCA1IRRCTL = 0xcf
                0x000000d8                __UCB1CTL0 = 0xd8
                0x000000d9                __UCB1CTL1 = 0xd9
                0x000000da                __UCB1BR0 = 0xda
                0x000000db                __UCB1BR1 = 0xdb
                0x000000dc                __UCB1I2CIE = 0xdc
                0x000000dd                __UCB1STAT = 0xdd
                0x000000de                __UCB1RXBUF = 0xde
                0x000000df                __UCB1TXBUF = 0xdf
                0x0000017c                __UCB1I2COA = 0x17c
                0x0000017e                __UCB1I2CSA = 0x17e
                0x00000120                __WDTCTL = 0x120
                0x000010c0                __TLV_CHECKSUM = 0x10c0
                0x000010f6                __TLV_DCO_30_TAG = 0x10f6
                0x000010f7                __TLV_DCO_30_LEN = 0x10f7
                0x000010da                __TLV_ADC12_1_TAG = 0x10da
                0x000010db                __TLV_ADC12_1_LEN = 0x10db
                0x000010f8                __CALDCO_16MHZ = 0x10f8
                0x000010f9                __CALBC1_16MHZ = 0x10f9
                0x000010fa                __CALDCO_12MHZ = 0x10fa
                0x000010fb                __CALBC1_12MHZ = 0x10fb
                0x000010fc                __CALDCO_8MHZ = 0x10fc
                0x000010fd                __CALBC1_8MHZ = 0x10fd
                0x000010fe                __CALDCO_1MHZ = 0x10fe
                0x000010ff                __CALBC1_1MHZ = 0x10ff

.hash
 *(.hash)

.dynsym
 *(.dynsym)

.dynstr
 *(.dynstr)

.gnu.version
 *(.gnu.version)

.gnu.version_d
 *(.gnu.version_d)

.gnu.version_r
 *(.gnu.version_r)

.rel.init
 *(.rel.init)

.rela.init
 *(.rela.init)

.rel.fini
 *(.rel.fini)

.rela.fini
 *(.rela.fini)

.rel.text
 *(.rel.text .rel.text.* .rel.gnu.linkonce.t.*)

.rela.text
 *(.rela.text .rela.text.* .rela.gnu.linkonce.t.*)

.rel.rodata
 *(.rel.rodata .rel.rodata.* .rel.gnu.linkonce.r.*)

.rela.rodata
 *(.rela.rodata .rela.rodata.* .rela.gnu.linkonce.r.*)

.rel.data
 *(.rel.data .rel.data.* .rel.gnu.linkonce.d.*)

.rela.data
 *(.rela.data .rela.data.* .rela.gnu.linkonce.d.*)

.rel.bss
 *(.rel.bss .rel.bss.* .rel.gnu.linkonce.b.*)

.rela.bss
 *(.rela.bss .rela.bss.* .rela.gnu.linkonce.b.*)

.rel.ctors
 *(.rel.ctors)

.rela.ctors
 *(.rela.ctors)

.rel.dtors
 *(.rel.dtors)

.rela.dtors
 *(.rela.dtors)

.rel.got
 *(.rel.got)

.rela.got
 *(.rela.got)

.rel.plt
 *(.rel.plt)

.rela.plt
 *(.rela.plt)

.text           0x00003100     0xb8a6
                0x00003100                . = ALIGN (0x2)
 *(.init .init.*)
 *(.init0)
 .init0         0x00003100        0x0 /opt/msp430-gcc/bin/../lib/gcc/msp430/4.7.0/mcpu-430x/mmpy-16/msr20/mc20/libcrt0.a(_reset_vector__.o)
                0x00003100                _reset_vector__
 *(.init1)
 .init1         0x00003100        0xc /opt/msp430-gcc/bin/../lib/gcc/msp430/4.7.0/mcpu-430x/mmpy-16/msr20/mc20/libcrt0.a(__watchdog_support.o)
                0x00003100                __watchdog_support
 *(.init2)
 .init2         0x0000310c        0x4 /opt/msp430-gcc/bin/../lib/gcc/msp430/4.7.0/mcpu-430x/mmpy-16/msr20/mc20/libcrt0.a(__init_stack.o)
                0x0000310c                __init_stack
 *(.init3)
 .init3         0x00003110        0x0 /opt/msp430-gcc/bin/../lib/gcc/msp430/4.7.0/mcpu-430x/mmpy-16/msr20/mc20/libcrt0.a(__low_level_init.o)
                0x00003110                __low_level_init
 *(.init4)
 .init4         0x00003110       0x18 /opt/msp430-gcc/bin/../lib/gcc/msp430/4.7.0/mcpu-430x/mmpy-16/msr20/mc20/libcrt0.a(_copy_data.o)
                0x00003110                __do_copy_data
 .init4         0x00003128       0x16 /opt/msp430-gcc/bin/../lib/gcc/msp430/4.7.0/mcpu-430x/mmpy-16/msr20/mc20/libcrt0.a(_clear_bss.o)
                0x00003128                __do_clear_bss
 *(.init5)
 *(.init6)
 *(.init7)
 *(.init8)
 *(.init9)
 .init9         0x0000313e      0x350 obj_z1/contiki-z1-main.o
                0x0000313e                main
 *(.fini9)
 .fini9         0x0000348e        0x0 /opt/msp430-gcc/bin/../lib/gcc/msp430/4.7.0/mcpu-430x/mmpy-16/msr20/mc20/libcrt0.a(__stop_progExec__.o)
                0x0000348e                __stop_progExec__
 *(.fini8)
 *(.fini7)
 *(.fini6)
 *(.fini5)
 *(.fini4)
 *(.fini3)
 *(.fini2)
 *(.fini1)
 *(.fini0)
 .fini0         0x0000348e        0x6 /opt/msp430-gcc/bin/../lib/gcc/msp430/4.7.0/mcpu-430x/mmpy-16/msr20/mc20/libcrt0.a(_endless_loop__.o)
                0x0000348e                _endless_loop__
 *(.fini .fini.*)
                0x00003494                . = ALIGN (0x2)
                0x00003494                __ctors_start = .
 *(.ctors)
                0x00003494                __ctors_end = .
                0x00003494                __dtors_start = .
 *(.dtors)
                0x00003494                __dtors_end = .
                0x00003494                . = ALIGN (0x2)
 *(.text .text.* .gnu.linkonce.t.*)
 .text          0x00003494        0x4 /opt/msp430-gcc/bin/../lib/gcc/msp430/4.7.0/mcpu-430x/mmpy-16/msr20/mc20/crt0ivtbl32.o
                0x00003494                __isr_14
                0x00003494                __isr_4
                0x00003494                __isr_29
                0x00003494                __isr_11
                0x00003494                __isr_5
                0x00003494                __isr_2
                0x00003494                __isr_10
                0x00003494                __isr_7
                0x00003494                __isr_0
                0x00003494                __isr_28
                0x00003494                __isr_8
                0x00003494                __isr_20
                0x00003494                __isr_3
                0x00003494                __isr_12
                0x00003494                __isr_13
                0x00003494                __isr_27
                0x00003494                __isr_9
                0x00003494                __isr_30
                0x00003494                __isr_6
                0x00003494                __isr_22
                0x00003494                __isr_1
                0x00003494                __isr_15
                0x00003494                __isr_21
 .text.libgcc   0x00003498       0x26 /opt/msp430-gcc/bin/../lib/gcc/msp430/4.7.0/mcpu-430x/mmpy-16/msr20/mc20/libgcc.a(_mulsi3.o)
                0x00003498                __mulsi3
 .text.libgcc   0x000034be       0x22 /opt/msp430-gcc/bin/../lib/gcc/msp430/4.7.0/mcpu-430x/mmpy-16/msr20/mc20/libgcc.a(_udivmod16.o)
                0x000034be                __udivhi3
                0x000034be                __ext_udivmod16
                0x000034d8                __umodhi3
 .text.libgcc   0x000034e0       0x3a /opt/msp430-gcc/bin/../lib/gcc/msp430/4.7.0/mcpu-430x/mmpy-16/msr20/mc20/libgcc.a(_divmod16.o)
                0x000034e0                __ext_divmod16
                0x000034e0                __divhi3
                0x00003512                __modhi3
 .text.libgcc   0x0000351a       0x38 /opt/msp430-gcc/bin/../lib/gcc/msp430/4.7.0/mcpu-430x/mmpy-16/msr20/mc20/libgcc.a(_udivmod32.o)
                0x0000351a                __udivsi3
                0x0000351a                __ext_udivmod32
                0x00003548                __umodsi3
 .text.libgcc   0x00003552       0x4c /opt/msp430-gcc/bin/../lib/gcc/msp430/4.7.0/mcpu-430x/mmpy-16/msr20/mc20/libgcc.a(_divmod32.o)
                0x00003552                __ext_divmod32
                0x00003552                __divsi3
                0x00003594                __modsi3
 .text.printf   0x0000359e       0x10 /opt/msp430-gcc/bin/../lib/gcc/msp430/4.7.0/../../../../msp430/lib/mcpu-430x/mmpy-16/msr20/mc20/libc.a(printf.o)
                0x0000359e                printf
 .text.append   0x000035ae       0x22 /opt/msp430-gcc/bin/../lib/gcc/msp430/4.7.0/../../../../msp430/lib/mcpu-430x/mmpy-16/msr20/mc20/libc.a(sprintf.o)
 .text.call_vuprintf
                0x000035d0       0x36 /opt/msp430-gcc/bin/../lib/gcc/msp430/4.7.0/../../../../msp430/lib/mcpu-430x/mmpy-16/msr20/mc20/libc.a(sprintf.o)
 .text.snprintf
                0x00003606       0x1c /opt/msp430-gcc/bin/../lib/gcc/msp430/4.7.0/../../../../msp430/lib/mcpu-430x/mmpy-16/msr20/mc20/libc.a(sprintf.o)
                0x00003606                snprintf
 .text.print_field
                0x00003622      0x176 /opt/msp430-gcc/bin/../lib/gcc/msp430/4.7.0/../../../../msp430/lib/mcpu-430x/mmpy-16/msr20/mc20/libc.a(vuprintf.o)
 .text.vuprintf
                0x00003798      0x74c /opt/msp430-gcc/bin/../lib/gcc/msp430/4.7.0/../../../../msp430/lib/mcpu-430x/mmpy-16/msr20/mc20/libc.a(vuprintf.o)
                0x00003798                vuprintf
 .text.puts     0x00003ee4       0x2c /opt/msp430-gcc/bin/../lib/gcc/msp430/4.7.0/../../../../msp430/lib/mcpu-430x/mmpy-16/msr20/mc20/libc.a(puts.o)
                0x00003ee4                puts
 .text.rand     0x00003f10       0x26 /opt/msp430-gcc/bin/../lib/gcc/msp430/4.7.0/../../../../msp430/lib/mcpu-430x/mmpy-16/msr20/mc20/libc.a(rand.o)
                0x00003f10                rand
 .text.srand    0x00003f36        0xa /opt/msp430-gcc/bin/../lib/gcc/msp430/4.7.0/../../../../msp430/lib/mcpu-430x/mmpy-16/msr20/mc20/libc.a(rand.o)
                0x00003f36                srand
 .text.strchr   0x00003f40       0x16 /opt/msp430-gcc/bin/../lib/gcc/msp430/4.7.0/../../../../msp430/lib/mcpu-430x/mmpy-16/msr20/mc20/libc.a(strchr.o)
                0x00003f40                strchr
 .text.memchr   0x00003f56       0x1e /opt/msp430-gcc/bin/../lib/gcc/msp430/4.7.0/../../../../msp430/lib/mcpu-430x/mmpy-16/msr20/mc20/libc.a(memchr.o)
                0x00003f56                memchr
 .text.strncmp  0x00003f74       0x2a /opt/msp430-gcc/bin/../lib/gcc/msp430/4.7.0/../../../../msp430/lib/mcpu-430x/mmpy-16/msr20/mc20/libc.a(strncmp.o)
                0x00003f74                strncmp
 .text.memcmp   0x00003f9e       0x2c /opt/msp430-gcc/bin/../lib/gcc/msp430/4.7.0/../../../../msp430/lib/mcpu-430x/mmpy-16/msr20/mc20/libc.a(memcmp.o)
                0x00003f9e                memcmp
 .text.strcpy   0x00003fca       0x14 /opt/msp430-gcc/bin/../lib/gcc/msp430/4.7.0/../../../../msp430/lib/mcpu-430x/mmpy-16/msr20/mc20/libc.a(strcpy.o)
                0x00003fca                strcpy
 .text.strncpy  0x00003fde       0x2a /opt/msp430-gcc/bin/../lib/gcc/msp430/4.7.0/../../../../msp430/lib/mcpu-430x/mmpy-16/msr20/mc20/libc.a(strncpy.o)
                0x00003fde                strncpy
 .text.memcpy   0x00004008       0xe8 /opt/msp430-gcc/bin/../lib/gcc/msp430/4.7.0/../../../../msp430/lib/mcpu-430x/mmpy-16/msr20/mc20/libc.a(memcpy.o)
                0x00004008                memcpy
 .text.memmove  0x000040f0       0xe8 /opt/msp430-gcc/bin/../lib/gcc/msp430/4.7.0/../../../../msp430/lib/mcpu-430x/mmpy-16/msr20/mc20/libc.a(memmove.o)
                0x000040f0                memmove
 .text.memset   0x000041d8       0x5c /opt/msp430-gcc/bin/../lib/gcc/msp430/4.7.0/../../../../msp430/lib/mcpu-430x/mmpy-16/msr20/mc20/libc.a(memset.o)
                0x000041d8                memset
 .text.libgcc   0x00004234       0xbc /opt/msp430-gcc/bin/../lib/gcc/msp430/4.7.0/mcpu-430x/mmpy-16/msr20/mc20/libgcc.a(_udivmod64.o)
                0x00004234                __xabi_udivmod64
                0x00004286                __udivdi3
                0x000042a0                __umoddi3
                0x000042c2                __udivmoddi4
 .text.crt0     0x000042f0        0x2 /opt/msp430-gcc/bin/../lib/gcc/msp430/4.7.0/mcpu-430x/mmpy-16/msr20/mc20/libcrt0.a(_unexpected_.o)
                0x000042f0                _unexpected_
 *(.near.text .near.text.*)
 .near.text.watchdog_interrupt
                0x000042f2        0x6 contiki-z1.a(watchdog.o)
                0x000042f2                __isr_26
                0x000042f2                watchdog_interrupt
 .near.text.irq_p2
                0x000042f8       0x76 contiki-z1.a(button-sensor.o)
                0x000042f8                irq_p2
                0x000042f8                __isr_19
 .near.text.uart0_rx_interrupt
                0x0000436e       0x64 contiki-z1.a(uart0.o)
                0x0000436e                __isr_23
                0x0000436e                uart0_rx_interrupt
 .near.text.port1_isr
                0x000043d2       0xbe contiki-z1.a(adxl345.o)
                0x000043d2                port1_isr
                0x000043d2                __isr_18
 .near.text.timera1
                0x00004490      0x10a contiki-z1.a(clock.o)
                0x00004490                __isr_24
                0x00004490                timera1
 .near.text.timera0
                0x0000459a       0x5c contiki-z1.a(rtimer-arch.o)
                0x0000459a                __isr_25
                0x0000459a                timera0
 .near.text.i2c_tx_interrupt
                0x000045f6       0x84 contiki-z1.a(i2cmaster.o)
                0x000045f6                __isr_16
                0x000045f6                i2c_tx_interrupt
 .near.text.i2c_rx_interrupt
                0x0000467a       0x14 contiki-z1.a(i2cmaster.o)
                0x0000467a                i2c_rx_interrupt
                0x0000467a                __isr_17
 .any.text.process_thread_er_example_server
                0x0000468e       0x76 coap-server.co
 .any.text.res_post_handler
                0x00004704        0x8 obj_z1/res-toggle.o
 .any.text.res_event_handler
                0x0000470c       0x12 obj_z1/res-event.o
 .any.text.res_get_handler
                0x0000471e       0x3c obj_z1/res-event.o
 .any.text.res_get_handler
                0x0000475a       0x2a obj_z1/res-separate.o
 .any.text.res_resume_handler
                0x00004784       0x84 obj_z1/res-separate.o
 .any.text.coap_parse_int_option
                0x00004808       0x36 contiki-z1.a(er-coap.o)
 .any.text.coap_get_variable
                0x0000483e       0x78 contiki-z1.a(er-coap.o)
 .any.text.coap_merge_multi_option
                0x000048b6       0x3a contiki-z1.a(er-coap.o)
 .any.text.coap_set_option_header
                0x000048f0       0xa6 contiki-z1.a(er-coap.o)
 .any.text.coap_serialize_int_option
                0x00004996       0xbe contiki-z1.a(er-coap.o)
 .any.text.coap_serialize_array_option.part.0
                0x00004a54       0x28 contiki-z1.a(er-coap.o)
 .any.text.coap_serialize_array_option
                0x00004a7c       0x82 contiki-z1.a(er-coap.o)
 .any.text.coap_init_connection
                0x00004afe       0x22 contiki-z1.a(er-coap.o)
                0x00004afe                coap_init_connection
 .any.text.coap_get_mid
                0x00004b20        0xc contiki-z1.a(er-coap.o)
                0x00004b20                coap_get_mid
 .any.text.coap_init_message
                0x00004b2c       0x24 contiki-z1.a(er-coap.o)
                0x00004b2c                coap_init_message
 .any.text.coap_serialize_message
                0x00004b50      0x3ba contiki-z1.a(er-coap.o)
                0x00004b50                coap_serialize_message
 .any.text.coap_send_message
                0x00004f0a       0x3e contiki-z1.a(er-coap.o)
                0x00004f0a                coap_send_message
 .any.text.coap_parse_message
                0x00004f48      0x45e contiki-z1.a(er-coap.o)
                0x00004f48                coap_parse_message
 .any.text.coap_get_query_variable
                0x000053a6       0x1c contiki-z1.a(er-coap.o)
                0x000053a6                coap_get_query_variable
 .any.text.coap_get_post_variable
                0x000053c2       0x20 contiki-z1.a(er-coap.o)
                0x000053c2                coap_get_post_variable
 .any.text.coap_set_status_code
                0x000053e2       0x12 contiki-z1.a(er-coap.o)
                0x000053e2                coap_set_status_code
 .any.text.coap_set_token
                0x000053f4       0x24 contiki-z1.a(er-coap.o)
                0x000053f4                coap_set_token
 .any.text.coap_get_header_content_format
                0x00005418       0x16 contiki-z1.a(er-coap.o)
                0x00005418                coap_get_header_content_format
 .any.text.coap_set_header_content_format
                0x0000542e        0xe contiki-z1.a(er-coap.o)
                0x0000542e                coap_set_header_content_format
 .any.text.coap_get_header_accept
                0x0000543c       0x14 contiki-z1.a(er-coap.o)
                0x0000543c                coap_get_header_accept
 .any.text.coap_get_header_max_age
                0x00005450       0x24 contiki-z1.a(er-coap.o)
                0x00005450                coap_get_header_max_age
 .any.text.coap_set_header_max_age
                0x00005474       0x12 contiki-z1.a(er-coap.o)
                0x00005474                coap_set_header_max_age
 .any.text.coap_set_header_etag
                0x00005486       0x2a contiki-z1.a(er-coap.o)
                0x00005486                coap_set_header_etag
 .any.text.coap_get_header_if_match
                0x000054b0       0x1a contiki-z1.a(er-coap.o)
                0x000054b0                coap_get_header_if_match
 .any.text.coap_get_header_if_none_match
                0x000054ca        0xc contiki-z1.a(er-coap.o)
                0x000054ca                coap_get_header_if_none_match
 .any.text.coap_get_header_uri_host
                0x000054d6       0x16 contiki-z1.a(er-coap.o)
                0x000054d6                coap_get_header_uri_host
 .any.text.coap_get_header_uri_path
                0x000054ec       0x16 contiki-z1.a(er-coap.o)
                0x000054ec                coap_get_header_uri_path
 .any.text.coap_set_header_uri_path
                0x00005502       0x2a contiki-z1.a(er-coap.o)
                0x00005502                coap_set_header_uri_path
 .any.text.coap_get_header_uri_query
                0x0000552c       0x16 contiki-z1.a(er-coap.o)
                0x0000552c                coap_get_header_uri_query
 .any.text.coap_set_header_location_query
                0x00005542       0x2c contiki-z1.a(er-coap.o)
                0x00005542                coap_set_header_location_query
 .any.text.coap_set_header_location_path
                0x0000556e       0x5a contiki-z1.a(er-coap.o)
                0x0000556e                coap_set_header_location_path
 .any.text.coap_get_header_observe
                0x000055c8       0x1c contiki-z1.a(er-coap.o)
                0x000055c8                coap_get_header_observe
 .any.text.coap_set_header_observe
                0x000055e4       0x12 contiki-z1.a(er-coap.o)
                0x000055e4                coap_set_header_observe
 .any.text.coap_get_header_block2
                0x000055f6       0x4c contiki-z1.a(er-coap.o)
                0x000055f6                coap_get_header_block2
 .any.text.coap_set_header_block2
                0x00005642       0x42 contiki-z1.a(er-coap.o)
                0x00005642                coap_set_header_block2
 .any.text.coap_set_header_block1
                0x00005684       0x38 contiki-z1.a(er-coap.o)
                0x00005684                coap_set_header_block1
 .any.text.coap_get_header_size2
                0x000056bc       0x1c contiki-z1.a(er-coap.o)
                0x000056bc                coap_get_header_size2
 .any.text.coap_set_header_size2
                0x000056d8       0x12 contiki-z1.a(er-coap.o)
                0x000056d8                coap_set_header_size2
 .any.text.coap_get_payload
                0x000056ea       0x1a contiki-z1.a(er-coap.o)
                0x000056ea                coap_get_payload
 .any.text.coap_set_payload
                0x00005704       0x16 contiki-z1.a(er-coap.o)
                0x00005704                coap_set_payload
 .any.text.coap_set_service_callback
                0x0000571a        0x6 contiki-z1.a(er-coap-engine.)
                0x0000571a                coap_set_service_callback
 .any.text.coap_get_rest_method
                0x00005720       0x16 contiki-z1.a(er-coap-engine.)
                0x00005720                coap_get_rest_method
 .any.text.process_thread_coap_engine
                0x00005736      0x43e contiki-z1.a(er-coap-engine.)
 .any.text.coap_init_engine
                0x00005b74        0xc contiki-z1.a(er-coap-engine.)
                0x00005b74                coap_init_engine
 .any.text.coap_register_as_transaction_handler
                0x00005b80        0x8 contiki-z1.a(er-coap-transac)
                0x00005b80                coap_register_as_transaction_handler
 .any.text.coap_new_transaction
                0x00005b88       0x46 contiki-z1.a(er-coap-transac)
                0x00005b88                coap_new_transaction
 .any.text.coap_clear_transaction
                0x00005bce       0x26 contiki-z1.a(er-coap-transac)
                0x00005bce                coap_clear_transaction
 .any.text.coap_send_transaction
                0x00005bf4       0xac contiki-z1.a(er-coap-transac)
                0x00005bf4                coap_send_transaction
 .any.text.coap_get_transaction_by_mid
                0x00005ca0       0x1e contiki-z1.a(er-coap-transac)
                0x00005ca0                coap_get_transaction_by_mid
 .any.text.coap_check_transactions
                0x00005cbe       0x2e contiki-z1.a(er-coap-transac)
                0x00005cbe                coap_check_transactions
 .any.text.coap_remove_observer
                0x00005cec       0x1c contiki-z1.a(er-coap-observe)
                0x00005cec                coap_remove_observer
 .any.text.coap_remove_observer_by_client
                0x00005d08       0x42 contiki-z1.a(er-coap-observe)
                0x00005d08                coap_remove_observer_by_client
 .any.text.coap_remove_observer_by_token
                0x00005d4a       0x60 contiki-z1.a(er-coap-observe)
                0x00005d4a                coap_remove_observer_by_token
 .any.text.coap_remove_observer_by_uri
                0x00005daa       0x68 contiki-z1.a(er-coap-observe)
                0x00005daa                coap_remove_observer_by_uri
 .any.text.coap_remove_observer_by_mid
                0x00005e12       0x4a contiki-z1.a(er-coap-observe)
                0x00005e12                coap_remove_observer_by_mid
 .any.text.coap_notify_observers_sub
                0x00005e5c      0x1a2 contiki-z1.a(er-coap-observe)
                0x00005e5c                coap_notify_observers_sub
 .any.text.coap_notify_observers
                0x00005ffe        0x8 contiki-z1.a(er-coap-observe)
                0x00005ffe                coap_notify_observers
 .any.text.coap_observe_handler
                0x00006006      0x11e contiki-z1.a(er-coap-observe)
                0x00006006                coap_observe_handler
 .any.text.coap_separate_reject
                0x00006124        0xe contiki-z1.a(er-coap-separat)
                0x00006124                coap_separate_reject
 .any.text.coap_separate_accept
                0x00006132       0xe0 contiki-z1.a(er-coap-separat)
                0x00006132                coap_separate_accept
 .any.text.coap_separate_resume
                0x00006212       0x48 contiki-z1.a(er-coap-separat)
                0x00006212                coap_separate_resume
 .any.text.well_known_core_get_handler
                0x0000625a      0x25e contiki-z1.a(er-coap-res-wel)
                0x0000625a                well_known_core_get_handler
 .any.text.simple_reply
                0x000064b8       0x34 contiki-z1.a(er-coap-observe)
 .any.text.classify_notification
                0x000064ec       0x5a contiki-z1.a(er-coap-observe)
 .any.text.coap_get_obs_subject_by_token
                0x00006546       0x4e contiki-z1.a(er-coap-observe)
                0x00006546                coap_get_obs_subject_by_token
 .any.text.coap_handle_notification
                0x00006594       0xbe contiki-z1.a(er-coap-observe)
                0x00006594                coap_handle_notification
 .any.text.process_thread_rest_engine_process
                0x00006652       0xc0 contiki-z1.a(rest-engine.o)
 .any.text.rest_invoke_restful_service
                0x00006712       0xf8 contiki-z1.a(rest-engine.o)
                0x00006712                rest_invoke_restful_service
 .any.text.rest_init_engine
                0x0000680a       0x30 contiki-z1.a(rest-engine.o)
                0x0000680a                rest_init_engine
 .any.text.rest_activate_resource
                0x0000683a       0x6a contiki-z1.a(rest-engine.o)
                0x0000683a                rest_activate_resource
 .any.text.rest_get_resources
                0x000068a4        0x6 contiki-z1.a(rest-engine.o)
                0x000068a4                rest_get_resources
 .any.text.init_platform
                0x000068aa        0xc contiki-z1.a(contiki-z1-plat)
                0x000068aa                init_platform
 .any.text.msp430_init_dco
                0x000068b6       0x28 contiki-z1.a(msp430.o)
                0x000068b6                msp430_init_dco
 .any.text.splhigh_
                0x000068de        0x8 contiki-z1.a(msp430.o)
                0x000068de                splhigh_
 .any.text.msp430_sync_dco
                0x000068e6       0x6e contiki-z1.a(msp430.o)
                0x000068e6                msp430_sync_dco
 .any.text.msp430_cpu_init
                0x00006954       0x2e contiki-z1.a(msp430.o)
                0x00006954                msp430_cpu_init
 .any.text.show_leds
                0x00006982       0xe8 contiki-z1.a(leds.o)
 .any.text.leds_init
                0x00006a6a        0xa contiki-z1.a(leds.o)
                0x00006a6a                leds_init
 .any.text.leds_on
                0x00006a74        0xa contiki-z1.a(leds.o)
                0x00006a74                leds_on
 .any.text.leds_off
                0x00006a7e        0xe contiki-z1.a(leds.o)
                0x00006a7e                leds_off
 .any.text.leds_toggle
                0x00006a8c        0xa contiki-z1.a(leds.o)
                0x00006a8c                leds_toggle
 .any.text.watchdog_start
                0x00006a96       0x14 contiki-z1.a(watchdog.o)
                0x00006a96                watchdog_start
 .any.text.watchdog_periodic
                0x00006aaa       0x12 contiki-z1.a(watchdog.o)
                0x00006aaa                watchdog_periodic
 .any.text.watchdog_stop
                0x00006abc       0x16 contiki-z1.a(watchdog.o)
                0x00006abc                watchdog_stop
 .any.text.watchdog_init
                0x00006ad2       0x12 contiki-z1.a(watchdog.o)
                0x00006ad2                watchdog_init
 .any.text.wait_ready
                0x00006ae4       0x46 contiki-z1.a(xmem.o)
 .any.text.xmem_init
                0x00006b2a       0x1e contiki-z1.a(xmem.o)
                0x00006b2a                xmem_init
 .any.text.xmem_pread
                0x00006b48       0xc2 contiki-z1.a(xmem.o)
                0x00006b48                xmem_pread
 .any.text.spi_init
                0x00006c0a       0x32 contiki-z1.a(spi.o)
                0x00006c0a                spi_init
 .any.text.get_object
                0x00006c3c        0x4 contiki-z1.a(cc2420.o)
 .any.text.set_object
                0x00006c40        0x4 contiki-z1.a(cc2420.o)
 .any.text.strobe
                0x00006c44       0x1a contiki-z1.a(cc2420.o)
 .any.text.getreg
                0x00006c5e       0x46 contiki-z1.a(cc2420.o)
 .any.text.setreg
                0x00006ca4       0x44 contiki-z1.a(cc2420.o)
 .any.text.write_ram
                0x00006ce8       0x72 contiki-z1.a(cc2420.o)
 .any.text.write_fifo_buf
                0x00006d5a       0x38 contiki-z1.a(cc2420.o)
 .any.text.get_status
                0x00006d92       0x1e contiki-z1.a(cc2420.o)
 .any.text.set_txpower
                0x00006db0       0x24 contiki-z1.a(cc2420.o)
 .any.text.cc2420_receiving_packet
                0x00006dd4        0xa contiki-z1.a(cc2420.o)
 .any.text.pending_packet
                0x00006dde        0xa contiki-z1.a(cc2420.o)
 .any.text.on   0x00006de8       0x26 contiki-z1.a(cc2420.o)
 .any.text.wait_for_transmission
                0x00006e0e       0x22 contiki-z1.a(cc2420.o)
 .any.text.wait_for_status
                0x00006e30       0x24 contiki-z1.a(cc2420.o)
 .any.text.getrxdata
                0x00006e54       0x4c contiki-z1.a(cc2420.o)
 .any.text.flushrx
                0x00006ea0       0x1a contiki-z1.a(cc2420.o)
 .any.text.off  0x00006eba       0x5a contiki-z1.a(cc2420.o)
 .any.text.RELEASE_LOCK
                0x00006f14       0x28 contiki-z1.a(cc2420.o)
 .any.text.set_frame_filtering
                0x00006f3c       0x30 contiki-z1.a(cc2420.o)
 .any.text.set_auto_ack
                0x00006f6c       0x30 contiki-z1.a(cc2420.o)
 .any.text.set_poll_mode
                0x00006f9c       0x2c contiki-z1.a(cc2420.o)
 .any.text.cc2420_prepare
                0x00006fc8       0x38 contiki-z1.a(cc2420.o)
 .any.text.cc2420_on
                0x00007000       0x22 contiki-z1.a(cc2420.o)
                0x00007000                cc2420_on
 .any.text.cc2420_off
                0x00007022       0x30 contiki-z1.a(cc2420.o)
                0x00007022                cc2420_off
 .any.text.cc2420_cca
                0x00007052       0x54 contiki-z1.a(cc2420.o)
 .any.text.cc2420_read
                0x000070a6       0xb8 contiki-z1.a(cc2420.o)
 .any.text.process_thread_cc2420_process
                0x0000715e       0x5c contiki-z1.a(cc2420.o)
 .any.text.cc2420_set_channel
                0x000071ba       0x3a contiki-z1.a(cc2420.o)
                0x000071ba                cc2420_set_channel
 .any.text.cc2420_set_pan_addr
                0x000071f4       0x4c contiki-z1.a(cc2420.o)
                0x000071f4                cc2420_set_pan_addr
 .any.text.cc2420_interrupt
                0x00007240       0x16 contiki-z1.a(cc2420.o)
                0x00007240                cc2420_interrupt
 .any.text.cc2420_set_txpower
                0x00007256        0xe contiki-z1.a(cc2420.o)
                0x00007256                cc2420_set_txpower
 .any.text.cc2420_get_txpower
                0x00007264       0x1e contiki-z1.a(cc2420.o)
                0x00007264                cc2420_get_txpower
 .any.text.cc2420_transmit
                0x00007282      0x10e contiki-z1.a(cc2420.o)
 .any.text.cc2420_send
                0x00007390       0x12 contiki-z1.a(cc2420.o)
 .any.text.cc2420_rssi
                0x000073a2       0x48 contiki-z1.a(cc2420.o)
                0x000073a2                cc2420_rssi
 .any.text.get_value
                0x000073ea      0x104 contiki-z1.a(cc2420.o)
 .any.text.cc2420_set_cca_threshold
                0x000074ee       0x16 contiki-z1.a(cc2420.o)
                0x000074ee                cc2420_set_cca_threshold
 .any.text.set_value
                0x00007504       0xb2 contiki-z1.a(cc2420.o)
 .any.text.cc2420_init
                0x000075b6       0xea contiki-z1.a(cc2420.o)
                0x000075b6                cc2420_init
 .any.text.cc2420_arch_init
                0x000076a0       0x1a contiki-z1.a(cc2420-arch.o)
                0x000076a0                cc2420_arch_init
 .any.text.node_id_restore
                0x000076ba       0x4c contiki-z1.a(node-id.o)
                0x000076ba                node_id_restore
 .any.text.process_thread_sensors_process
                0x00007706       0xc2 contiki-z1.a(sensors.o)
 .any.text.sensors_changed
                0x000077c8       0x2a contiki-z1.a(sensors.o)
                0x000077c8                sensors_changed
 .any.text.status
                0x000077f2       0x18 contiki-z1.a(button-sensor.o)
 .any.text.value
                0x0000780a       0x20 contiki-z1.a(button-sensor.o)
 .any.text.configure
                0x0000782a       0x4e contiki-z1.a(button-sensor.o)
 .any.text.uart0_active
                0x00007878        0xe contiki-z1.a(uart0.o)
                0x00007878                uart0_active
 .any.text.uart0_writeb
                0x00007886       0x16 contiki-z1.a(uart0.o)
                0x00007886                uart0_writeb
 .any.text.uart0_init
                0x0000789c       0x4e contiki-z1.a(uart0.o)
                0x0000789c                uart0_init
 .any.text.putchar
                0x000078ea       0x10 contiki-z1.a(uart0-putchar.o)
                0x000078ea                putchar
 .any.text.status
                0x000078fa       0x12 contiki-z1.a(adxl345.o)
 .any.text.accm_write_reg
                0x0000790c       0x2e contiki-z1.a(adxl345.o)
 .any.text.accm_write_stream
                0x0000793a       0x2a contiki-z1.a(adxl345.o)
 .any.text.accm_read_reg
                0x00007964       0x54 contiki-z1.a(adxl345.o)
 .any.text.process_thread_accmeter_process
                0x000079b8       0x56 contiki-z1.a(adxl345.o)
 .any.text.accm_read_axis.part.0
                0x00007a0e       0x5a contiki-z1.a(adxl345.o)
 .any.text.value
                0x00007a68       0x1e contiki-z1.a(adxl345.o)
 .any.text.accm_init
                0x00007a86       0x78 contiki-z1.a(adxl345.o)
                0x00007a86                accm_init
 .any.text.accm_stop
                0x00007afe       0x32 contiki-z1.a(adxl345.o)
                0x00007afe                accm_stop
 .any.text.configure
                0x00007b30       0x26 contiki-z1.a(adxl345.o)
 .any.text.status
                0x00007b56       0x12 contiki-z1.a(tmp102.o)
 .any.text.tmp102_init
                0x00007b68       0x24 contiki-z1.a(tmp102.o)
                0x00007b68                tmp102_init
 .any.text.tmp102_stop
                0x00007b8c        0xa contiki-z1.a(tmp102.o)
                0x00007b8c                tmp102_stop
 .any.text.configure
                0x00007b96       0x26 contiki-z1.a(tmp102.o)
 .any.text.tmp102_read_reg
                0x00007bbc       0x5e contiki-z1.a(tmp102.o)
                0x00007bbc                tmp102_read_reg
 .any.text.tmp102_read_temp_x100
                0x00007c1a       0x58 contiki-z1.a(tmp102.o)
                0x00007c1a                tmp102_read_temp_x100
 .any.text.value
                0x00007c72        0x6 contiki-z1.a(tmp102.o)
 .any.text.clock_time
                0x00007c78       0x1a contiki-z1.a(clock.o)
                0x00007c78                clock_time
 .any.text.clock_init
                0x00007c92       0x28 contiki-z1.a(clock.o)
                0x00007c92                clock_init
 .any.text.clock_delay
                0x00007cba        0xc contiki-z1.a(clock.o)
                0x00007cba                clock_delay
 .any.text.clock_wait
                0x00007cc6       0x24 contiki-z1.a(clock.o)
                0x00007cc6                clock_wait
 .any.text.clock_seconds
                0x00007cea       0x1a contiki-z1.a(clock.o)
                0x00007cea                clock_seconds
 .any.text.leds_arch_init
                0x00007d04        0xe contiki-z1.a(leds-arch.o)
                0x00007d04                leds_arch_init
 .any.text.leds_arch_set
                0x00007d12       0x38 contiki-z1.a(leds-arch.o)
                0x00007d12                leds_arch_set
 .any.text.rtimer_arch_init
                0x00007d4a        0xe contiki-z1.a(rtimer-arch.o)
                0x00007d4a                rtimer_arch_init
 .any.text.rtimer_arch_now
                0x00007d58        0xe contiki-z1.a(rtimer-arch.o)
                0x00007d58                rtimer_arch_now
 .any.text.rtimer_arch_schedule
                0x00007d66        0x6 contiki-z1.a(rtimer-arch.o)
                0x00007d66                rtimer_arch_schedule
 .any.text.autostart_start
                0x00007d6c       0x16 contiki-z1.a(autostart.o)
                0x00007d6c                autostart_start
 .any.text.energest_init
                0x00007d82       0x24 contiki-z1.a(energest.o)
                0x00007d82                energest_init
 .any.text.energest_type_time
                0x00007da6       0x3c contiki-z1.a(energest.o)
                0x00007da6                energest_type_time
 .any.text.energest_type_set
                0x00007de2        0xc contiki-z1.a(energest.o)
                0x00007de2                energest_type_set
 .any.text.energest_flush
                0x00007dee       0x38 contiki-z1.a(energest.o)
                0x00007dee                energest_flush
 .any.text.update_time
                0x00007e26       0x70 contiki-z1.a(etimer.o)
 .any.text.etimer_request_poll
                0x00007e96        0xa contiki-z1.a(etimer.o)
                0x00007e96                etimer_request_poll
 .any.text.process_thread_etimer_process
                0x00007ea0       0xc4 contiki-z1.a(etimer.o)
 .any.text.add_timer
                0x00007f64       0x40 contiki-z1.a(etimer.o)
 .any.text.etimer_set
                0x00007fa4       0x12 contiki-z1.a(etimer.o)
                0x00007fa4                etimer_set
 .any.text.etimer_reset
                0x00007fb6       0x12 contiki-z1.a(etimer.o)
                0x00007fb6                etimer_reset
 .any.text.etimer_restart
                0x00007fc8       0x12 contiki-z1.a(etimer.o)
                0x00007fc8                etimer_restart
 .any.text.etimer_expired
                0x00007fda        0xe contiki-z1.a(etimer.o)
                0x00007fda                etimer_expired
 .any.text.etimer_expiration_time
                0x00007fe8       0x14 contiki-z1.a(etimer.o)
                0x00007fe8                etimer_expiration_time
 .any.text.etimer_pending
                0x00007ffc        0xc contiki-z1.a(etimer.o)
                0x00007ffc                etimer_pending
 .any.text.etimer_next_expiration_time
                0x00008008       0x16 contiki-z1.a(etimer.o)
                0x00008008                etimer_next_expiration_time
 .any.text.etimer_stop
                0x0000801e       0x3e contiki-z1.a(etimer.o)
                0x0000801e                etimer_stop
 .any.text.process_thread_ctimer_process
                0x0000805c       0xa0 contiki-z1.a(ctimer.o)
 .any.text.ctimer_init
                0x000080fc       0x18 contiki-z1.a(ctimer.o)
                0x000080fc                ctimer_init
 .any.text.ctimer_set_with_process
                0x00008114       0x4a contiki-z1.a(ctimer.o)
                0x00008114                ctimer_set_with_process
 .any.text.ctimer_set
                0x0000815e       0x10 contiki-z1.a(ctimer.o)
                0x0000815e                ctimer_set
 .any.text.ctimer_reset
                0x0000816e       0x2c contiki-z1.a(ctimer.o)
                0x0000816e                ctimer_reset
 .any.text.ctimer_restart
                0x0000819a       0x2c contiki-z1.a(ctimer.o)
                0x0000819a                ctimer_restart
 .any.text.ctimer_stop
                0x000081c6       0x28 contiki-z1.a(ctimer.o)
                0x000081c6                ctimer_stop
 .any.text.call_process
                0x000081ee       0x40 contiki-z1.a(process.o)
 .any.text.exit_process
                0x0000822e       0x88 contiki-z1.a(process.o)
 .any.text.do_poll
                0x000082b6       0x30 contiki-z1.a(process.o)
 .any.text.process_alloc_event
                0x000082e6        0xe contiki-z1.a(process.o)
                0x000082e6                process_alloc_event
 .any.text.process_init
                0x000082f4       0x1c contiki-z1.a(process.o)
                0x000082f4                process_init
 .any.text.process_run
                0x00008310       0x8c contiki-z1.a(process.o)
                0x00008310                process_run
 .any.text.process_nevents
                0x0000839c        0xe contiki-z1.a(process.o)
                0x0000839c                process_nevents
 .any.text.process_post
                0x000083aa       0x4a contiki-z1.a(process.o)
                0x000083aa                process_post
 .any.text.process_post_synch
                0x000083f4       0x12 contiki-z1.a(process.o)
                0x000083f4                process_post_synch
 .any.text.process_start
                0x00008406       0x36 contiki-z1.a(process.o)
                0x00008406                process_start
 .any.text.process_poll
                0x0000843c       0x18 contiki-z1.a(process.o)
                0x0000843c                process_poll
 .any.text.process_is_running
                0x00008454        0xe contiki-z1.a(process.o)
                0x00008454                process_is_running
 .any.text.rtimer_init
                0x00008462        0x6 contiki-z1.a(rtimer.o)
                0x00008462                rtimer_init
 .any.text.rtimer_run_next
                0x00008468       0x26 contiki-z1.a(rtimer.o)
                0x00008468                rtimer_run_next
 .any.text.timer_set
                0x0000848e       0x1c contiki-z1.a(timer.o)
                0x0000848e                timer_set
 .any.text.timer_reset
                0x000084aa        0xe contiki-z1.a(timer.o)
                0x000084aa                timer_reset
 .any.text.timer_restart
                0x000084b8       0x14 contiki-z1.a(timer.o)
                0x000084b8                timer_restart
 .any.text.timer_expired
                0x000084cc       0x2a contiki-z1.a(timer.o)
                0x000084cc                timer_expired
 .any.text.list_init
                0x000084f6        0x6 contiki-z1.a(list.o)
                0x000084f6                list_init
 .any.text.list_head
                0x000084fc        0x4 contiki-z1.a(list.o)
                0x000084fc                list_head
 .any.text.list_tail
                0x00008500       0x12 contiki-z1.a(list.o)
                0x00008500                list_tail
 .any.text.list_remove
                0x00008512       0x34 contiki-z1.a(list.o)
                0x00008512                list_remove
 .any.text.list_push
                0x00008546       0x16 contiki-z1.a(list.o)
                0x00008546                list_push
 .any.text.list_add
                0x0000855c       0x26 contiki-z1.a(list.o)
                0x0000855c                list_add
 .any.text.list_length
                0x00008582       0x10 contiki-z1.a(list.o)
                0x00008582                list_length
 .any.text.list_item_next
                0x00008592        0xc contiki-z1.a(list.o)
                0x00008592                list_item_next
 .any.text.memb_init
                0x0000859e       0x36 contiki-z1.a(memb.o)
                0x0000859e                memb_init
 .any.text.memb_alloc
                0x000085d4       0x3e contiki-z1.a(memb.o)
                0x000085d4                memb_alloc
 .any.text.memb_free
                0x00008612       0x3a contiki-z1.a(memb.o)
                0x00008612                memb_free
 .any.text.memb_inmemb
                0x0000864c       0x2a contiki-z1.a(memb.o)
                0x0000864c                memb_inmemb
 .any.text.memb_numfree
                0x00008676       0x26 contiki-z1.a(memb.o)
                0x00008676                memb_numfree
 .any.text.random_init
                0x0000869c        0x6 contiki-z1.a(random.o)
                0x0000869c                random_init
 .any.text.random_rand
                0x000086a2        0x6 contiki-z1.a(random.o)
                0x000086a2                random_rand
 .any.text.uip_ds6_list_loop
                0x000086a8       0x66 contiki-z1.a(uip-ds6.o)
                0x000086a8                uip_ds6_list_loop
 .any.text.uip_ds6_prefix_add
                0x0000870e       0x70 contiki-z1.a(uip-ds6.o)
                0x0000870e                uip_ds6_prefix_add
 .any.text.uip_ds6_is_addr_onlink
                0x0000877e       0x42 contiki-z1.a(uip-ds6.o)
                0x0000877e                uip_ds6_is_addr_onlink
 .any.text.uip_ds6_addr_lookup
                0x000087c0       0x2a contiki-z1.a(uip-ds6.o)
                0x000087c0                uip_ds6_addr_lookup
 .any.text.uip_ds6_get_link_local
                0x000087ea       0x3e contiki-z1.a(uip-ds6.o)
                0x000087ea                uip_ds6_get_link_local
 .any.text.uip_ds6_maddr_add
                0x00008828       0x48 contiki-z1.a(uip-ds6.o)
                0x00008828                uip_ds6_maddr_add
 .any.text.uip_ds6_addr_add
                0x00008870       0xb4 contiki-z1.a(uip-ds6.o)
                0x00008870                uip_ds6_addr_add
 .any.text.uip_ds6_maddr_rm
                0x00008924        0xa contiki-z1.a(uip-ds6.o)
                0x00008924                uip_ds6_maddr_rm
 .any.text.uip_ds6_maddr_lookup
                0x0000892e       0x2a contiki-z1.a(uip-ds6.o)
                0x0000892e                uip_ds6_maddr_lookup
 .any.text.uip_ds6_addr_rm
                0x00008958       0x54 contiki-z1.a(uip-ds6.o)
                0x00008958                uip_ds6_addr_rm
 .any.text.uip_ds6_periodic
                0x000089ac       0x46 contiki-z1.a(uip-ds6.o)
                0x000089ac                uip_ds6_periodic
 .any.text.uip_ds6_set_addr_iid
                0x000089f2       0x14 contiki-z1.a(uip-ds6.o)
                0x000089f2                uip_ds6_set_addr_iid
 .any.text.get_match_length
                0x00008a06       0x3c contiki-z1.a(uip-ds6.o)
                0x00008a06                get_match_length
 .any.text.uip_ds6_select_src
                0x00008a42       0x9a contiki-z1.a(uip-ds6.o)
                0x00008a42                uip_ds6_select_src
 .any.text.uip_ds6_compute_reachable_time
                0x00008adc       0x36 contiki-z1.a(uip-ds6.o)
                0x00008adc                uip_ds6_compute_reachable_time
 .any.text.uip_ds6_init
                0x00008b12      0x138 contiki-z1.a(uip-ds6.o)
                0x00008b12                uip_ds6_init
 .any.text.call_route_callback
                0x00008c4a       0x40 contiki-z1.a(uip-ds6-route.o)
 .any.text.uip_ds6_route_init
                0x00008c8a       0x36 contiki-z1.a(uip-ds6-route.o)
                0x00008c8a                uip_ds6_route_init
 .any.text.uip_ds6_route_nexthop
                0x00008cc0       0x1a contiki-z1.a(uip-ds6-route.o)
                0x00008cc0                uip_ds6_route_nexthop
 .any.text.uip_ds6_route_head
                0x00008cda        0xa contiki-z1.a(uip-ds6-route.o)
                0x00008cda                uip_ds6_route_head
 .any.text.uip_ds6_route_next
                0x00008ce4        0xe contiki-z1.a(uip-ds6-route.o)
                0x00008ce4                uip_ds6_route_next
 .any.text.uip_ds6_route_is_nexthop
                0x00008cf2       0x22 contiki-z1.a(uip-ds6-route.o)
                0x00008cf2                uip_ds6_route_is_nexthop
 .any.text.uip_ds6_route_lookup
                0x00008d14       0x6e contiki-z1.a(uip-ds6-route.o)
                0x00008d14                uip_ds6_route_lookup
 .any.text.uip_ds6_route_rm
                0x00008d82       0xa2 contiki-z1.a(uip-ds6-route.o)
                0x00008d82                uip_ds6_route_rm
 .any.text.rm_routelist
                0x00008e24       0x34 contiki-z1.a(uip-ds6-route.o)
 .any.text.rm_routelist_callback
                0x00008e58        0x6 contiki-z1.a(uip-ds6-route.o)
 .any.text.uip_ds6_route_add
                0x00008e5e       0xfc contiki-z1.a(uip-ds6-route.o)
                0x00008e5e                uip_ds6_route_add
 .any.text.uip_ds6_defrt_rm
                0x00008f5a       0x44 contiki-z1.a(uip-ds6-route.o)
                0x00008f5a                uip_ds6_defrt_rm
 .any.text.uip_ds6_defrt_lookup
                0x00008f9e       0x32 contiki-z1.a(uip-ds6-route.o)
                0x00008f9e                uip_ds6_defrt_lookup
 .any.text.uip_ds6_defrt_add
                0x00008fd0       0x68 contiki-z1.a(uip-ds6-route.o)
                0x00008fd0                uip_ds6_defrt_add
 .any.text.uip_ds6_defrt_choose
                0x00009038       0x36 contiki-z1.a(uip-ds6-route.o)
                0x00009038                uip_ds6_defrt_choose
 .any.text.uip_ds6_defrt_periodic
                0x0000906e       0x38 contiki-z1.a(uip-ds6-route.o)
                0x0000906e                uip_ds6_defrt_periodic
 .any.text.chksum
                0x000090a6       0x32 contiki-z1.a(uip6.o)
 .any.text.upper_layer_chksum
                0x000090d8       0x56 contiki-z1.a(uip6.o)
 .any.text.ext_hdr_options_process
                0x0000912e       0xc2 contiki-z1.a(uip6.o)
 .any.text.uip_icmp6chksum
                0x000091f0        0xa contiki-z1.a(uip6.o)
                0x000091f0                uip_icmp6chksum
 .any.text.uip_udpchksum
                0x000091fa        0xa contiki-z1.a(uip6.o)
                0x000091fa                uip_udpchksum
 .any.text.uip_init
                0x00009204       0x26 contiki-z1.a(uip6.o)
                0x00009204                uip_init
 .any.text.remove_ext_hdr
                0x0000922a       0x50 contiki-z1.a(uip6.o)
                0x0000922a                remove_ext_hdr
 .any.text.uip_udp_new
                0x0000927a       0xa2 contiki-z1.a(uip6.o)
                0x0000927a                uip_udp_new
 .any.text.uip_process
                0x0000931c      0x48c contiki-z1.a(uip6.o)
                0x0000931c                uip_process
 .any.text.uip_htonl
                0x000097a8       0x2a contiki-z1.a(uip6.o)
                0x000097a8                uip_htonl
 .any.text.uip_ds6_nbr_rm
                0x000097d2       0x1e contiki-z1.a(uip-ds6-nbr.o)
                0x000097d2                uip_ds6_nbr_rm
 .any.text.uip_ds6_neighbors_init
                0x000097f0       0x12 contiki-z1.a(uip-ds6-nbr.o)
                0x000097f0                uip_ds6_neighbors_init
 .any.text.uip_ds6_nbr_add
                0x00009802       0x36 contiki-z1.a(uip-ds6-nbr.o)
                0x00009802                uip_ds6_nbr_add
 .any.text.uip_ds6_nbr_get_ll
                0x00009838        0xc contiki-z1.a(uip-ds6-nbr.o)
                0x00009838                uip_ds6_nbr_get_ll
 .any.text.uip_ds6_nbr_lookup
                0x00009844       0x3e contiki-z1.a(uip-ds6-nbr.o)
                0x00009844                uip_ds6_nbr_lookup
 .any.text.uip_ds6_nbr_ll_lookup
                0x00009882        0xc contiki-z1.a(uip-ds6-nbr.o)
                0x00009882                uip_ds6_nbr_ll_lookup
 .any.text.uip_ds6_nbr_ipaddr_from_lladdr
                0x0000988e        0x6 contiki-z1.a(uip-ds6-nbr.o)
                0x0000988e                uip_ds6_nbr_ipaddr_from_lladdr
 .any.text.uip_ds6_nbr_lladdr_from_ipaddr
                0x00009894       0x12 contiki-z1.a(uip-ds6-nbr.o)
                0x00009894                uip_ds6_nbr_lladdr_from_ipaddr
 .any.text.uip_ds6_link_neighbor_callback
                0x000098a6       0x32 contiki-z1.a(uip-ds6-nbr.o)
                0x000098a6                uip_ds6_link_neighbor_callback
 .any.text.ns_input
                0x000098d8      0x264 contiki-z1.a(uip-nd6.o)
 .any.text.uip_nd6_init
                0x00009b3c        0xa contiki-z1.a(uip-nd6.o)
                0x00009b3c                uip_nd6_init
 .any.text.clear_fragments
                0x00009b46       0x38 contiki-z1.a(sicslowpan.o)
 .any.text.set_packet_attrs
                0x00009b7e       0x46 contiki-z1.a(sicslowpan.o)
 .any.text.addr_context_lookup_by_number
                0x00009bc4       0x30 contiki-z1.a(sicslowpan.o)
 .any.text.compress_addr_64
                0x00009bf4       0x9a contiki-z1.a(sicslowpan.o)
 .any.text.store_fragment
                0x00009c8e       0x6e contiki-z1.a(sicslowpan.o)
 .any.text.uncompress_addr
                0x00009cfc       0x96 contiki-z1.a(sicslowpan.o)
 .any.text.sicslowpan_init
                0x00009d92       0x24 contiki-z1.a(sicslowpan.o)
                0x00009d92                sicslowpan_init
 .any.text.addr_context_lookup_by_prefix
                0x00009db6       0x4a contiki-z1.a(sicslowpan.o)
 .any.text.packet_sent
                0x00009e00       0x22 contiki-z1.a(sicslowpan.o)
 .any.text.add_fragment
                0x00009e22      0x160 contiki-z1.a(sicslowpan.o)
 .any.text.input
                0x00009f82      0x60e contiki-z1.a(sicslowpan.o)
 .any.text.send_packet
                0x0000a590       0x1a contiki-z1.a(sicslowpan.o)
 .any.text.output
                0x0000a5aa      0x67c contiki-z1.a(sicslowpan.o)
 .any.text.uip_debug_ipaddr_print
                0x0000ac26       0xbc contiki-z1.a(uip-debug.o)
                0x0000ac26                uip_debug_ipaddr_print
 .any.text.uip_udp_packet_send
                0x0000ace2       0x2a contiki-z1.a(uip-udp-packet.)
                0x0000ace2                uip_udp_packet_send
 .any.text.tcpip_output
                0x0000ad0c       0x10 contiki-z1.a(tcpip.o)
                0x0000ad0c                tcpip_output
 .any.text.tcpip_set_outputfunc
                0x0000ad1c        0x6 contiki-z1.a(tcpip.o)
                0x0000ad1c                tcpip_set_outputfunc
 .any.text.udp_new
                0x0000ad22       0x1a contiki-z1.a(tcpip.o)
                0x0000ad22                udp_new
 .any.text.tcpip_input
                0x0000ad3c       0x16 contiki-z1.a(tcpip.o)
                0x0000ad3c                tcpip_input
 .any.text.tcpip_ipv6_output
                0x0000ad52       0xcc contiki-z1.a(tcpip.o)
                0x0000ad52                tcpip_ipv6_output
 .any.text.process_thread_tcpip_process
                0x0000ae1e       0xd0 contiki-z1.a(tcpip.o)
 .any.text.tcpip_uipcall
                0x0000aeee       0x2a contiki-z1.a(tcpip.o)
                0x0000aeee                tcpip_uipcall
 .any.text.lollipop_greater_than
                0x0000af18       0x3c contiki-z1.a(rpl-dag.o)
 .any.text.find_parent_any_dag_any_instance
                0x0000af54       0x14 contiki-z1.a(rpl-dag.o)
 .any.text.set_ip_from_prefix
                0x0000af68       0x30 contiki-z1.a(rpl-dag.o)
 .any.text.check_prefix
                0x0000af98       0x70 contiki-z1.a(rpl-dag.o)
 .any.text.rpl_set_preferred_parent
                0x0000b008       0x2c contiki-z1.a(rpl-dag.o)
 .any.text.rpl_dag_init
                0x0000b034        0xe contiki-z1.a(rpl-dag.o)
                0x0000b034                rpl_dag_init
 .any.text.rpl_get_parent
                0x0000b042        0xc contiki-z1.a(rpl-dag.o)
                0x0000b042                rpl_get_parent
 .any.text.rpl_rank_via_parent
                0x0000b04e       0x2a contiki-z1.a(rpl-dag.o)
                0x0000b04e                rpl_rank_via_parent
 .any.text.rpl_get_parent_lladdr
                0x0000b078        0xc contiki-z1.a(rpl-dag.o)
                0x0000b078                rpl_get_parent_lladdr
 .any.text.rpl_get_parent_ipaddr
                0x0000b084        0xa contiki-z1.a(rpl-dag.o)
                0x0000b084                rpl_get_parent_ipaddr
 .any.text.rpl_get_parent_link_stats
                0x0000b08e        0xa contiki-z1.a(rpl-dag.o)
                0x0000b08e                rpl_get_parent_link_stats
 .any.text.rpl_parent_is_fresh
                0x0000b098        0xa contiki-z1.a(rpl-dag.o)
                0x0000b098                rpl_parent_is_fresh
 .any.text.best_parent
                0x0000b0a2       0x72 contiki-z1.a(rpl-dag.o)
 .any.text.rpl_parent_is_reachable
                0x0000b114       0x4a contiki-z1.a(rpl-dag.o)
                0x0000b114                rpl_parent_is_reachable
 .any.text.rpl_set_prefix
                0x0000b15e       0x74 contiki-z1.a(rpl-dag.o)
                0x0000b15e                rpl_set_prefix
 .any.text.rpl_set_default_route
                0x0000b1d2       0x3a contiki-z1.a(rpl-dag.o)
                0x0000b1d2                rpl_set_default_route
 .any.text.rpl_alloc_instance
                0x0000b20c       0x34 contiki-z1.a(rpl-dag.o)
                0x0000b20c                rpl_alloc_instance
 .any.text.rpl_add_parent
                0x0000b240       0x3a contiki-z1.a(rpl-dag.o)
                0x0000b240                rpl_add_parent
 .any.text.rpl_find_parent
                0x0000b27a       0x1a contiki-z1.a(rpl-dag.o)
                0x0000b27a                rpl_find_parent
 .any.text.rpl_find_parent_any_dag
                0x0000b294       0x22 contiki-z1.a(rpl-dag.o)
                0x0000b294                rpl_find_parent_any_dag
 .any.text.rpl_select_parent
                0x0000b2b6       0x62 contiki-z1.a(rpl-dag.o)
                0x0000b2b6                rpl_select_parent
 .any.text.rpl_select_dag
                0x0000b318      0x192 contiki-z1.a(rpl-dag.o)
                0x0000b318                rpl_select_dag
 .any.text.rpl_nullify_parent
                0x0000b4aa       0x5c contiki-z1.a(rpl-dag.o)
                0x0000b4aa                rpl_nullify_parent
 .any.text.rpl_remove_parent
                0x0000b506       0x16 contiki-z1.a(rpl-dag.o)
                0x0000b506                rpl_remove_parent
 .any.text.nbr_callback
                0x0000b51c        0x6 contiki-z1.a(rpl-dag.o)
 .any.text.remove_parents.constprop.4
                0x0000b522       0x2c contiki-z1.a(rpl-dag.o)
 .any.text.rpl_free_dag
                0x0000b54e       0x42 contiki-z1.a(rpl-dag.o)
                0x0000b54e                rpl_free_dag
 .any.text.rpl_move_parent
                0x0000b590       0x60 contiki-z1.a(rpl-dag.o)
                0x0000b590                rpl_move_parent
 .any.text.rpl_get_dag
                0x0000b5f0       0x2a contiki-z1.a(rpl-dag.o)
                0x0000b5f0                rpl_get_dag
 .any.text.rpl_get_any_dag
                0x0000b61a       0x16 contiki-z1.a(rpl-dag.o)
                0x0000b61a                rpl_get_any_dag
 .any.text.rpl_get_instance
                0x0000b630       0x16 contiki-z1.a(rpl-dag.o)
                0x0000b630                rpl_get_instance
 .any.text.rpl_alloc_dag
                0x0000b646       0x60 contiki-z1.a(rpl-dag.o)
                0x0000b646                rpl_alloc_dag
 .any.text.rpl_repair_root
                0x0000b6a6       0x4c contiki-z1.a(rpl-dag.o)
                0x0000b6a6                rpl_repair_root
 .any.text.rpl_find_of
                0x0000b6f2       0x10 contiki-z1.a(rpl-dag.o)
                0x0000b6f2                rpl_find_of
 .any.text.rpl_join_instance
                0x0000b702      0x142 contiki-z1.a(rpl-dag.o)
                0x0000b702                rpl_join_instance
 .any.text.rpl_local_repair
                0x0000b844       0x6a contiki-z1.a(rpl-dag.o)
                0x0000b844                rpl_local_repair
 .any.text.rpl_process_parent_event
                0x0000b8ae       0xa8 contiki-z1.a(rpl-dag.o)
                0x0000b8ae                rpl_process_parent_event
 .any.text.rpl_recalculate_ranks
                0x0000b956       0x44 contiki-z1.a(rpl-dag.o)
                0x0000b956                rpl_recalculate_ranks
 .any.text.rpl_process_dio
                0x0000b99a      0x2ea contiki-z1.a(rpl-dag.o)
                0x0000b99a                rpl_process_dio
 .any.text.handle_unicast_dio_timer
                0x0000bc84       0x1c contiki-z1.a(rpl-timers.o)
 .any.text.new_dio_interval
                0x0000bca0       0x8a contiki-z1.a(rpl-timers.o)
 .any.text.set_dao_lifetime_timer
                0x0000bd2a       0x7e contiki-z1.a(rpl-timers.o)
 .any.text.handle_periodic_timer
                0x0000bda8       0x50 contiki-z1.a(rpl-timers.o)
 .any.text.schedule_dao
                0x0000bdf8       0x72 contiki-z1.a(rpl-timers.o)
 .any.text.handle_dio_timer
                0x0000be6a       0x88 contiki-z1.a(rpl-timers.o)
 .any.text.handle_dao_timer
                0x0000bef2       0x64 contiki-z1.a(rpl-timers.o)
 .any.text.rpl_reset_periodic_timer
                0x0000bf56       0x54 contiki-z1.a(rpl-timers.o)
                0x0000bf56                rpl_reset_periodic_timer
 .any.text.rpl_reset_dio_timer
                0x0000bfaa       0x18 contiki-z1.a(rpl-timers.o)
                0x0000bfaa                rpl_reset_dio_timer
 .any.text.rpl_schedule_dao
                0x0000bfc2        0xc contiki-z1.a(rpl-timers.o)
                0x0000bfc2                rpl_schedule_dao
 .any.text.rpl_schedule_unicast_dio_immediately
                0x0000bfce       0x16 contiki-z1.a(rpl-timers.o)
                0x0000bfce                rpl_schedule_unicast_dio_immediately
 .any.text.get_probing_delay
                0x0000bfe4       0x40 contiki-z1.a(rpl-timers.o)
                0x0000bfe4                get_probing_delay
 .any.text.get_probing_target
                0x0000c024       0xe2 contiki-z1.a(rpl-timers.o)
                0x0000c024                get_probing_target
 .any.text.rpl_schedule_probing
                0x0000c106       0x26 contiki-z1.a(rpl-timers.o)
                0x0000c106                rpl_schedule_probing
 .any.text.handle_probing_timer
                0x0000c12c       0x34 contiki-z1.a(rpl-timers.o)
 .any.text.update_hbh_header
                0x0000c160       0xcc contiki-z1.a(rpl-ext-header.)
 .any.text.insert_hbh_header
                0x0000c22c       0x94 contiki-z1.a(rpl-ext-header.)
 .any.text.rpl_verify_hbh_header
                0x0000c2c0       0xf4 contiki-z1.a(rpl-ext-header.)
                0x0000c2c0                rpl_verify_hbh_header
 .any.text.rpl_remove_header
                0x0000c3b4       0x76 contiki-z1.a(rpl-ext-header.)
                0x0000c3b4                rpl_remove_header
 .any.text.rpl_update_header
                0x0000c42a       0x60 contiki-z1.a(rpl-ext-header.)
                0x0000c42a                rpl_update_header
 .any.text.rpl_get_mode
                0x0000c48a        0x6 contiki-z1.a(rpl.o)
                0x0000c48a                rpl_get_mode
 .any.text.rpl_purge_routes
                0x0000c490       0x94 contiki-z1.a(rpl.o)
                0x0000c490                rpl_purge_routes
 .any.text.rpl_remove_routes
                0x0000c524       0x22 contiki-z1.a(rpl.o)
                0x0000c524                rpl_remove_routes
 .any.text.rpl_remove_routes_by_nexthop
                0x0000c546       0x3e contiki-z1.a(rpl.o)
                0x0000c546                rpl_remove_routes_by_nexthop
 .any.text.rpl_add_route
                0x0000c584       0x5c contiki-z1.a(rpl.o)
                0x0000c584                rpl_add_route
 .any.text.rpl_link_neighbor_callback
                0x0000c5e0       0x4c contiki-z1.a(rpl.o)
                0x0000c5e0                rpl_link_neighbor_callback
 .any.text.rpl_ipv6_neighbor_callback
                0x0000c62c       0x1e contiki-z1.a(rpl.o)
                0x0000c62c                rpl_ipv6_neighbor_callback
 .any.text.rpl_purge_dags
                0x0000c64a       0x3e contiki-z1.a(rpl.o)
                0x0000c64a                rpl_purge_dags
 .any.text.rpl_init
                0x0000c688       0x44 contiki-z1.a(rpl.o)
                0x0000c688                rpl_init
 .any.text.reset
                0x0000c6cc        0x2 contiki-z1.a(rpl-mrhof.o)
 .any.text.update_metric_container
                0x0000c6ce        0x6 contiki-z1.a(rpl-mrhof.o)
 .any.text.parent_link_metric
                0x0000c6d4       0x10 contiki-z1.a(rpl-mrhof.o)
 .any.text.parent_has_usable_link
                0x0000c6e4       0x14 contiki-z1.a(rpl-mrhof.o)
 .any.text.best_dag
                0x0000c6f8       0x2e contiki-z1.a(rpl-mrhof.o)
 .any.text.parent_path_cost
                0x0000c726       0x40 contiki-z1.a(rpl-mrhof.o)
 .any.text.parent_is_acceptable
                0x0000c766       0x2a contiki-z1.a(rpl-mrhof.o)
 .any.text.rank_via_parent
                0x0000c790       0x4e contiki-z1.a(rpl-mrhof.o)
 .any.text.best_parent
                0x0000c7de       0x76 contiki-z1.a(rpl-mrhof.o)
 .any.text.get32
                0x0000c854       0x3e contiki-z1.a(rpl-icmp6.o)
 .any.text.set32
                0x0000c892       0x2a contiki-z1.a(rpl-icmp6.o)
 .any.text.get16
                0x0000c8bc        0xe contiki-z1.a(rpl-icmp6.o)
 .any.text.set16
                0x0000c8ca       0x10 contiki-z1.a(rpl-icmp6.o)
 .any.text.dao_ack_input
                0x0000c8da        0xa contiki-z1.a(rpl-icmp6.o)
 .any.text.dio_input
                0x0000c8e4      0x280 contiki-z1.a(rpl-icmp6.o)
 .any.text.rpl_icmp6_update_nbr_table
                0x0000cb64       0x28 contiki-z1.a(rpl-icmp6.o)
                0x0000cb64                rpl_icmp6_update_nbr_table
 .any.text.dao_input
                0x0000cb8c      0x2c2 contiki-z1.a(rpl-icmp6.o)
 .any.text.dis_output
                0x0000ce4e       0x50 contiki-z1.a(rpl-icmp6.o)
                0x0000ce4e                dis_output
 .any.text.dio_output
                0x0000ce9e      0x24c contiki-z1.a(rpl-icmp6.o)
                0x0000ce9e                dio_output
 .any.text.dis_input
                0x0000d0ea       0x3e contiki-z1.a(rpl-icmp6.o)
 .any.text.dao_output_target
                0x0000d128       0xe6 contiki-z1.a(rpl-icmp6.o)
                0x0000d128                dao_output_target
 .any.text.dao_output
                0x0000d20e       0x9e contiki-z1.a(rpl-icmp6.o)
                0x0000d20e                dao_output
 .any.text.rpl_icmp6_register_handlers
                0x0000d2ac       0x22 contiki-z1.a(rpl-icmp6.o)
                0x0000d2ac                rpl_icmp6_register_handlers
 .any.text.queuebuf_init
                0x0000d2ce       0x12 contiki-z1.a(queuebuf.o)
                0x0000d2ce                queuebuf_init
 .any.text.queuebuf_numfree
                0x0000d2e0        0xa contiki-z1.a(queuebuf.o)
                0x0000d2e0                queuebuf_numfree
 .any.text.queuebuf_new_from_packetbuf
                0x0000d2ea       0x4e contiki-z1.a(queuebuf.o)
                0x0000d2ea                queuebuf_new_from_packetbuf
 .any.text.queuebuf_free
                0x0000d338       0x2a contiki-z1.a(queuebuf.o)
                0x0000d338                queuebuf_free
 .any.text.queuebuf_to_packetbuf
                0x0000d362       0x32 contiki-z1.a(queuebuf.o)
                0x0000d362                queuebuf_to_packetbuf
 .any.text.key_from_index
                0x0000d394       0x18 contiki-z1.a(nbr-table.o)
 .any.text.item_from_index
                0x0000d3ac       0x2a contiki-z1.a(nbr-table.o)
 .any.text.index_from_key
                0x0000d3d6       0x26 contiki-z1.a(nbr-table.o)
 .any.text.index_from_item
                0x0000d3fc       0x1e contiki-z1.a(nbr-table.o)
 .any.text.nbr_set_bit
                0x0000d41a       0x50 contiki-z1.a(nbr-table.o)
 .any.text.index_from_lladdr
                0x0000d46a       0x3e contiki-z1.a(nbr-table.o)
 .any.text.nbr_get_bit.constprop.0
                0x0000d4a8       0x2c contiki-z1.a(nbr-table.o)
 .any.text.remove_key
                0x0000d4d4       0x56 contiki-z1.a(nbr-table.o)
 .any.text.nbr_table_register
                0x0000d52a       0x26 contiki-z1.a(nbr-table.o)
                0x0000d52a                nbr_table_register
 .any.text.nbr_table_next
                0x0000d550       0x3a contiki-z1.a(nbr-table.o)
                0x0000d550                nbr_table_next
 .any.text.nbr_table_head
                0x0000d58a       0x36 contiki-z1.a(nbr-table.o)
                0x0000d58a                nbr_table_head
 .any.text.nbr_table_add_lladdr
                0x0000d5c0       0xfc contiki-z1.a(nbr-table.o)
                0x0000d5c0                nbr_table_add_lladdr
 .any.text.nbr_table_get_from_lladdr
                0x0000d6bc       0x28 contiki-z1.a(nbr-table.o)
                0x0000d6bc                nbr_table_get_from_lladdr
 .any.text.nbr_table_remove
                0x0000d6e4       0x2a contiki-z1.a(nbr-table.o)
                0x0000d6e4                nbr_table_remove
 .any.text.nbr_table_lock
                0x0000d70e       0x10 contiki-z1.a(nbr-table.o)
                0x0000d70e                nbr_table_lock
 .any.text.nbr_table_unlock
                0x0000d71e       0x10 contiki-z1.a(nbr-table.o)
                0x0000d71e                nbr_table_unlock
 .any.text.nbr_table_get_lladdr
                0x0000d72e       0x14 contiki-z1.a(nbr-table.o)
                0x0000d72e                nbr_table_get_lladdr
 .any.text.nbr_table_update_lladdr
                0x0000d742       0x48 contiki-z1.a(nbr-table.o)
                0x0000d742                nbr_table_update_lladdr
 .any.text.packetbuf_hdrreduce
                0x0000d78a       0x1a contiki-z1.a(packetbuf.o)
                0x0000d78a                packetbuf_hdrreduce
 .any.text.packetbuf_set_datalen
                0x0000d7a4        0x6 contiki-z1.a(packetbuf.o)
                0x0000d7a4                packetbuf_set_datalen
 .any.text.packetbuf_hdrptr
                0x0000d7aa        0x6 contiki-z1.a(packetbuf.o)
                0x0000d7aa                packetbuf_hdrptr
 .any.text.packetbuf_datalen
                0x0000d7b0        0x6 contiki-z1.a(packetbuf.o)
                0x0000d7b0                packetbuf_datalen
 .any.text.packetbuf_hdrlen
                0x0000d7b6        0xa contiki-z1.a(packetbuf.o)
                0x0000d7b6                packetbuf_hdrlen
 .any.text.packetbuf_dataptr
                0x0000d7c0        0xc contiki-z1.a(packetbuf.o)
                0x0000d7c0                packetbuf_dataptr
 .any.text.packetbuf_copyto
                0x0000d7cc       0x3a contiki-z1.a(packetbuf.o)
                0x0000d7cc                packetbuf_copyto
 .any.text.packetbuf_totlen
                0x0000d806        0xc contiki-z1.a(packetbuf.o)
                0x0000d806                packetbuf_totlen
 .any.text.packetbuf_hdralloc
                0x0000d812       0x3c contiki-z1.a(packetbuf.o)
                0x0000d812                packetbuf_hdralloc
 .any.text.packetbuf_attr_clear
                0x0000d84e       0x28 contiki-z1.a(packetbuf.o)
                0x0000d84e                packetbuf_attr_clear
 .any.text.packetbuf_clear
                0x0000d876       0x12 contiki-z1.a(packetbuf.o)
                0x0000d876                packetbuf_clear
 .any.text.packetbuf_copyfrom
                0x0000d888       0x2a contiki-z1.a(packetbuf.o)
                0x0000d888                packetbuf_copyfrom
 .any.text.packetbuf_attr_copyto
                0x0000d8b2       0x22 contiki-z1.a(packetbuf.o)
                0x0000d8b2                packetbuf_attr_copyto
 .any.text.packetbuf_attr_copyfrom
                0x0000d8d4       0x24 contiki-z1.a(packetbuf.o)
                0x0000d8d4                packetbuf_attr_copyfrom
 .any.text.packetbuf_holds_broadcast
                0x0000d8f8        0xe contiki-z1.a(packetbuf.o)
                0x0000d8f8                packetbuf_holds_broadcast
 .any.text.linkaddr_copy
                0x0000d906        0x8 contiki-z1.a(linkaddr.o)
                0x0000d906                linkaddr_copy
 .any.text.linkaddr_cmp
                0x0000d90e       0x12 contiki-z1.a(linkaddr.o)
                0x0000d90e                linkaddr_cmp
 .any.text.linkaddr_set_node_addr
                0x0000d920        0xc contiki-z1.a(linkaddr.o)
                0x0000d920                linkaddr_set_node_addr
 .any.text.periodic
                0x0000d92c       0x2c contiki-z1.a(link-stats.o)
 .any.text.link_stats_from_lladdr
                0x0000d958        0xc contiki-z1.a(link-stats.o)
                0x0000d958                link_stats_from_lladdr
 .any.text.link_stats_is_fresh
                0x0000d964       0x32 contiki-z1.a(link-stats.o)
                0x0000d964                link_stats_is_fresh
 .any.text.link_stats_packet_sent
                0x0000d996       0xc4 contiki-z1.a(link-stats.o)
                0x0000d996                link_stats_packet_sent
 .any.text.link_stats_input_callback
                0x0000da5a       0xa8 contiki-z1.a(link-stats.o)
                0x0000da5a                link_stats_input_callback
 .any.text.link_stats_init
                0x0000db02       0x22 contiki-z1.a(link-stats.o)
                0x0000db02                link_stats_init
 .any.text.send_packet
                0x0000db24        0x6 contiki-z1.a(nullmac.o)
 .any.text.packet_input
                0x0000db2a        0x6 contiki-z1.a(nullmac.o)
 .any.text.on   0x0000db30        0x6 contiki-z1.a(nullmac.o)
 .any.text.off  0x0000db36        0x6 contiki-z1.a(nullmac.o)
 .any.text.channel_check_interval
                0x0000db3c        0x4 contiki-z1.a(nullmac.o)
 .any.text.init
                0x0000db40        0x2 contiki-z1.a(nullmac.o)
 .any.text.create_frame.isra.0
                0x0000db42      0x114 contiki-z1.a(framer-802154.o)
 .any.text.create
                0x0000dc56        0x8 contiki-z1.a(framer-802154.o)
 .any.text.hdr_length
                0x0000dc5e        0x8 contiki-z1.a(framer-802154.o)
 .any.text.parse
                0x0000dc66       0x9a contiki-z1.a(framer-802154.o)
 .any.text.frame802154_get_pan_id
                0x0000dd00        0x6 contiki-z1.a(frame802154.o)
                0x0000dd00                frame802154_get_pan_id
 .any.text.frame802154_has_panid
                0x0000dd06       0xe0 contiki-z1.a(frame802154.o)
                0x0000dd06                frame802154_has_panid
 .any.text.field_len
                0x0000dde6       0xa8 contiki-z1.a(frame802154.o)
 .any.text.frame802154_is_broadcast_addr
                0x0000de8e       0x28 contiki-z1.a(frame802154.o)
                0x0000de8e                frame802154_is_broadcast_addr
 .any.text.frame802154_hdrlen
                0x0000deb6       0x32 contiki-z1.a(frame802154.o)
                0x0000deb6                frame802154_hdrlen
 .any.text.frame802154_create_fcf
                0x0000dee8       0x6e contiki-z1.a(frame802154.o)
                0x0000dee8                frame802154_create_fcf
 .any.text.frame802154_create
                0x0000df56       0xd4 contiki-z1.a(frame802154.o)
                0x0000df56                frame802154_create
 .any.text.frame802154_parse_fcf
                0x0000e02a       0x8c contiki-z1.a(frame802154.o)
                0x0000e02a                frame802154_parse_fcf
 .any.text.frame802154_parse
                0x0000e0b6      0x15c contiki-z1.a(frame802154.o)
                0x0000e0b6                frame802154_parse
 .any.text.on   0x0000e212        0x6 contiki-z1.a(nullrdc.o)
 .any.text.channel_check_interval
                0x0000e218        0x4 contiki-z1.a(nullrdc.o)
 .any.text.init
                0x0000e21c        0x6 contiki-z1.a(nullrdc.o)
 .any.text.off  0x0000e222       0x10 contiki-z1.a(nullrdc.o)
 .any.text.packet_input
                0x0000e232       0x28 contiki-z1.a(nullrdc.o)
 .any.text.send_one_packet
                0x0000e25a       0x62 contiki-z1.a(nullrdc.o)
 .any.text.send_list
                0x0000e2bc       0x28 contiki-z1.a(nullrdc.o)
 .any.text.send_packet
                0x0000e2e4        0x6 contiki-z1.a(nullrdc.o)
 .any.text.init
                0x0000e2ea        0x2 contiki-z1.a(nullsec.o)
 .any.text.send
                0x0000e2ec        0xa contiki-z1.a(nullsec.o)
 .any.text.input
                0x0000e2f6        0x6 contiki-z1.a(nullsec.o)
 .any.text.i2c_receiveinit
                0x0000e2fc       0x36 contiki-z1.a(i2cmaster.o)
                0x0000e2fc                i2c_receiveinit
 .any.text.i2c_transmitinit
                0x0000e332       0x30 contiki-z1.a(i2cmaster.o)
                0x0000e332                i2c_transmitinit
 .any.text.i2c_receive_n
                0x0000e362       0x3e contiki-z1.a(i2cmaster.o)
                0x0000e362                i2c_receive_n
 .any.text.i2c_busy
                0x0000e3a0        0xa contiki-z1.a(i2cmaster.o)
                0x0000e3a0                i2c_busy
 .any.text.i2c_enable
                0x0000e3aa       0x22 contiki-z1.a(i2cmaster.o)
                0x0000e3aa                i2c_enable
 .any.text.i2c_transmit_n
                0x0000e3cc       0x14 contiki-z1.a(i2cmaster.o)
                0x0000e3cc                i2c_transmit_n
 .any.text.stimer_set
                0x0000e3e0       0x1c contiki-z1.a(stimer.o)
                0x0000e3e0                stimer_set
 .any.text.stimer_expired
                0x0000e3fc       0x30 contiki-z1.a(stimer.o)
                0x0000e3fc                stimer_expired
 .any.text.echo_reply_input
                0x0000e42c       0xaa contiki-z1.a(uip-icmp6.o)
 .any.text.echo_request_input
                0x0000e4d6       0xca contiki-z1.a(uip-icmp6.o)
 .any.text.uip_icmp6_input
                0x0000e5a0       0x44 contiki-z1.a(uip-icmp6.o)
                0x0000e5a0                uip_icmp6_input
 .any.text.uip_icmp6_register_input_handler
                0x0000e5e4        0xc contiki-z1.a(uip-icmp6.o)
                0x0000e5e4                uip_icmp6_register_input_handler
 .any.text.uip_icmp6_error_output
                0x0000e5f0      0x16e contiki-z1.a(uip-icmp6.o)
                0x0000e5f0                uip_icmp6_error_output
 .any.text.uip_icmp6_send
                0x0000e75e       0x84 contiki-z1.a(uip-icmp6.o)
                0x0000e75e                uip_icmp6_send
 .any.text.uip_icmp6_init
                0x0000e7e2       0x12 contiki-z1.a(uip-icmp6.o)
                0x0000e7e2                uip_icmp6_init
 .any.text.update_nbr
                0x0000e7f4       0xda contiki-z1.a(rpl-nbr-policy.)
 .any.text.handle_periodic_timer
                0x0000e8ce        0xe contiki-z1.a(rpl-nbr-policy.)
 .any.text.find_removable_dis
                0x0000e8dc       0x16 contiki-z1.a(rpl-nbr-policy.)
                0x0000e8dc                find_removable_dis
 .any.text.find_removable_dio
                0x0000e8f2       0x3c contiki-z1.a(rpl-nbr-policy.)
                0x0000e8f2                find_removable_dio
 .any.text.find_removable_dao
                0x0000e92e       0x34 contiki-z1.a(rpl-nbr-policy.)
                0x0000e92e                find_removable_dao
 .any.text.rpl_nbr_policy_find_removable
                0x0000e962       0x30 contiki-z1.a(rpl-nbr-policy.)
                0x0000e962                rpl_nbr_policy_find_removable
 .any.text.mac_call_sent_callback
                0x0000e992       0x14 contiki-z1.a(mac.o)
                0x0000e992                mac_call_sent_callback

.rodata         0x0000e9a8      0x713
                0x0000e9a8                . = ALIGN (0x2)
 *(.rodata .rodata.* .gnu.linkonce.r.*)
 .rodata.process_thread_er_example_server
                0x0000e9a8       0x14 coap-server.co
 .rodata.autostart_processes
                0x0000e9bc        0x4 coap-server.co
                0x0000e9bc                autostart_processes
 .rodata        0x0000e9c0       0x16 coap-server.co
 .rodata        0x0000e9d6       0x1d obj_z1/res-toggle.o
 .rodata.res_get_handler
                0x0000e9f3        0xa obj_z1/res-event.o
 .rodata        0x0000e9fd       0x17 obj_z1/res-event.o
 .rodata.res_get_handler
                0x0000ea14        0xb obj_z1/res-separate.o
 .rodata        0x0000ea1f       0x16 obj_z1/res-separate.o
 .rodata        0x0000ea35      0x110 obj_z1/contiki-z1-main.o
 .rodata.coap_serialize_message
                0x0000eb45       0x2f contiki-z1.a(er-coap.o)
 .rodata.coap_parse_message
                0x0000eb74       0x7f contiki-z1.a(er-coap.o)
 .rodata        0x0000ebf3        0x1 contiki-z1.a(er-coap.o)
 .rodata.process_thread_coap_engine
                0x0000ebf4       0x52 contiki-z1.a(er-coap-engine.)
 .rodata        0x0000ec46       0x14 contiki-z1.a(er-coap-engine.)
 .rodata.coap_rest_implementation
                0x0000ec5a       0xb6 contiki-z1.a(er-coap-engine.)
                0x0000ec5a                coap_rest_implementation
 .rodata.coap_observe_handler
                0x0000ed10       0x11 contiki-z1.a(er-coap-observe)
 .rodata.coap_separate_reject
                0x0000ed21        0xd contiki-z1.a(er-coap-separat)
 .rodata.well_known_core_get_handler
                0x0000ed2e       0x13 contiki-z1.a(er-coap-res-wel)
 .rodata        0x0000ed41        0x6 contiki-z1.a(er-coap-res-wel)
 .rodata.classify_notification
                0x0000ed47       0x4f contiki-z1.a(er-coap-observe)
 .rodata.coap_get_obs_subject_by_token
                0x0000ed96       0x1e contiki-z1.a(er-coap-observe)
 .rodata.coap_handle_notification
                0x0000edb4       0xe0 contiki-z1.a(er-coap-observe)
 .rodata        0x0000ee94        0xc contiki-z1.a(rest-engine.o)
 .rodata.get_value
                0x0000eea0       0x44 contiki-z1.a(cc2420.o)
 .rodata.set_value
                0x0000eee4       0x20 contiki-z1.a(cc2420.o)
 .rodata.cc2420_driver
                0x0000ef04       0x38 contiki-z1.a(cc2420.o)
                0x0000ef04                cc2420_driver
 .rodata        0x0000ef3c        0xe contiki-z1.a(cc2420.o)
 .rodata.output_power
                0x0000ef4a       0x10 contiki-z1.a(cc2420.o)