Archive member included because of file (symbol)

contiki-wismote.a(mqtt.o)     mqtt-client.co (mqtt_register)
contiki-wismote.a(contiki-wismote)
                              obj_wismote/contiki-wismote-main.o (init_platform)
contiki-wismote.a(button-sensor.o)
                              contiki-wismote.a(contiki-wismote) (button_sensor)
contiki-wismote.a(xmem.o)     obj_wismote/contiki-wismote-main.o (xmem_init)
contiki-wismote.a(node-id.o)  obj_wismote/contiki-wismote-main.o (node_id_restore)
contiki-wismote.a(sensors.o)  mqtt-client.co (sensors_event)
contiki-wismote.a(cc2520.o)   obj_wismote/contiki-wismote-main.o (cc2520_set_channel)
contiki-wismote.a(cc2520-arch.o)
                              contiki-wismote.a(cc2520.o) (cc2520_arch_init)
contiki-wismote.a(uart1.o)    obj_wismote/contiki-wismote-main.o (uart1_active)
contiki-wismote.a(uart1-putchar.o)
                              obj_wismote/contiki-wismote-main.o (putchar)
contiki-wismote.a(msp430.o)   obj_wismote/contiki-wismote-main.o (msp430_cpu_init)
contiki-wismote.a(clock.o)    obj_wismote/contiki-wismote-main.o (clock_init)
contiki-wismote.a(leds.o)     obj_wismote/contiki-wismote-main.o (leds_init)
contiki-wismote.a(leds-arch.o)
                              contiki-wismote.a(leds.o) (leds_arch_init)
contiki-wismote.a(watchdog.o)
                              obj_wismote/contiki-wismote-main.o (watchdog_start)
contiki-wismote.a(rtimer-arch.o)
                              obj_wismote/contiki-wismote-main.o (rtimer_arch_now)
contiki-wismote.a(autostart.o)
                              obj_wismote/contiki-wismote-main.o (autostart_start)
contiki-wismote.a(energest.o)
                              obj_wismote/contiki-wismote-main.o (energest_init)
contiki-wismote.a(etimer.o)   contiki-wismote.a(clock.o) (etimer_request_poll)
contiki-wismote.a(ctimer.o)   obj_wismote/contiki-wismote-main.o (ctimer_init)
contiki-wismote.a(process.o)  contiki-wismote.a(mqtt.o) (process_current)
contiki-wismote.a(rtimer.o)   obj_wismote/contiki-wismote-main.o (rtimer_init)
contiki-wismote.a(timer.o)    mqtt-client.co (timer_set)
contiki-wismote.a(list.o)     contiki-wismote.a(mqtt.o) (list_init)
contiki-wismote.a(random.o)   obj_wismote/contiki-wismote-main.o (random_init)
contiki-wismote.a(uip-icmp6.o)
                              mqtt-client.co (uip_icmp6_send)
contiki-wismote.a(uip-ds6.o)  contiki-wismote.a(uip-icmp6.o) (uip_ds6_if)
contiki-wismote.a(uip-ds6-route.o)
                              contiki-wismote.a(uip-ds6.o) (uip_ds6_route_init)
contiki-wismote.a(uip6.o)     contiki-wismote.a(uip-icmp6.o) (uip_aligned_buf)
contiki-wismote.a(uip-ds6-nbr.o)
                              contiki-wismote.a(uip-ds6.o) (uip_ds6_neighbors_init)
contiki-wismote.a(uip-nd6.o)  contiki-wismote.a(uip6.o) (uip_nd6_init)
contiki-wismote.a(sicslowpan.o)
                              mqtt-client.co (sicslowpan_get_last_rssi)
contiki-wismote.a(uip-debug.o)
                              contiki-wismote.a(uip-ds6-route.o) (uip_debug_ipaddr_print)
contiki-wismote.a(tcp-socket.o)
                              contiki-wismote.a(mqtt.o) (tcp_socket_register)
contiki-wismote.a(uiplib.o)   contiki-wismote.a(mqtt.o) (uiplib_ip6addrconv)
contiki-wismote.a(tcpip.o)    contiki-wismote.a(sicslowpan.o) (tcpip_set_outputfunc)
contiki-wismote.a(rpl-dag.o)  contiki-wismote.a(tcpip.o) (rpl_repair_root)
contiki-wismote.a(rpl-timers.o)
                              contiki-wismote.a(rpl-dag.o) (rpl_reset_dio_timer)
contiki-wismote.a(rpl-ext-header.)
                              contiki-wismote.a(uip6.o) (rpl_verify_hbh_header)
contiki-wismote.a(rpl.o)      contiki-wismote.a(rpl-timers.o) (rpl_get_mode)
contiki-wismote.a(rpl-mrhof.o)
                              contiki-wismote.a(rpl-dag.o) (rpl_mrhof)
contiki-wismote.a(rpl-icmp6.o)
                              contiki-wismote.a(rpl-dag.o) (rpl_icmp6_update_nbr_table)
contiki-wismote.a(queuebuf.o)
                              obj_wismote/contiki-wismote-main.o (queuebuf_init)
contiki-wismote.a(nbr-table.o)
                              contiki-wismote.a(uip-ds6-route.o) (nbr_table_register)
contiki-wismote.a(packetbuf.o)
                              contiki-wismote.a(cc2520.o) (packetbuf_set_datalen)
contiki-wismote.a(linkaddr.o)
                              obj_wismote/contiki-wismote-main.o (linkaddr_copy)
contiki-wismote.a(link-stats.o)
                              contiki-wismote.a(rpl-dag.o) (link_stats_from_lladdr)
contiki-wismote.a(framer-802154.o)
                              contiki-wismote.a(sicslowpan.o) (framer_802154)
contiki-wismote.a(frame802154.o)
                              contiki-wismote.a(framer-802154.o) (frame802154_get_pan_id)
contiki-wismote.a(csma.o)     obj_wismote/contiki-wismote-main.o (csma_driver)
contiki-wismote.a(nullrdc.o)  obj_wismote/contiki-wismote-main.o (nullrdc_driver)
contiki-wismote.a(nullsec.o)  contiki-wismote.a(sicslowpan.o) (nullsec_driver)
[...]
Memory Configuration

Name             Origin             Length             Attributes
sfr              0x00000000         0x00000010
peripheral_8bit  0x00000010         0x000000f0
peripheral_16bit 0x00000100         0x00000100
bsl              0x00001000         0x00000800
infomem          0x00001800         0x00000200
infod            0x00001800         0x00000080
infoc            0x00001880         0x00000080
infob            0x00001900         0x00000080
infoa            0x00001980         0x00000080
ram              0x00001c00         0x00004000         xw
rom              0x00005c00         0x0000a380         xr
vectors          0x0000ff80         0x00000080
far_rom          0x00010000         0x00035c00
ram2             0x00000000         0x00000000         xw
ram_mirror       0x00000000         0x00000000         xw
usbram           0x00000000         0x00000000         xw
*default*        0x00000000         0xffffffff

Linker script and memory map

LOAD /opt/msp430-gcc/bin/../lib/gcc/msp430/4.7.0/mcpu-430x/mmpy-16/msr20/mc20/crt0ivtbl64.o
LOAD mqtt-client.co
LOAD obj_wismote/contiki-wismote-main.o
LOAD contiki-wismote.a
LOAD /opt/msp430-gcc/bin/../lib/gcc/msp430/4.7.0/mcpu-430x/mmpy-16/msr20/mc20/libgcc.a
LOAD /opt/msp430-gcc/bin/../lib/gcc/msp430/4.7.0/../../../../msp430/lib/mcpu-430x/mmpy-16/msr20/mc20/libc.a
LOAD /opt/msp430-gcc/bin/../lib/gcc/msp430/4.7.0/mcpu-430x/mmpy-16/msr20/mc20/libgcc.a
LOAD /opt/msp430-gcc/bin/../lib/gcc/msp430/4.7.0/mcpu-430x/mmpy-16/msr20/mc20/libcrt0.a
                0x00000080                PROVIDE (__info_segment_size, 0x80)
                0x00001800                PROVIDE (__infod, 0x1800)
                0x00001880                PROVIDE (__infoc, 0x1880)
                0x00001900                PROVIDE (__infob, 0x1900)
                0x00001980                PROVIDE (__infoa, 0x1980)
                0x00000700                __ADC12CTL0_L = 0x700
                0x00000701                __ADC12CTL0_H = 0x701
                0x00000700                __ADC12CTL0 = 0x700
                0x00000702                __ADC12CTL1_L = 0x702
                0x00000703                __ADC12CTL1_H = 0x703
                0x00000702                __ADC12CTL1 = 0x702
                0x00000704                __ADC12CTL2_L = 0x704
                0x00000705                __ADC12CTL2_H = 0x705
                0x00000704                __ADC12CTL2 = 0x704
                0x0000070a                __ADC12IFG_L = 0x70a
                0x0000070b                __ADC12IFG_H = 0x70b
                0x0000070a                __ADC12IFG = 0x70a
                0x0000070c                __ADC12IE_L = 0x70c
                0x0000070d                __ADC12IE_H = 0x70d
                0x0000070c                __ADC12IE = 0x70c
                0x0000070e                __ADC12IV_L = 0x70e
                0x0000070f                __ADC12IV_H = 0x70f
                0x0000070e                __ADC12IV = 0x70e
                0x00000720                __ADC12MEM0_L = 0x720
                0x00000721                __ADC12MEM0_H = 0x721
                0x00000720                __ADC12MEM0 = 0x720
                0x00000722                __ADC12MEM1_L = 0x722
                0x00000723                __ADC12MEM1_H = 0x723
                0x00000722                __ADC12MEM1 = 0x722
                0x00000724                __ADC12MEM2_L = 0x724
                0x00000725                __ADC12MEM2_H = 0x725
                0x00000724                __ADC12MEM2 = 0x724
                0x00000726                __ADC12MEM3_L = 0x726
                0x00000727                __ADC12MEM3_H = 0x727
                0x00000726                __ADC12MEM3 = 0x726
                0x00000728                __ADC12MEM4_L = 0x728
                0x00000729                __ADC12MEM4_H = 0x729
                0x00000728                __ADC12MEM4 = 0x728
                0x0000072a                __ADC12MEM5_L = 0x72a
                0x0000072b                __ADC12MEM5_H = 0x72b
                0x0000072a                __ADC12MEM5 = 0x72a
                0x0000072c                __ADC12MEM6_L = 0x72c
                0x0000072d                __ADC12MEM6_H = 0x72d
                0x0000072c                __ADC12MEM6 = 0x72c
                0x0000072e                __ADC12MEM7_L = 0x72e
                0x0000072f                __ADC12MEM7_H = 0x72f
                0x0000072e                __ADC12MEM7 = 0x72e
                0x00000730                __ADC12MEM8_L = 0x730
                0x00000731                __ADC12MEM8_H = 0x731
                0x00000730                __ADC12MEM8 = 0x730
                0x00000732                __ADC12MEM9_L = 0x732
                0x00000733                __ADC12MEM9_H = 0x733
                0x00000732                __ADC12MEM9 = 0x732
                0x00000734                __ADC12MEM10_L = 0x734
                0x00000735                __ADC12MEM10_H = 0x735
                0x00000734                __ADC12MEM10 = 0x734
                0x00000736                __ADC12MEM11_L = 0x736
                0x00000737                __ADC12MEM11_H = 0x737
                0x00000736                __ADC12MEM11 = 0x736
                0x00000738                __ADC12MEM12_L = 0x738
                0x00000739                __ADC12MEM12_H = 0x739
                0x00000738                __ADC12MEM12 = 0x738
                0x0000073a                __ADC12MEM13_L = 0x73a
                0x0000073b                __ADC12MEM13_H = 0x73b
                0x0000073a                __ADC12MEM13 = 0x73a
                0x0000073c                __ADC12MEM14_L = 0x73c
                0x0000073d                __ADC12MEM14_H = 0x73d
                0x0000073c                __ADC12MEM14 = 0x73c
                0x0000073e                __ADC12MEM15_L = 0x73e
                0x0000073f                __ADC12MEM15_H = 0x73f
                0x0000073e                __ADC12MEM15 = 0x73e
                0x00000710                __ADC12MCTL0 = 0x710
                0x00000711                __ADC12MCTL1 = 0x711
                0x00000712                __ADC12MCTL2 = 0x712
                0x00000713                __ADC12MCTL3 = 0x713
                0x00000714                __ADC12MCTL4 = 0x714
                0x00000715                __ADC12MCTL5 = 0x715
                0x00000716                __ADC12MCTL6 = 0x716
                0x00000717                __ADC12MCTL7 = 0x717
                0x00000718                __ADC12MCTL8 = 0x718
                0x00000719                __ADC12MCTL9 = 0x719
                0x0000071a                __ADC12MCTL10 = 0x71a
                0x0000071b                __ADC12MCTL11 = 0x71b
                0x0000071c                __ADC12MCTL12 = 0x71c
                0x0000071d                __ADC12MCTL13 = 0x71d
                0x0000071e                __ADC12MCTL14 = 0x71e
                0x0000071f                __ADC12MCTL15 = 0x71f
                0x00000150                __CRCDI_L = 0x150
                0x00000151                __CRCDI_H = 0x151
                0x00000150                __CRCDI = 0x150
                0x00000154                __CRCINIRES_L = 0x154
                0x00000155                __CRCINIRES_H = 0x155
                0x00000154                __CRCINIRES = 0x154
                0x00000500                __DMACTL0_L = 0x500
                0x00000501                __DMACTL0_H = 0x501
                0x00000500                __DMACTL0 = 0x500
                0x00000502                __DMACTL1_L = 0x502
                0x00000503                __DMACTL1_H = 0x503
                0x00000502                __DMACTL1 = 0x502
                0x00000504                __DMACTL2_L = 0x504
                0x00000505                __DMACTL2_H = 0x505
                0x00000504                __DMACTL2 = 0x504
                0x00000506                __DMACTL3_L = 0x506
                0x00000507                __DMACTL3_H = 0x507
                0x00000506                __DMACTL3 = 0x506
                0x00000508                __DMACTL4_L = 0x508
                0x00000509                __DMACTL4_H = 0x509
                0x00000508                __DMACTL4 = 0x508
                0x0000050e                __DMAIV_L = 0x50e
                0x0000050f                __DMAIV_H = 0x50f
                0x0000050e                __DMAIV = 0x50e
                0x00000510                __DMA0CTL_L = 0x510
                0x00000511                __DMA0CTL_H = 0x511
                0x00000510                __DMA0CTL = 0x510
                0x00000512                __DMA0SA = 0x512
                0x00000516                __DMA0DA = 0x516
                0x0000051a                __DMA0SZ = 0x51a
                0x00000520                __DMA1CTL_L = 0x520
                0x00000521                __DMA1CTL_H = 0x521
                0x00000520                __DMA1CTL = 0x520
                0x00000522                __DMA1SA = 0x522
                0x00000526                __DMA1DA = 0x526
                0x0000052a                __DMA1SZ = 0x52a
                0x00000530                __DMA2CTL_L = 0x530
                0x00000531                __DMA2CTL_H = 0x531
                0x00000530                __DMA2CTL = 0x530
                0x00000532                __DMA2SA = 0x532
                0x00000536                __DMA2DA = 0x536
                0x0000053a                __DMA2SZ = 0x53a
                0x00000140                __FCTL1_L = 0x140
                0x00000141                __FCTL1_H = 0x141
                0x00000140                __FCTL1 = 0x140
                0x00000144                __FCTL3_L = 0x144
                0x00000145                __FCTL3_H = 0x145
                0x00000144                __FCTL3 = 0x144
                0x00000146                __FCTL4_L = 0x146
                0x00000147                __FCTL4_H = 0x147
                0x00000146                __FCTL4 = 0x146
                0x000004c0                __MPY_L = 0x4c0
                0x000004c1                __MPY_H = 0x4c1
                0x000004c0                __MPY = 0x4c0
                0x000004c2                __MPYS_L = 0x4c2
                0x000004c3                __MPYS_H = 0x4c3
                0x000004c2                __MPYS = 0x4c2
                0x000004c4                __MAC_L = 0x4c4
                0x000004c5                __MAC_H = 0x4c5
                0x000004c4                __MAC = 0x4c4
                0x000004c6                __MACS_L = 0x4c6
                0x000004c7                __MACS_H = 0x4c7
                0x000004c6                __MACS = 0x4c6
                0x000004c8                __OP2_L = 0x4c8
                0x000004c9                __OP2_H = 0x4c9
                0x000004c8                __OP2 = 0x4c8
                0x000004ca                __RESLO_L = 0x4ca
                0x000004cb                __RESLO_H = 0x4cb
                0x000004ca                __RESLO = 0x4ca
                0x000004cc                __RESHI_L = 0x4cc
                0x000004cd                __RESHI_H = 0x4cd
                0x000004cc                __RESHI = 0x4cc
                0x000004ce                __SUMEXT_L = 0x4ce
                0x000004cf                __SUMEXT_H = 0x4cf
                0x000004ce                __SUMEXT = 0x4ce
                0x000004d0                __MPY32L_L = 0x4d0
                0x000004d1                __MPY32L_H = 0x4d1
                0x000004d0                __MPY32L = 0x4d0
                0x000004d2                __MPY32H_L = 0x4d2
                0x000004d3                __MPY32H_H = 0x4d3
                0x000004d2                __MPY32H = 0x4d2
                0x000004d4                __MPYS32L_L = 0x4d4
                0x000004d5                __MPYS32L_H = 0x4d5
                0x000004d4                __MPYS32L = 0x4d4
                0x000004d6                __MPYS32H_L = 0x4d6
                0x000004d7                __MPYS32H_H = 0x4d7
                0x000004d6                __MPYS32H = 0x4d6
                0x000004d8                __MAC32L_L = 0x4d8
                0x000004d9                __MAC32L_H = 0x4d9
                0x000004d8                __MAC32L = 0x4d8
                0x000004da                __MAC32H_L = 0x4da
                0x000004db                __MAC32H_H = 0x4db
                0x000004da                __MAC32H = 0x4da
                0x000004dc                __MACS32L_L = 0x4dc
                0x000004dd                __MACS32L_H = 0x4dd
                0x000004dc                __MACS32L = 0x4dc
                0x000004de                __MACS32H_L = 0x4de
                0x000004df                __MACS32H_H = 0x4df
                0x000004de                __MACS32H = 0x4de
                0x000004e0                __OP2L_L = 0x4e0
                0x000004e1                __OP2L_H = 0x4e1
                0x000004e0                __OP2L = 0x4e0
                0x000004e2                __OP2H_L = 0x4e2
                0x000004e3                __OP2H_H = 0x4e3
                0x000004e2                __OP2H = 0x4e2
                0x000004e4                __RES0_L = 0x4e4
                0x000004e5                __RES0_H = 0x4e5
                0x000004e4                __RES0 = 0x4e4
                0x000004e6                __RES1_L = 0x4e6
                0x000004e7                __RES1_H = 0x4e7
                0x000004e6                __RES1 = 0x4e6
                0x000004e8                __RES2_L = 0x4e8
                0x000004e9                __RES2_H = 0x4e9
                0x000004e8                __RES2 = 0x4e8
                0x000004ea                __RES3_L = 0x4ea
                0x000004eb                __RES3_H = 0x4eb
                0x000004ea                __RES3 = 0x4ea
                0x000004ec                __MPY32CTL0_L = 0x4ec
                0x000004ed                __MPY32CTL0_H = 0x4ed
                0x000004ec                __MPY32CTL0 = 0x4ec
                0x00000200                __PAIN_L = 0x200
                0x00000201                __PAIN_H = 0x201
                0x00000200                __PAIN = 0x200
                0x00000202                __PAOUT_L = 0x202
                0x00000203                __PAOUT_H = 0x203
                0x00000202                __PAOUT = 0x202
                0x00000204                __PADIR_L = 0x204
                0x00000205                __PADIR_H = 0x205
                0x00000204                __PADIR = 0x204
                0x00000206                __PAREN_L = 0x206
                0x00000207                __PAREN_H = 0x207
                0x00000206                __PAREN = 0x206
                0x00000208                __PADS_L = 0x208
                0x00000209                __PADS_H = 0x209
                0x00000208                __PADS = 0x208
                0x0000020a                __PASEL_L = 0x20a
                0x0000020b                __PASEL_H = 0x20b
                0x0000020a                __PASEL = 0x20a
                0x00000218                __PAIES_L = 0x218
                0x00000219                __PAIES_H = 0x219
                0x00000218                __PAIES = 0x218
                0x0000021a                __PAIE_L = 0x21a
                0x0000021b                __PAIE_H = 0x21b
                0x0000021a                __PAIE = 0x21a
                0x0000021c                __PAIFG_L = 0x21c
                0x0000021d                __PAIFG_H = 0x21d
                0x0000021c                __PAIFG = 0x21c
                0x0000020e                __P1IV = 0x20e
                0x0000021e                __P2IV = 0x21e
                0x00000220                __PBIN_L = 0x220
                0x00000221                __PBIN_H = 0x221
                0x00000220                __PBIN = 0x220
                0x00000222                __PBOUT_L = 0x222
                0x00000223                __PBOUT_H = 0x223
                0x00000222                __PBOUT = 0x222
                0x00000224                __PBDIR_L = 0x224
                0x00000225                __PBDIR_H = 0x225
                0x00000224                __PBDIR = 0x224
                0x00000226                __PBREN_L = 0x226
                0x00000227                __PBREN_H = 0x227
                0x00000226                __PBREN = 0x226
                0x00000228                __PBDS_L = 0x228
                0x00000229                __PBDS_H = 0x229
                0x00000228                __PBDS = 0x228
                0x0000022a                __PBSEL_L = 0x22a
                0x0000022b                __PBSEL_H = 0x22b
                0x0000022a                __PBSEL = 0x22a
                0x00000240                __PCIN_L = 0x240
                0x00000241                __PCIN_H = 0x241
                0x00000240                __PCIN = 0x240
                0x00000242                __PCOUT_L = 0x242
                0x00000243                __PCOUT_H = 0x243
                0x00000242                __PCOUT = 0x242
                0x00000244                __PCDIR_L = 0x244
                0x00000245                __PCDIR_H = 0x245
                0x00000244                __PCDIR = 0x244
                0x00000246                __PCREN_L = 0x246
                0x00000247                __PCREN_H = 0x247
                0x00000246                __PCREN = 0x246
                0x00000248                __PCDS_L = 0x248
                0x00000249                __PCDS_H = 0x249
                0x00000248                __PCDS = 0x248
                0x0000024a                __PCSEL_L = 0x24a
                0x0000024b                __PCSEL_H = 0x24b
                0x0000024a                __PCSEL = 0x24a
                0x00000260                __PDIN_L = 0x260
                0x00000261                __PDIN_H = 0x261
                0x00000260                __PDIN = 0x260
                0x00000262                __PDOUT_L = 0x262
                0x00000263                __PDOUT_H = 0x263
                0x00000262                __PDOUT = 0x262
                0x00000264                __PDDIR_L = 0x264
                0x00000265                __PDDIR_H = 0x265
                0x00000264                __PDDIR = 0x264
                0x00000266                __PDREN_L = 0x266
                0x00000267                __PDREN_H = 0x267
                0x00000266                __PDREN = 0x266
                0x00000268                __PDDS_L = 0x268
                0x00000269                __PDDS_H = 0x269
                0x00000268                __PDDS = 0x268
                0x0000026a                __PDSEL_L = 0x26a
                0x0000026b                __PDSEL_H = 0x26b
                0x0000026a                __PDSEL = 0x26a
                0x00000280                __PEIN_L = 0x280
                0x00000281                __PEIN_H = 0x281
                0x00000280                __PEIN = 0x280
                0x00000282                __PEOUT_L = 0x282
                0x00000283                __PEOUT_H = 0x283
                0x00000282                __PEOUT = 0x282
                0x00000284                __PEDIR_L = 0x284
                0x00000285                __PEDIR_H = 0x285
                0x00000284                __PEDIR = 0x284
                0x00000286                __PEREN_L = 0x286
                0x00000287                __PEREN_H = 0x287
                0x00000286                __PEREN = 0x286
                0x00000288                __PEDS_L = 0x288
                0x00000289                __PEDS_H = 0x289
                0x00000288                __PEDS = 0x288
                0x0000028a                __PESEL_L = 0x28a
                0x0000028b                __PESEL_H = 0x28b
                0x0000028a                __PESEL = 0x28a
                0x000002a0                __PFIN_L = 0x2a0
                0x000002a1                __PFIN_H = 0x2a1
                0x000002a0                __PFIN = 0x2a0
                0x000002a2                __PFOUT_L = 0x2a2
                0x000002a3                __PFOUT_H = 0x2a3
                0x000002a2                __PFOUT = 0x2a2
                0x000002a4                __PFDIR_L = 0x2a4
                0x000002a5                __PFDIR_H = 0x2a5
                0x000002a4                __PFDIR = 0x2a4
                0x000002a6                __PFREN_L = 0x2a6
                0x000002a7                __PFREN_H = 0x2a7
                0x000002a6                __PFREN = 0x2a6
                0x000002a8                __PFDS_L = 0x2a8
                0x000002a9                __PFDS_H = 0x2a9
                0x000002a8                __PFDS = 0x2a8
                0x000002aa                __PFSEL_L = 0x2aa
                0x000002ab                __PFSEL_H = 0x2ab
                0x000002aa                __PFSEL = 0x2aa
                0x00000320                __PJIN_L = 0x320
                0x00000321                __PJIN_H = 0x321
                0x00000320                __PJIN = 0x320
                0x00000322                __PJOUT_L = 0x322
                0x00000323                __PJOUT_H = 0x323
                0x00000322                __PJOUT = 0x322
                0x00000324                __PJDIR_L = 0x324
                0x00000325                __PJDIR_H = 0x325
                0x00000324                __PJDIR = 0x324
                0x00000326                __PJREN_L = 0x326
                0x00000327                __PJREN_H = 0x327
                0x00000326                __PJREN = 0x326
                0x00000328                __PJDS_L = 0x328
                0x00000329                __PJDS_H = 0x329
                0x00000328                __PJDS = 0x328
                0x00000120                __PMMCTL0_L = 0x120
                0x00000121                __PMMCTL0_H = 0x121
                0x00000120                __PMMCTL0 = 0x120
                0x00000122                __PMMCTL1_L = 0x122
                0x00000123                __PMMCTL1_H = 0x123
                0x00000122                __PMMCTL1 = 0x122
                0x00000124                __SVSMHCTL_L = 0x124
                0x00000125                __SVSMHCTL_H = 0x125
                0x00000124                __SVSMHCTL = 0x124
                0x00000126                __SVSMLCTL_L = 0x126
                0x00000127                __SVSMLCTL_H = 0x127
                0x00000126                __SVSMLCTL = 0x126
                0x00000128                __SVSMIO_L = 0x128
                0x00000129                __SVSMIO_H = 0x129
                0x00000128                __SVSMIO = 0x128
                0x0000012c                __PMMIFG_L = 0x12c
                0x0000012d                __PMMIFG_H = 0x12d
                0x0000012c                __PMMIFG = 0x12c
                0x0000012e                __PMMRIE_L = 0x12e
                0x0000012f                __PMMRIE_H = 0x12f
                0x0000012e                __PMMRIE = 0x12e
                0x00000158                __RCCTL0_L = 0x158
                0x00000159                __RCCTL0_H = 0x159
                0x00000158                __RCCTL0 = 0x158
                0x000004a0                __RTCCTL01_L = 0x4a0
                0x000004a1                __RTCCTL01_H = 0x4a1
                0x000004a0                __RTCCTL01 = 0x4a0
                0x000004a2                __RTCCTL23_L = 0x4a2
                0x000004a3                __RTCCTL23_H = 0x4a3
                0x000004a2                __RTCCTL23 = 0x4a2
                0x000004a8                __RTCPS0CTL_L = 0x4a8
                0x000004a9                __RTCPS0CTL_H = 0x4a9
                0x000004a8                __RTCPS0CTL = 0x4a8
                0x000004aa                __RTCPS1CTL_L = 0x4aa
                0x000004ab                __RTCPS1CTL_H = 0x4ab
                0x000004aa                __RTCPS1CTL = 0x4aa
                0x000004ac                __RTCPS_L = 0x4ac
                0x000004ad                __RTCPS_H = 0x4ad
                0x000004ac                __RTCPS = 0x4ac
                0x000004ae                __RTCIV = 0x4ae
                0x000004b0                __RTCTIM0_L = 0x4b0
                0x000004b1                __RTCTIM0_H = 0x4b1
                0x000004b0                __RTCTIM0 = 0x4b0
                0x000004b2                __RTCTIM1_L = 0x4b2
                0x000004b3                __RTCTIM1_H = 0x4b3
                0x000004b2                __RTCTIM1 = 0x4b2
                0x000004b4                __RTCDATE_L = 0x4b4
                0x000004b5                __RTCDATE_H = 0x4b5
                0x000004b4                __RTCDATE = 0x4b4
                0x000004b6                __RTCYEAR_L = 0x4b6
                0x000004b7                __RTCYEAR_H = 0x4b7
                0x000004b6                __RTCYEAR = 0x4b6
                0x000004b8                __RTCAMINHR_L = 0x4b8
                0x000004b9                __RTCAMINHR_H = 0x4b9
                0x000004b8                __RTCAMINHR = 0x4b8
                0x000004ba                __RTCADOWDAY_L = 0x4ba
                0x000004bb                __RTCADOWDAY_H = 0x4bb
                0x000004ba                __RTCADOWDAY = 0x4ba
                0x00000100                __SFRIE1_L = 0x100
                0x00000101                __SFRIE1_H = 0x101
                0x00000100                __SFRIE1 = 0x100
                0x00000102                __SFRIFG1_L = 0x102
                0x00000103                __SFRIFG1_H = 0x103
                0x00000102                __SFRIFG1 = 0x102
                0x00000104                __SFRRPCR_L = 0x104
                0x00000105                __SFRRPCR_H = 0x105
                0x00000104                __SFRRPCR = 0x104
                0x00000180                __SYSCTL_L = 0x180
                0x00000181                __SYSCTL_H = 0x181
                0x00000180                __SYSCTL = 0x180
                0x00000182                __SYSBSLC_L = 0x182
                0x00000183                __SYSBSLC_H = 0x183
                0x00000182                __SYSBSLC = 0x182
                0x00000186                __SYSJMBC_L = 0x186
                0x00000187                __SYSJMBC_H = 0x187
                0x00000186                __SYSJMBC = 0x186
                0x00000188                __SYSJMBI0_L = 0x188
                0x00000189                __SYSJMBI0_H = 0x189
                0x00000188                __SYSJMBI0 = 0x188
                0x0000018a                __SYSJMBI1_L = 0x18a
                0x0000018b                __SYSJMBI1_H = 0x18b
                0x0000018a                __SYSJMBI1 = 0x18a
                0x0000018c                __SYSJMBO0_L = 0x18c
                0x0000018d                __SYSJMBO0_H = 0x18d
                0x0000018c                __SYSJMBO0 = 0x18c
                0x0000018e                __SYSJMBO1_L = 0x18e
                0x0000018f                __SYSJMBO1_H = 0x18f
                0x0000018e                __SYSJMBO1 = 0x18e
                0x0000019a                __SYSUNIV_L = 0x19a
                0x0000019b                __SYSUNIV_H = 0x19b
                0x0000019a                __SYSUNIV = 0x19a
                0x0000019c                __SYSSNIV_L = 0x19c
                0x0000019d                __SYSSNIV_H = 0x19d
                0x0000019c                __SYSSNIV = 0x19c
                0x0000019e                __SYSRSTIV_L = 0x19e
                0x0000019f                __SYSRSTIV_H = 0x19f
                0x0000019e                __SYSRSTIV = 0x19e
                0x00000340                __TA0CTL = 0x340
                0x00000342                __TA0CCTL0 = 0x342
                0x00000344                __TA0CCTL1 = 0x344
                0x00000346                __TA0CCTL2 = 0x346
                0x00000348                __TA0CCTL3 = 0x348
                0x0000034a                __TA0CCTL4 = 0x34a
                0x00000350                __TA0R = 0x350
                0x00000352                __TA0CCR0 = 0x352
                0x00000354                __TA0CCR1 = 0x354
                0x00000356                __TA0CCR2 = 0x356
                0x00000358                __TA0CCR3 = 0x358
                0x0000035a                __TA0CCR4 = 0x35a
                0x0000036e                __TA0IV = 0x36e
                0x00000360                __TA0EX0 = 0x360
                0x00000380                __TA1CTL = 0x380
                0x00000382                __TA1CCTL0 = 0x382
                0x00000384                __TA1CCTL1 = 0x384
                0x00000386                __TA1CCTL2 = 0x386
                0x00000390                __TA1R = 0x390
                0x00000392                __TA1CCR0 = 0x392
                0x00000394                __TA1CCR1 = 0x394
                0x00000396                __TA1CCR2 = 0x396
                0x000003ae                __TA1IV = 0x3ae
                0x000003a0                __TA1EX0 = 0x3a0
                0x000003c0                __TB0CTL = 0x3c0
                0x000003c2                __TB0CCTL0 = 0x3c2
                0x000003c4                __TB0CCTL1 = 0x3c4
                0x000003c6                __TB0CCTL2 = 0x3c6
                0x000003c8                __TB0CCTL3 = 0x3c8
                0x000003ca                __TB0CCTL4 = 0x3ca
                0x000003cc                __TB0CCTL5 = 0x3cc
                0x000003ce                __TB0CCTL6 = 0x3ce
                0x000003d0                __TB0R = 0x3d0
                0x000003d2                __TB0CCR0 = 0x3d2
                0x000003d4                __TB0CCR1 = 0x3d4
                0x000003d6                __TB0CCR2 = 0x3d6
                0x000003d8                __TB0CCR3 = 0x3d8
                0x000003da                __TB0CCR4 = 0x3da
                0x000003dc                __TB0CCR5 = 0x3dc
                0x000003de                __TB0CCR6 = 0x3de
                0x000003e0                __TB0EX0 = 0x3e0
                0x000003ee                __TB0IV = 0x3ee
                0x00000160                __UCSCTL0_L = 0x160
                0x00000161                __UCSCTL0_H = 0x161
                0x00000160                __UCSCTL0 = 0x160
                0x00000162                __UCSCTL1_L = 0x162
                0x00000163                __UCSCTL1_H = 0x163
                0x00000162                __UCSCTL1 = 0x162
                0x00000164                __UCSCTL2_L = 0x164
                0x00000165                __UCSCTL2_H = 0x165
                0x00000164                __UCSCTL2 = 0x164
                0x00000166                __UCSCTL3_L = 0x166
                0x00000167                __UCSCTL3_H = 0x167
                0x00000166                __UCSCTL3 = 0x166
                0x00000168                __UCSCTL4_L = 0x168
                0x00000169                __UCSCTL4_H = 0x169
                0x00000168                __UCSCTL4 = 0x168
                0x0000016a                __UCSCTL5_L = 0x16a
                0x0000016b                __UCSCTL5_H = 0x16b
                0x0000016a                __UCSCTL5 = 0x16a
                0x0000016c                __UCSCTL6_L = 0x16c
                0x0000016d                __UCSCTL6_H = 0x16d
                0x0000016c                __UCSCTL6 = 0x16c
                0x0000016e                __UCSCTL7_L = 0x16e
                0x0000016f                __UCSCTL7_H = 0x16f
                0x0000016e                __UCSCTL7 = 0x16e
                0x00000170                __UCSCTL8_L = 0x170
                0x00000171                __UCSCTL8_H = 0x171
                0x00000170                __UCSCTL8 = 0x170
                0x000005c0                __UCA0CTLW0_L = 0x5c0
                0x000005c1                __UCA0CTLW0_H = 0x5c1
                0x000005c0                __UCA0CTLW0 = 0x5c0
                0x000005c6                __UCA0BRW_L = 0x5c6
                0x000005c7                __UCA0BRW_H = 0x5c7
                0x000005c6                __UCA0BRW = 0x5c6
                0x000005c8                __UCA0MCTL = 0x5c8
                0x000005ca                __UCA0STAT = 0x5ca
                0x000005cc                __UCA0RXBUF = 0x5cc
                0x000005ce                __UCA0TXBUF = 0x5ce
                0x000005d0                __UCA0ABCTL = 0x5d0
                0x000005d2                __UCA0IRCTL_L = 0x5d2
                0x000005d3                __UCA0IRCTL_H = 0x5d3
                0x000005d2                __UCA0IRCTL = 0x5d2
                0x000005dc                __UCA0ICTL_L = 0x5dc
                0x000005dd                __UCA0ICTL_H = 0x5dd
                0x000005dc                __UCA0ICTL = 0x5dc
                0x000005de                __UCA0IV = 0x5de
                0x000005e0                __UCB0CTLW0_L = 0x5e0
                0x000005e1                __UCB0CTLW0_H = 0x5e1
                0x000005e0                __UCB0CTLW0 = 0x5e0
                0x000005e6                __UCB0BRW_L = 0x5e6
                0x000005e7                __UCB0BRW_H = 0x5e7
                0x000005e6                __UCB0BRW = 0x5e6
                0x000005ea                __UCB0STAT = 0x5ea
                0x000005ec                __UCB0RXBUF = 0x5ec
                0x000005ee                __UCB0TXBUF = 0x5ee
                0x000005f0                __UCB0I2COA_L = 0x5f0
                0x000005f1                __UCB0I2COA_H = 0x5f1
                0x000005f0                __UCB0I2COA = 0x5f0
                0x000005f2                __UCB0I2CSA_L = 0x5f2
                0x000005f3                __UCB0I2CSA_H = 0x5f3
                0x000005f2                __UCB0I2CSA = 0x5f2
                0x000005fc                __UCB0ICTL_L = 0x5fc
                0x000005fd                __UCB0ICTL_H = 0x5fd
                0x000005fc                __UCB0ICTL = 0x5fc
                0x000005fe                __UCB0IV = 0x5fe
                0x00000600                __UCA1CTLW0_L = 0x600
                0x00000601                __UCA1CTLW0_H = 0x601
                0x00000600                __UCA1CTLW0 = 0x600
                0x00000606                __UCA1BRW_L = 0x606
                0x00000607                __UCA1BRW_H = 0x607
                0x00000606                __UCA1BRW = 0x606
                0x00000608                __UCA1MCTL = 0x608
                0x0000060a                __UCA1STAT = 0x60a
                0x0000060c                __UCA1RXBUF = 0x60c
                0x0000060e                __UCA1TXBUF = 0x60e
                0x00000610                __UCA1ABCTL = 0x610
                0x00000612                __UCA1IRCTL_L = 0x612
                0x00000613                __UCA1IRCTL_H = 0x613
                0x00000612                __UCA1IRCTL = 0x612
                0x0000061c                __UCA1ICTL_L = 0x61c
                0x0000061d                __UCA1ICTL_H = 0x61d
                0x0000061c                __UCA1ICTL = 0x61c
                0x0000061e                __UCA1IV = 0x61e
                0x00000620                __UCB1CTLW0_L = 0x620
                0x00000621                __UCB1CTLW0_H = 0x621
                0x00000620                __UCB1CTLW0 = 0x620
                0x00000626                __UCB1BRW_L = 0x626
                0x00000627                __UCB1BRW_H = 0x627
                0x00000626                __UCB1BRW = 0x626
                0x0000062a                __UCB1STAT = 0x62a
                0x0000062c                __UCB1RXBUF = 0x62c
                0x0000062e                __UCB1TXBUF = 0x62e
                0x00000630                __UCB1I2COA_L = 0x630
                0x00000631                __UCB1I2COA_H = 0x631
                0x00000630                __UCB1I2COA = 0x630
                0x00000632                __UCB1I2CSA_L = 0x632
                0x00000633                __UCB1I2CSA_H = 0x633
                0x00000632                __UCB1I2CSA = 0x632
                0x0000063c                __UCB1ICTL_L = 0x63c
                0x0000063d                __UCB1ICTL_H = 0x63d
                0x0000063c                __UCB1ICTL = 0x63c
                0x0000063e                __UCB1IV = 0x63e
                0x0000015c                __WDTCTL_L = 0x15c
                0x0000015d                __WDTCTL_H = 0x15d
                0x0000015c                __WDTCTL = 0x15c

.hash
 *(.hash)

.dynsym
 *(.dynsym)

.dynstr
 *(.dynstr)

.gnu.version
 *(.gnu.version)

.gnu.version_d
 *(.gnu.version_d)

.gnu.version_r
 *(.gnu.version_r)

.rel.init
 *(.rel.init)

.rela.init
 *(.rela.init)

.rel.fini
 *(.rel.fini)

.rela.fini
 *(.rela.fini)

.rel.text
 *(.rel.text .rel.text.* .rel.gnu.linkonce.t.*)

.rela.text
 *(.rela.text .rela.text.* .rela.gnu.linkonce.t.*)

.rel.rodata
 *(.rel.rodata .rel.rodata.* .rel.gnu.linkonce.r.*)

.rela.rodata
 *(.rela.rodata .rela.rodata.* .rela.gnu.linkonce.r.*)

.rel.data
 *(.rel.data .rel.data.* .rel.gnu.linkonce.d.*)

.rela.data
 *(.rela.data .rela.data.* .rela.gnu.linkonce.d.*)

.rel.bss
 *(.rel.bss .rel.bss.* .rel.gnu.linkonce.b.*)

.rela.bss
 *(.rela.bss .rela.bss.* .rela.gnu.linkonce.b.*)

.rel.ctors
 *(.rel.ctors)

.rela.ctors
 *(.rela.ctors)

.rel.dtors
 *(.rel.dtors)

.rela.dtors
 *(.rela.dtors)

.rel.got
 *(.rel.got)

.rela.got
 *(.rela.got)

.rel.plt
 *(.rel.plt)

.rela.plt
 *(.rela.plt)

.text           0x00005c00     0x9d48
                0x00005c00                . = ALIGN (0x2)
 *(.init .init.*)
 *(.init0)
 .init0         0x00005c00        0x0 /opt/msp430-gcc/bin/../lib/gcc/msp430/4.7.0/mcpu-430x/mmpy-16/msr20/mc20/libcrt0.a(_reset_vector__.o)
                0x00005c00                _reset_vector__
 *(.init1)
 .init1         0x00005c00        0xc /opt/msp430-gcc/bin/../lib/gcc/msp430/4.7.0/mcpu-430x/mmpy-16/msr20/mc20/libcrt0.a(__watchdog_support.o)
                0x00005c00                __watchdog_support
 *(.init2)
 .init2         0x00005c0c        0x4 /opt/msp430-gcc/bin/../lib/gcc/msp430/4.7.0/mcpu-430x/mmpy-16/msr20/mc20/libcrt0.a(__init_stack.o)
                0x00005c0c                __init_stack
 *(.init3)
 .init3         0x00005c10        0x0 /opt/msp430-gcc/bin/../lib/gcc/msp430/4.7.0/mcpu-430x/mmpy-16/msr20/mc20/libcrt0.a(__low_level_init.o)
                0x00005c10                __low_level_init
 *(.init4)
 .init4         0x00005c10       0x18 /opt/msp430-gcc/bin/../lib/gcc/msp430/4.7.0/mcpu-430x/mmpy-16/msr20/mc20/libcrt0.a(_copy_data.o)
                0x00005c10                __do_copy_data
 .init4         0x00005c28       0x16 /opt/msp430-gcc/bin/../lib/gcc/msp430/4.7.0/mcpu-430x/mmpy-16/msr20/mc20/libcrt0.a(_clear_bss.o)
                0x00005c28                __do_clear_bss
 *(.init5)
 *(.init6)
 *(.init7)
 *(.init8)
 *(.init9)
 .init9         0x00005c3e      0x31e obj_wismote/contiki-wismote-main.o
                0x00005c3e                main
 *(.fini9)
 .fini9         0x00005f5c        0x0 /opt/msp430-gcc/bin/../lib/gcc/msp430/4.7.0/mcpu-430x/mmpy-16/msr20/mc20/libcrt0.a(__stop_progExec__.o)
                0x00005f5c                __stop_progExec__
 *(.fini8)
 *(.fini7)
 *(.fini6)
 *(.fini5)
 *(.fini4)
 *(.fini3)
 *(.fini2)
 *(.fini1)
 *(.fini0)
 .fini0         0x00005f5c        0x6 /opt/msp430-gcc/bin/../lib/gcc/msp430/4.7.0/mcpu-430x/mmpy-16/msr20/mc20/libcrt0.a(_endless_loop__.o)
                0x00005f5c                _endless_loop__
 *(.fini .fini.*)
                0x00005f62                . = ALIGN (0x2)
                0x00005f62                __ctors_start = .
 *(.ctors)
                0x00005f62                __ctors_end = .
                0x00005f62                __dtors_start = .
 *(.dtors)
                0x00005f62                __dtors_end = .
                0x00005f62                . = ALIGN (0x2)
 *(.text .text.* .gnu.linkonce.t.*)
 .text          0x00005f62        0x4 /opt/msp430-gcc/bin/../lib/gcc/msp430/4.7.0/mcpu-430x/mmpy-16/msr20/mc20/crt0ivtbl64.o
                0x00005f62                __isr_37
                0x00005f62                __isr_51
                0x00005f62                __isr_57
                0x00005f62                __isr_33
                0x00005f62                __isr_32
                0x00005f62                __isr_54
                0x00005f62                __isr_59
                0x00005f62                __isr_39
                0x00005f62                __isr_53
                0x00005f62                __isr_41
                0x00005f62                __isr_60
                0x00005f62                __isr_36
                0x00005f62                __isr_34
                0x00005f62                __isr_44
                0x00005f62                __isr_61
                0x00005f62                __isr_55
                0x00005f62                __isr_43
                0x00005f62                __isr_50
                0x00005f62                __isr_56
                0x00005f62                __isr_38
                0x00005f62                __isr_35
                0x00005f62                __isr_45
                0x00005f62                __isr_62
                0x00005f62                __isr_52
                0x00005f62                __isr_40
 .text.libgcc   0x00005f66       0x22 /opt/msp430-gcc/bin/../lib/gcc/msp430/4.7.0/mcpu-430x/mmpy-16/msr20/mc20/libgcc.a(_udivmod16.o)
                0x00005f66                __udivhi3
                0x00005f66                __ext_udivmod16
                0x00005f80                __umodhi3
 .text.libgcc   0x00005f88       0x3a /opt/msp430-gcc/bin/../lib/gcc/msp430/4.7.0/mcpu-430x/mmpy-16/msr20/mc20/libgcc.a(_divmod16.o)
                0x00005f88                __ext_divmod16
                0x00005f88                __divhi3
                0x00005fba                __modhi3
 .text.libgcc   0x00005fc2       0x38 /opt/msp430-gcc/bin/../lib/gcc/msp430/4.7.0/mcpu-430x/mmpy-16/msr20/mc20/libgcc.a(_udivmod32.o)
                0x00005fc2                __udivsi3
                0x00005fc2                __ext_udivmod32
                0x00005ff0                __umodsi3
 .text.libgcc   0x00005ffa       0x4c /opt/msp430-gcc/bin/../lib/gcc/msp430/4.7.0/mcpu-430x/mmpy-16/msr20/mc20/libgcc.a(_divmod32.o)
                0x00005ffa                __ext_divmod32
                0x00005ffa                __divsi3
                0x0000603c                __modsi3
 .text.printf   0x00006046       0x10 /opt/msp430-gcc/bin/../lib/gcc/msp430/4.7.0/../../../../msp430/lib/mcpu-430x/mmpy-16/msr20/mc20/libc.a(printf.o)
                0x00006046                printf
 .text.append   0x00006056       0x22 /opt/msp430-gcc/bin/../lib/gcc/msp430/4.7.0/../../../../msp430/lib/mcpu-430x/mmpy-16/msr20/mc20/libc.a(sprintf.o)
 .text.call_vuprintf
                0x00006078       0x36 /opt/msp430-gcc/bin/../lib/gcc/msp430/4.7.0/../../../../msp430/lib/mcpu-430x/mmpy-16/msr20/mc20/libc.a(sprintf.o)
 .text.snprintf
                0x000060ae       0x1c /opt/msp430-gcc/bin/../lib/gcc/msp430/4.7.0/../../../../msp430/lib/mcpu-430x/mmpy-16/msr20/mc20/libc.a(sprintf.o)
                0x000060ae                snprintf
 .text.print_field
                0x000060ca      0x176 /opt/msp430-gcc/bin/../lib/gcc/msp430/4.7.0/../../../../msp430/lib/mcpu-430x/mmpy-16/msr20/mc20/libc.a(vuprintf.o)
 .text.vuprintf
                0x00006240      0x74c /opt/msp430-gcc/bin/../lib/gcc/msp430/4.7.0/../../../../msp430/lib/mcpu-430x/mmpy-16/msr20/mc20/libc.a(vuprintf.o)
                0x00006240                vuprintf
 .text.puts     0x0000698c       0x2c /opt/msp430-gcc/bin/../lib/gcc/msp430/4.7.0/../../../../msp430/lib/mcpu-430x/mmpy-16/msr20/mc20/libc.a(puts.o)
                0x0000698c                puts
 .text.rand     0x000069b8       0x26 /opt/msp430-gcc/bin/../lib/gcc/msp430/4.7.0/../../../../msp430/lib/mcpu-430x/mmpy-16/msr20/mc20/libc.a(rand.o)
                0x000069b8                rand
 .text.srand    0x000069de        0xa /opt/msp430-gcc/bin/../lib/gcc/msp430/4.7.0/../../../../msp430/lib/mcpu-430x/mmpy-16/msr20/mc20/libc.a(rand.o)
                0x000069de                srand
 .text.strncmp  0x000069e8       0x2a /opt/msp430-gcc/bin/../lib/gcc/msp430/4.7.0/../../../../msp430/lib/mcpu-430x/mmpy-16/msr20/mc20/libc.a(strncmp.o)
                0x000069e8                strncmp
 .text.memcmp   0x00006a12       0x2c /opt/msp430-gcc/bin/../lib/gcc/msp430/4.7.0/../../../../msp430/lib/mcpu-430x/mmpy-16/msr20/mc20/libc.a(memcmp.o)
                0x00006a12                memcmp
 .text.memcpy   0x00006a3e       0xe8 /opt/msp430-gcc/bin/../lib/gcc/msp430/4.7.0/../../../../msp430/lib/mcpu-430x/mmpy-16/msr20/mc20/libc.a(memcpy.o)
                0x00006a3e                memcpy
 .text.memmove  0x00006b26       0xe8 /opt/msp430-gcc/bin/../lib/gcc/msp430/4.7.0/../../../../msp430/lib/mcpu-430x/mmpy-16/msr20/mc20/libc.a(memmove.o)
                0x00006b26                memmove
 .text.memset   0x00006c0e       0x5c /opt/msp430-gcc/bin/../lib/gcc/msp430/4.7.0/../../../../msp430/lib/mcpu-430x/mmpy-16/msr20/mc20/libc.a(memset.o)
                0x00006c0e                memset
 .text.strncasecmp
                0x00006c6a       0x7c /opt/msp430-gcc/bin/../lib/gcc/msp430/4.7.0/../../../../msp430/lib/mcpu-430x/mmpy-16/msr20/mc20/libc.a(strncasecmp.o)
                0x00006c6a                strncasecmp
 .text.libgcc   0x00006ce6       0x26 /opt/msp430-gcc/bin/../lib/gcc/msp430/4.7.0/mcpu-430x/mmpy-16/msr20/mc20/libgcc.a(_mulsi3.o)
                0x00006ce6                __mulsi3
 .text.libgcc   0x00006d0c       0xbc /opt/msp430-gcc/bin/../lib/gcc/msp430/4.7.0/mcpu-430x/mmpy-16/msr20/mc20/libgcc.a(_udivmod64.o)
                0x00006d0c                __xabi_udivmod64
                0x00006d5e                __udivdi3
                0x00006d78                __umoddi3
                0x00006d9a                __udivmoddi4
 .text.crt0     0x00006dc8        0x2 /opt/msp430-gcc/bin/../lib/gcc/msp430/4.7.0/mcpu-430x/mmpy-16/msr20/mc20/libcrt0.a(_unexpected_.o)
                0x00006dc8                _unexpected_
 *(.near.text .near.text.*)
 .near.text.irq_p2
                0x00006dca       0x74 contiki-wismote.a(button-sensor.o)
                0x00006dca                irq_p2
                0x00006dca                __isr_42
 .near.text.cc2520_port1_interrupt
                0x00006e3e       0x4e contiki-wismote.a(cc2520-arch.o)
                0x00006e3e                __isr_47
                0x00006e3e                cc2520_port1_interrupt
 .near.text.uart1_rx_interrupt
                0x00006e8c       0x6c contiki-wismote.a(uart1.o)
                0x00006e8c                __isr_46
                0x00006e8c                uart1_rx_interrupt
 .near.text.timera1
                0x00006ef8       0xfa contiki-wismote.a(clock.o)
                0x00006ef8                __isr_48
                0x00006ef8                timera1
 .near.text.watchdog_interrupt
                0x00006ff2        0x6 contiki-wismote.a(watchdog.o)
                0x00006ff2                watchdog_interrupt
                0x00006ff2                __isr_58
 .near.text.timera0
                0x00006ff8       0x5c contiki-wismote.a(rtimer-arch.o)
                0x00006ff8                __isr_49
                0x00006ff8                timera0
 .any.text.publish_led_off
                0x00007054        0x8 mqtt-client.co
 .any.text.ping_parent
                0x0000705c       0x1e mqtt-client.co
 .any.text.mqtt_event
                0x0000707a       0xc4 mqtt-client.co
 .any.text.echo_reply_handler
                0x0000713e       0x24 mqtt-client.co
 .any.text.ipaddr_sprintf
                0x00007162       0x9a mqtt-client.co
                0x00007162                ipaddr_sprintf
 .any.text.process_thread_mqtt_demo_process
                0x000071fc      0x5bc mqtt-client.co
 .any.text.encode_remaining_length
                0x000077b8       0x4c contiki-wismote.a(mqtt.o)
 .any.text.call_event
                0x00007804       0x1a contiki-wismote.a(mqtt.o)
 .any.text.reset_packet
                0x0000781e       0x16 contiki-wismote.a(mqtt.o)
 .any.text.handle_publish
                0x00007834       0x2e contiki-wismote.a(mqtt.o)
 .any.text.abort_connection
                0x00007862       0x44 contiki-wismote.a(mqtt.o)
 .any.text.tcp_input
                0x000078a6      0x444 contiki-wismote.a(mqtt.o)
 .any.text.send_out_buffer
                0x00007cea       0x24 contiki-wismote.a(mqtt.o)
 .any.text.write_byte
                0x00007d0e       0x26 contiki-wismote.a(mqtt.o)
 .any.text.string_to_mqtt_string
                0x00007d34       0x26 contiki-wismote.a(mqtt.o)
 .any.text.keep_alive_callback
                0x00007d5a       0x3e contiki-wismote.a(mqtt.o)
 .any.text.write_bytes
                0x00007d98       0x86 contiki-wismote.a(mqtt.o)
 .any.text.connect_tcp
                0x00007e1e       0x6a contiki-wismote.a(mqtt.o)
 .any.text.tcp_event
                0x00007e88       0x92 contiki-wismote.a(mqtt.o)
 .any.text.mqtt_init
                0x00007f1a       0x76 contiki-wismote.a(mqtt.o)
                0x00007f1a                mqtt_init
 .any.text.mqtt_register
                0x00007f90       0x6c contiki-wismote.a(mqtt.o)
                0x00007f90                mqtt_register
 .any.text.mqtt_connect
                0x00007ffc       0x68 contiki-wismote.a(mqtt.o)
                0x00007ffc                mqtt_connect
 .any.text.mqtt_disconnect
                0x00008064       0x1e contiki-wismote.a(mqtt.o)
                0x00008064                mqtt_disconnect
 .any.text.process_thread_mqtt_process
                0x00008082     0x11d0 contiki-wismote.a(mqtt.o)
 .any.text.mqtt_subscribe
                0x00009252       0x5a contiki-wismote.a(mqtt.o)
                0x00009252                mqtt_subscribe
 .any.text.mqtt_publish
                0x000092ac       0x72 contiki-wismote.a(mqtt.o)
                0x000092ac                mqtt_publish
 .any.text.mqtt_set_username_password
                0x0000931e       0x44 contiki-wismote.a(mqtt.o)
                0x0000931e                mqtt_set_username_password
 .any.text.init_platform
                0x00009362        0xc contiki-wismote.a(contiki-wismote)
                0x00009362                init_platform
 .any.text.status
                0x0000936e       0x18 contiki-wismote.a(button-sensor.o)
 .any.text.value
                0x00009386       0x20 contiki-wismote.a(button-sensor.o)
 .any.text.configure
                0x000093a6       0x4c contiki-wismote.a(button-sensor.o)
 .any.text.wait_ready
                0x000093f2       0x72 contiki-wismote.a(xmem.o)
 .any.text.xmem_init
                0x00009464       0x5e contiki-wismote.a(xmem.o)
                0x00009464                xmem_init
 .any.text.xmem_pread
                0x000094c2       0xec contiki-wismote.a(xmem.o)
                0x000094c2                xmem_pread
 .any.text.node_id_restore
                0x000095ae       0x38 contiki-wismote.a(node-id.o)
                0x000095ae                node_id_restore
 .any.text.process_thread_sensors_process
                0x000095e6       0xc2 contiki-wismote.a(sensors.o)
 .any.text.sensors_changed
                0x000096a8       0x2a contiki-wismote.a(sensors.o)
                0x000096a8                sensors_changed
 .any.text.get_value
                0x000096d2       0x4a contiki-wismote.a(cc2520.o)
 .any.text.get_object
                0x0000971c        0x4 contiki-wismote.a(cc2520.o)
 .any.text.set_object
                0x00009720        0x4 contiki-wismote.a(cc2520.o)
 .any.text.cc2520_receiving_packet
                0x00009724        0x8 contiki-wismote.a(cc2520.o)
 .any.text.pending_packet
                0x0000972c        0xe contiki-wismote.a(cc2520.o)
 .any.text.status
                0x0000973a       0x52 contiki-wismote.a(cc2520.o)
 .any.text.strobe
                0x0000978c       0x4e contiki-wismote.a(cc2520.o)
 .any.text.on   0x000097da       0x46 contiki-wismote.a(cc2520.o)
 .any.text.flushrx
                0x00009820       0xf2 contiki-wismote.a(cc2520.o)
 .any.text.off  0x00009912       0x72 contiki-wismote.a(cc2520.o)
 .any.text.RELEASE_LOCK
                0x00009984       0x28 contiki-wismote.a(cc2520.o)
 .any.text.getrxdata
                0x000099ac       0x7e contiki-wismote.a(cc2520.o)
 .any.text.setreg
                0x00009a2a       0x6e contiki-wismote.a(cc2520.o)
 .any.text.cc2520_prepare
                0x00009a98       0xde contiki-wismote.a(cc2520.o)
 .any.text.getreg
                0x00009b76       0x7c contiki-wismote.a(cc2520.o)
 .any.text.cc2520_on
                0x00009bf2       0x22 contiki-wismote.a(cc2520.o)
                0x00009bf2                cc2520_on
 .any.text.cc2520_off
                0x00009c14       0x30 contiki-wismote.a(cc2520.o)
                0x00009c14                cc2520_off
 .any.text.cc2520_cca
                0x00009c44       0x76 contiki-wismote.a(cc2520.o)
 .any.text.cc2520_read
                0x00009cba      0x102 contiki-wismote.a(cc2520.o)
 .any.text.process_thread_cc2520_process
                0x00009dbc       0x54 contiki-wismote.a(cc2520.o)
 .any.text.cc2520_set_channel
                0x00009e10       0x78 contiki-wismote.a(cc2520.o)
                0x00009e10                cc2520_set_channel
 .any.text.set_value
                0x00009e88       0x3c contiki-wismote.a(cc2520.o)
 .any.text.cc2520_set_pan_addr
                0x00009ec4      0x1aa contiki-wismote.a(cc2520.o)
                0x00009ec4                cc2520_set_pan_addr
 .any.text.cc2520_init
                0x0000a06e      0x17a contiki-wismote.a(cc2520.o)
                0x0000a06e                cc2520_init
 .any.text.cc2520_interrupt
                0x0000a1e8       0x1c contiki-wismote.a(cc2520.o)
                0x0000a1e8                cc2520_interrupt
 .any.text.cc2520_get_txpower
                0x0000a204       0x1a contiki-wismote.a(cc2520.o)
                0x0000a204                cc2520_get_txpower
 .any.text.cc2520_transmit
                0x0000a21e      0x148 contiki-wismote.a(cc2520.o)
 .any.text.cc2520_send
                0x0000a366       0x12 contiki-wismote.a(cc2520.o)
 .any.text.cc2520_arch_init
                0x0000a378       0x48 contiki-wismote.a(cc2520-arch.o)
                0x0000a378                cc2520_arch_init
 .any.text.uart1_active
                0x0000a3c0        0xe contiki-wismote.a(uart1.o)
                0x0000a3c0                uart1_active
 .any.text.uart1_writeb
                0x0000a3ce       0x16 contiki-wismote.a(uart1.o)
                0x0000a3ce                uart1_writeb
 .any.text.uart1_init
                0x0000a3e4       0x64 contiki-wismote.a(uart1.o)
                0x0000a3e4                uart1_init
 .any.text.putchar
                0x0000a448       0x10 contiki-wismote.a(uart1-putchar.o)
                0x0000a448                putchar
 .any.text.msp430_init_dco
                0x0000a458       0x20 contiki-wismote.a(msp430.o)
                0x0000a458                msp430_init_dco
 .any.text.msp430_cpu_init
                0x0000a478       0x82 contiki-wismote.a(msp430.o)
                0x0000a478                msp430_cpu_init
 .any.text.splhigh_
                0x0000a4fa        0x8 contiki-wismote.a(msp430.o)
                0x0000a4fa                splhigh_
 .any.text.clock_time
                0x0000a502       0x1a contiki-wismote.a(clock.o)
                0x0000a502                clock_time
 .any.text.clock_init
                0x0000a51c       0x28 contiki-wismote.a(clock.o)
                0x0000a51c                clock_init
 .any.text.clock_delay
                0x0000a544        0xc contiki-wismote.a(clock.o)
                0x0000a544                clock_delay
 .any.text.clock_wait
                0x0000a550       0x24 contiki-wismote.a(clock.o)
                0x0000a550                clock_wait
 .any.text.clock_seconds
                0x0000a574       0x1a contiki-wismote.a(clock.o)
                0x0000a574                clock_seconds
 .any.text.show_leds
                0x0000a58e       0xe8 contiki-wismote.a(leds.o)
 .any.text.leds_init
                0x0000a676        0xa contiki-wismote.a(leds.o)
                0x0000a676                leds_init
 .any.text.leds_on
                0x0000a680        0xa contiki-wismote.a(leds.o)
                0x0000a680                leds_on
 .any.text.leds_off
                0x0000a68a        0xe contiki-wismote.a(leds.o)
                0x0000a68a                leds_off
 .any.text.leds_arch_init
                0x0000a698       0x22 contiki-wismote.a(leds-arch.o)
                0x0000a698                leds_arch_init
 .any.text.leds_arch_set
                0x0000a6ba       0x4c contiki-wismote.a(leds-arch.o)
                0x0000a6ba                leds_arch_set
 .any.text.watchdog_start
                0x0000a706       0x14 contiki-wismote.a(watchdog.o)
                0x0000a706                watchdog_start
 .any.text.watchdog_periodic
                0x0000a71a       0x12 contiki-wismote.a(watchdog.o)
                0x0000a71a                watchdog_periodic
 .any.text.watchdog_stop
                0x0000a72c       0x16 contiki-wismote.a(watchdog.o)
                0x0000a72c                watchdog_stop
 .any.text.watchdog_init
                0x0000a742       0x12 contiki-wismote.a(watchdog.o)
                0x0000a742                watchdog_init
 .any.text.rtimer_arch_init
                0x0000a754        0xe contiki-wismote.a(rtimer-arch.o)
                0x0000a754                rtimer_arch_init
 .any.text.rtimer_arch_now
                0x0000a762        0xe contiki-wismote.a(rtimer-arch.o)
                0x0000a762                rtimer_arch_now
 .any.text.rtimer_arch_schedule
                0x0000a770        0x6 contiki-wismote.a(rtimer-arch.o)
                0x0000a770                rtimer_arch_schedule
 .any.text.autostart_start
                0x0000a776       0x16 contiki-wismote.a(autostart.o)
                0x0000a776                autostart_start
 .any.text.energest_init
                0x0000a78c       0x24 contiki-wismote.a(energest.o)
                0x0000a78c                energest_init
 .any.text.energest_type_time
                0x0000a7b0       0x3c contiki-wismote.a(energest.o)
                0x0000a7b0                energest_type_time
 .any.text.energest_type_set
                0x0000a7ec        0xc contiki-wismote.a(energest.o)
                0x0000a7ec                energest_type_set
 .any.text.energest_flush
                0x0000a7f8       0x38 contiki-wismote.a(energest.o)
                0x0000a7f8                energest_flush
 .any.text.update_time
                0x0000a830       0x70 contiki-wismote.a(etimer.o)
 .any.text.etimer_request_poll
                0x0000a8a0        0xa contiki-wismote.a(etimer.o)
                0x0000a8a0                etimer_request_poll
 .any.text.process_thread_etimer_process
                0x0000a8aa       0xc4 contiki-wismote.a(etimer.o)
 .any.text.add_timer
                0x0000a96e       0x40 contiki-wismote.a(etimer.o)
 .any.text.etimer_set
                0x0000a9ae       0x12 contiki-wismote.a(etimer.o)
                0x0000a9ae                etimer_set
 .any.text.etimer_reset
                0x0000a9c0       0x12 contiki-wismote.a(etimer.o)
                0x0000a9c0                etimer_reset
 .any.text.etimer_restart
                0x0000a9d2       0x12 contiki-wismote.a(etimer.o)
                0x0000a9d2                etimer_restart
 .any.text.etimer_expired
                0x0000a9e4        0xe contiki-wismote.a(etimer.o)
                0x0000a9e4                etimer_expired
 .any.text.etimer_expiration_time
                0x0000a9f2       0x14 contiki-wismote.a(etimer.o)
                0x0000a9f2                etimer_expiration_time
 .any.text.etimer_pending
                0x0000aa06        0xc contiki-wismote.a(etimer.o)
                0x0000aa06                etimer_pending
 .any.text.etimer_next_expiration_time
                0x0000aa12       0x16 contiki-wismote.a(etimer.o)
                0x0000aa12                etimer_next_expiration_time
 .any.text.etimer_stop
                0x0000aa28       0x3e contiki-wismote.a(etimer.o)
                0x0000aa28                etimer_stop
 .any.text.process_thread_ctimer_process
                0x0000aa66       0xa0 contiki-wismote.a(ctimer.o)
 .any.text.ctimer_init
                0x0000ab06       0x18 contiki-wismote.a(ctimer.o)
                0x0000ab06                ctimer_init
 .any.text.ctimer_set_with_process
                0x0000ab1e       0x4a contiki-wismote.a(ctimer.o)
                0x0000ab1e                ctimer_set_with_process
 .any.text.ctimer_set
                0x0000ab68       0x10 contiki-wismote.a(ctimer.o)
                0x0000ab68                ctimer_set
 .any.text.ctimer_reset
                0x0000ab78       0x2c contiki-wismote.a(ctimer.o)
                0x0000ab78                ctimer_reset
 .any.text.ctimer_restart
                0x0000aba4       0x2c contiki-wismote.a(ctimer.o)
                0x0000aba4                ctimer_restart
 .any.text.ctimer_stop
                0x0000abd0       0x28 contiki-wismote.a(ctimer.o)
                0x0000abd0                ctimer_stop
 .any.text.call_process
                0x0000abf8       0x40 contiki-wismote.a(process.o)
 .any.text.exit_process
                0x0000ac38       0x88 contiki-wismote.a(process.o)
 .any.text.do_poll
                0x0000acc0       0x30 contiki-wismote.a(process.o)
 .any.text.process_alloc_event
                0x0000acf0        0xe contiki-wismote.a(process.o)
                0x0000acf0                process_alloc_event
 .any.text.process_init
                0x0000acfe       0x1c contiki-wismote.a(process.o)
                0x0000acfe                process_init
 .any.text.process_run
                0x0000ad1a       0x8c contiki-wismote.a(process.o)
                0x0000ad1a                process_run
 .any.text.process_nevents
                0x0000ada6        0xe contiki-wismote.a(process.o)
                0x0000ada6                process_nevents
 .any.text.process_post
                0x0000adb4       0x4a contiki-wismote.a(process.o)
                0x0000adb4                process_post
 .any.text.process_post_synch
                0x0000adfe       0x12 contiki-wismote.a(process.o)
                0x0000adfe                process_post_synch
 .any.text.process_start
                0x0000ae10       0x36 contiki-wismote.a(process.o)
                0x0000ae10                process_start
 .any.text.process_poll
                0x0000ae46       0x18 contiki-wismote.a(process.o)
                0x0000ae46                process_poll
 .any.text.rtimer_init
                0x0000ae5e        0x6 contiki-wismote.a(rtimer.o)
                0x0000ae5e                rtimer_init
 .any.text.rtimer_run_next
                0x0000ae64       0x26 contiki-wismote.a(rtimer.o)
                0x0000ae64                rtimer_run_next
 .any.text.timer_set
                0x0000ae8a       0x1c contiki-wismote.a(timer.o)
                0x0000ae8a                timer_set
 .any.text.timer_reset
                0x0000aea6        0xe contiki-wismote.a(timer.o)
                0x0000aea6                timer_reset
 .any.text.timer_restart
                0x0000aeb4       0x14 contiki-wismote.a(timer.o)
                0x0000aeb4                timer_restart
 .any.text.timer_expired
                0x0000aec8       0x2a contiki-wismote.a(timer.o)
                0x0000aec8                timer_expired
 .any.text.list_init
                0x0000aef2        0x6 contiki-wismote.a(list.o)
                0x0000aef2                list_init
 .any.text.list_head
                0x0000aef8        0x4 contiki-wismote.a(list.o)
                0x0000aef8                list_head
 .any.text.list_tail
                0x0000aefc       0x12 contiki-wismote.a(list.o)
                0x0000aefc                list_tail
 .any.text.list_remove
                0x0000af0e       0x34 contiki-wismote.a(list.o)
                0x0000af0e                list_remove
 .any.text.list_push
                0x0000af42       0x16 contiki-wismote.a(list.o)
                0x0000af42                list_push
 .any.text.list_add
                0x0000af58       0x26 contiki-wismote.a(list.o)
                0x0000af58                list_add
 .any.text.list_length
                0x0000af7e       0x10 contiki-wismote.a(list.o)
                0x0000af7e                list_length
 .any.text.list_item_next
                0x0000af8e        0xc contiki-wismote.a(list.o)
                0x0000af8e                list_item_next
 .any.text.random_init
                0x0000af9a        0x6 contiki-wismote.a(random.o)
                0x0000af9a                random_init
 .any.text.random_rand
                0x0000afa0        0x6 contiki-wismote.a(random.o)
                0x0000afa0                random_rand
 .any.text.echo_reply_input
                0x0000afa6       0xaa contiki-wismote.a(uip-icmp6.o)
 .any.text.echo_request_input
                0x0000b050       0xca contiki-wismote.a(uip-icmp6.o)
 .any.text.uip_icmp6_input
                0x0000b11a       0x44 contiki-wismote.a(uip-icmp6.o)
                0x0000b11a                uip_icmp6_input
 .any.text.uip_icmp6_register_input_handler
                0x0000b15e        0xc contiki-wismote.a(uip-icmp6.o)
                0x0000b15e                uip_icmp6_register_input_handler
 .any.text.uip_icmp6_error_output
                0x0000b16a      0x16e contiki-wismote.a(uip-icmp6.o)
                0x0000b16a                uip_icmp6_error_output
 .any.text.uip_icmp6_send
                0x0000b2d8       0x84 contiki-wismote.a(uip-icmp6.o)
                0x0000b2d8                uip_icmp6_send
 .any.text.uip_icmp6_echo_reply_callback_add
                0x0000b35c       0x18 contiki-wismote.a(uip-icmp6.o)
                0x0000b35c                uip_icmp6_echo_reply_callback_add
 .any.text.uip_icmp6_init
                0x0000b374       0x12 contiki-wismote.a(uip-icmp6.o)
                0x0000b374                uip_icmp6_init
 .any.text.uip_ds6_list_loop
                0x0000b386       0x66 contiki-wismote.a(uip-ds6.o)
                0x0000b386                uip_ds6_list_loop
 .any.text.uip_ds6_prefix_add
                0x0000b3ec       0x70 contiki-wismote.a(uip-ds6.o)
                0x0000b3ec                uip_ds6_prefix_add
 .any.text.uip_ds6_is_addr_onlink
                0x0000b45c       0x42 contiki-wismote.a(uip-ds6.o)
                0x0000b45c                uip_ds6_is_addr_onlink
 .any.text.uip_ds6_addr_lookup
                0x0000b49e       0x2a contiki-wismote.a(uip-ds6.o)
                0x0000b49e                uip_ds6_addr_lookup
 .any.text.uip_ds6_get_link_local
                0x0000b4c8       0x3e contiki-wismote.a(uip-ds6.o)
                0x0000b4c8                uip_ds6_get_link_local
 .any.text.uip_ds6_get_global
                0x0000b506       0x3e contiki-wismote.a(uip-ds6.o)
                0x0000b506                uip_ds6_get_global
 .any.text.uip_ds6_maddr_add
                0x0000b544       0x48 contiki-wismote.a(uip-ds6.o)
                0x0000b544                uip_ds6_maddr_add
 .any.text.uip_ds6_addr_add
                0x0000b58c       0xb4 contiki-wismote.a(uip-ds6.o)
                0x0000b58c                uip_ds6_addr_add
 .any.text.uip_ds6_maddr_rm
                0x0000b640        0xa contiki-wismote.a(uip-ds6.o)
                0x0000b640                uip_ds6_maddr_rm
 .any.text.uip_ds6_maddr_lookup
                0x0000b64a       0x2a contiki-wismote.a(uip-ds6.o)
                0x0000b64a                uip_ds6_maddr_lookup
 .any.text.uip_ds6_addr_rm
                0x0000b674       0x54 contiki-wismote.a(uip-ds6.o)
                0x0000b674                uip_ds6_addr_rm
 .any.text.uip_ds6_periodic
                0x0000b6c8       0x46 contiki-wismote.a(uip-ds6.o)
                0x0000b6c8                uip_ds6_periodic
 .any.text.uip_ds6_set_addr_iid
                0x0000b70e       0x14 contiki-wismote.a(uip-ds6.o)
                0x0000b70e                uip_ds6_set_addr_iid
 .any.text.get_match_length
                0x0000b722       0x3c contiki-wismote.a(uip-ds6.o)
                0x0000b722                get_match_length
 .any.text.uip_ds6_select_src
                0x0000b75e       0x9a contiki-wismote.a(uip-ds6.o)
                0x0000b75e                uip_ds6_select_src
 .any.text.uip_ds6_compute_reachable_time
                0x0000b7f8       0x36 contiki-wismote.a(uip-ds6.o)
                0x0000b7f8                uip_ds6_compute_reachable_time
 .any.text.uip_ds6_init
                0x0000b82e      0x138 contiki-wismote.a(uip-ds6.o)
                0x0000b82e                uip_ds6_init
 .any.text.call_route_callback
                0x0000b966       0x40 contiki-wismote.a(uip-ds6-route.o)
 .any.text.uip_ds6_route_init
                0x0000b9a6       0x36 contiki-wismote.a(uip-ds6-route.o)
                0x0000b9a6                uip_ds6_route_init
 .any.text.uip_ds6_route_nexthop
                0x0000b9dc       0x1a contiki-wismote.a(uip-ds6-route.o)
                0x0000b9dc                uip_ds6_route_nexthop
 .any.text.uip_ds6_route_head
                0x0000b9f6        0xa contiki-wismote.a(uip-ds6-route.o)
                0x0000b9f6                uip_ds6_route_head
 .any.text.uip_ds6_route_next
                0x0000ba00        0xe contiki-wismote.a(uip-ds6-route.o)
                0x0000ba00                uip_ds6_route_next
 .any.text.uip_ds6_route_is_nexthop
                0x0000ba0e       0x22 contiki-wismote.a(uip-ds6-route.o)
                0x0000ba0e                uip_ds6_route_is_nexthop
 .any.text.uip_ds6_route_lookup
                0x0000ba30       0x6e contiki-wismote.a(uip-ds6-route.o)
                0x0000ba30                uip_ds6_route_lookup
 .any.text.uip_ds6_route_rm
                0x0000ba9e       0xa2 contiki-wismote.a(uip-ds6-route.o)
                0x0000ba9e                uip_ds6_route_rm
 .any.text.rm_routelist
                0x0000bb40       0x34 contiki-wismote.a(uip-ds6-route.o)
 .any.text.rm_routelist_callback
                0x0000bb74        0x6 contiki-wismote.a(uip-ds6-route.o)
 .any.text.uip_ds6_route_add
                0x0000bb7a       0xfc contiki-wismote.a(uip-ds6-route.o)
                0x0000bb7a                uip_ds6_route_add
 .any.text.uip_ds6_defrt_rm
                0x0000bc76       0x44 contiki-wismote.a(uip-ds6-route.o)
                0x0000bc76                uip_ds6_defrt_rm
 .any.text.uip_ds6_defrt_lookup
                0x0000bcba       0x32 contiki-wismote.a(uip-ds6-route.o)
                0x0000bcba                uip_ds6_defrt_lookup
 .any.text.uip_ds6_defrt_add
                0x0000bcec       0x68 contiki-wismote.a(uip-ds6-route.o)
                0x0000bcec                uip_ds6_defrt_add
 .any.text.uip_ds6_defrt_choose
                0x0000bd54       0x36 contiki-wismote.a(uip-ds6-route.o)
                0x0000bd54                uip_ds6_defrt_choose
 .any.text.uip_ds6_defrt_periodic
                0x0000bd8a       0x38 contiki-wismote.a(uip-ds6-route.o)
                0x0000bd8a                uip_ds6_defrt_periodic
 .any.text.chksum
                0x0000bdc2       0x32 contiki-wismote.a(uip6.o)
 .any.text.upper_layer_chksum
                0x0000bdf4       0x56 contiki-wismote.a(uip6.o)
 .any.text.ext_hdr_options_process
                0x0000be4a       0xc2 contiki-wismote.a(uip6.o)
 .any.text.uip_add32
                0x0000bf0c       0x60 contiki-wismote.a(uip6.o)
                0x0000bf0c                uip_add32
 .any.text.uip_add_rcv_nxt
                0x0000bf6c       0x2e contiki-wismote.a(uip6.o)
 .any.text.uip_icmp6chksum
                0x0000bf9a        0xa contiki-wismote.a(uip6.o)
                0x0000bf9a                uip_icmp6chksum
 .any.text.uip_tcpchksum
                0x0000bfa4        0xa contiki-wismote.a(uip6.o)
                0x0000bfa4                uip_tcpchksum
 .any.text.uip_udpchksum
                0x0000bfae        0xa contiki-wismote.a(uip6.o)
                0x0000bfae                uip_udpchksum
 .any.text.uip_init
                0x0000bfb8       0x56 contiki-wismote.a(uip6.o)
                0x0000bfb8                uip_init
 .any.text.uip_connect
                0x0000c00e      0x108 contiki-wismote.a(uip6.o)
                0x0000c00e                uip_connect
 .any.text.remove_ext_hdr
                0x0000c116       0x50 contiki-wismote.a(uip6.o)
                0x0000c116                remove_ext_hdr
 .any.text.uip_unlisten
                0x0000c166       0x1a contiki-wismote.a(uip6.o)
                0x0000c166                uip_unlisten
 .any.text.uip_process
                0x0000c180      0xd94 contiki-wismote.a(uip6.o)
                0x0000c180                uip_process
 .any.text.uip_htons
                0x0000cf14        0xc contiki-wismote.a(uip6.o)
                0x0000cf14                uip_htons
 .any.text.uip_htonl
                0x0000cf20       0x2a contiki-wismote.a(uip6.o)
                0x0000cf20                uip_htonl
 .any.text.uip_send
                0x0000cf4a       0x48 contiki-wismote.a(uip6.o)
                0x0000cf4a                uip_send
 .any.text.uip_ds6_nbr_rm
                0x0000cf92       0x1e contiki-wismote.a(uip-ds6-nbr.o)
                0x0000cf92                uip_ds6_nbr_rm
 .any.text.uip_ds6_neighbors_init
                0x0000cfb0       0x12 contiki-wismote.a(uip-ds6-nbr.o)
                0x0000cfb0                uip_ds6_neighbors_init
 .any.text.uip_ds6_nbr_add
                0x0000cfc2       0x36 contiki-wismote.a(uip-ds6-nbr.o)
                0x0000cfc2                uip_ds6_nbr_add
 .any.text.uip_ds6_nbr_get_ll
                0x0000cff8        0xc contiki-wismote.a(uip-ds6-nbr.o)
                0x0000cff8                uip_ds6_nbr_get_ll
 .any.text.uip_ds6_nbr_lookup
                0x0000d004       0x3e contiki-wismote.a(uip-ds6-nbr.o)
                0x0000d004                uip_ds6_nbr_lookup
 .any.text.uip_ds6_nbr_ll_lookup
                0x0000d042        0xc contiki-wismote.a(uip-ds6-nbr.o)
                0x0000d042                uip_ds6_nbr_ll_lookup
 .any.text.uip_ds6_nbr_ipaddr_from_lladdr
                0x0000d04e        0x6 contiki-wismote.a(uip-ds6-nbr.o)
                0x0000d04e                uip_ds6_nbr_ipaddr_from_lladdr
 .any.text.uip_ds6_nbr_lladdr_from_ipaddr
                0x0000d054       0x12 contiki-wismote.a(uip-ds6-nbr.o)
                0x0000d054                uip_ds6_nbr_lladdr_from_ipaddr
 .any.text.uip_ds6_link_neighbor_callback
                0x0000d066       0x32 contiki-wismote.a(uip-ds6-nbr.o)
                0x0000d066                uip_ds6_link_neighbor_callback
 .any.text.ns_input
                0x0000d098      0x264 contiki-wismote.a(uip-nd6.o)
 .any.text.uip_nd6_init
                0x0000d2fc        0xa contiki-wismote.a(uip-nd6.o)
                0x0000d2fc                uip_nd6_init
 .any.text.clear_fragments
                0x0000d306       0x38 contiki-wismote.a(sicslowpan.o)
 .any.text.set_packet_attrs
                0x0000d33e       0x46 contiki-wismote.a(sicslowpan.o)
 .any.text.addr_context_lookup_by_number
                0x0000d384       0x30 contiki-wismote.a(sicslowpan.o)
 .any.text.compress_addr_64
                0x0000d3b4       0x9a contiki-wismote.a(sicslowpan.o)
 .any.text.store_fragment
                0x0000d44e       0x6e contiki-wismote.a(sicslowpan.o)
 .any.text.uncompress_addr
                0x0000d4bc       0x96 contiki-wismote.a(sicslowpan.o)
 .any.text.sicslowpan_init
                0x0000d552       0x24 contiki-wismote.a(sicslowpan.o)
                0x0000d552                sicslowpan_init
 .any.text.addr_context_lookup_by_prefix
                0x0000d576       0x4a contiki-wismote.a(sicslowpan.o)
 .any.text.packet_sent
                0x0000d5c0       0x22 contiki-wismote.a(sicslowpan.o)
 .any.text.add_fragment
                0x0000d5e2      0x160 contiki-wismote.a(sicslowpan.o)
 .any.text.input
                0x0000d742      0x60e contiki-wismote.a(sicslowpan.o)
 .any.text.send_packet
                0x0000dd50       0x1a contiki-wismote.a(sicslowpan.o)
 .any.text.output
                0x0000dd6a      0x67c contiki-wismote.a(sicslowpan.o)
 .any.text.sicslowpan_get_last_rssi
                0x0000e3e6        0x6 contiki-wismote.a(sicslowpan.o)
                0x0000e3e6                sicslowpan_get_last_rssi
 .any.text.uip_debug_ipaddr_print
                0x0000e3ec       0xbc contiki-wismote.a(uip-debug.o)
                0x0000e3ec                uip_debug_ipaddr_print
 .any.text.call_event
                0x0000e4a8       0x1a contiki-wismote.a(tcp-socket.o)
 .any.text.relisten
                0x0000e4c2       0x10 contiki-wismote.a(tcp-socket.o)
 .any.text.newdata
                0x0000e4d2       0x44 contiki-wismote.a(tcp-socket.o)
 .any.text.senddata
                0x0000e516       0x2e contiki-wismote.a(tcp-socket.o)
 .any.text.process_thread_tcp_socket_process
                0x0000e544      0x1ee contiki-wismote.a(tcp-socket.o)
 .any.text.tcp_socket_register
                0x0000e732       0x72 contiki-wismote.a(tcp-socket.o)
                0x0000e732                tcp_socket_register
 .any.text.tcp_socket_connect
                0x0000e7a4       0x4a contiki-wismote.a(tcp-socket.o)
                0x0000e7a4                tcp_socket_connect
 .any.text.tcp_socket_unlisten
                0x0000e7ee       0x34 contiki-wismote.a(tcp-socket.o)
                0x0000e7ee                tcp_socket_unlisten
 .any.text.tcp_socket_send
                0x0000e822       0x4a contiki-wismote.a(tcp-socket.o)
                0x0000e822                tcp_socket_send
 .any.text.tcp_socket_close
                0x0000e86c       0x10 contiki-wismote.a(tcp-socket.o)
                0x0000e86c                tcp_socket_close
 .any.text.tcp_socket_unregister
                0x0000e87c       0x2e contiki-wismote.a(tcp-socket.o)
                0x0000e87c                tcp_socket_unregister
 .any.text.uiplib_ip6addrconv
                0x0000e8aa       0xfa contiki-wismote.a(uiplib.o)
                0x0000e8aa                uiplib_ip6addrconv
 .any.text.start_periodic_tcp_timer
                0x0000e9a4       0x16 contiki-wismote.a(tcpip.o)
 .any.text.tcpip_output
                0x0000e9ba       0x10 contiki-wismote.a(tcpip.o)
                0x0000e9ba                tcpip_output
 .any.text.tcpip_set_outputfunc
                0x0000e9ca        0x6 contiki-wismote.a(tcpip.o)
                0x0000e9ca                tcpip_set_outputfunc
 .any.text.tcp_unlisten
                0x0000e9d0       0x26 contiki-wismote.a(tcpip.o)
                0x0000e9d0                tcp_unlisten
 .any.text.tcp_attach
                0x0000e9f6        0xc contiki-wismote.a(tcpip.o)
                0x0000e9f6                tcp_attach
 .any.text.tcpip_input
                0x0000ea02       0x16 contiki-wismote.a(tcpip.o)
                0x0000ea02                tcpip_input
 .any.text.tcpip_ipv6_output
                0x0000ea18       0xcc contiki-wismote.a(tcpip.o)
                0x0000ea18                tcpip_ipv6_output
 .any.text.process_thread_tcpip_process
                0x0000eae4      0x1a8 contiki-wismote.a(tcpip.o)
 .any.text.tcpip_poll_tcp
                0x0000ec8c        0xe contiki-wismote.a(tcpip.o)
                0x0000ec8c                tcpip_poll_tcp
 .any.text.tcp_connect
                0x0000ec9a       0x22 contiki-wismote.a(tcpip.o)
                0x0000ec9a                tcp_connect
 .any.text.tcpip_uipcall
                0x0000ecbc       0x62 contiki-wismote.a(tcpip.o)
                0x0000ecbc                tcpip_uipcall
 .any.text.lollipop_greater_than
                0x0000ed1e       0x3c contiki-wismote.a(rpl-dag.o)
 .any.text.find_parent_any_dag_any_instance
                0x0000ed5a       0x14 contiki-wismote.a(rpl-dag.o)
 .any.text.rpl_set_preferred_parent
                0x0000ed6e       0x2c contiki-wismote.a(rpl-dag.o)
 .any.text.set_ip_from_prefix
                0x0000ed9a       0x30 contiki-wismote.a(rpl-dag.o)
 .any.text.check_prefix
                0x0000edca       0x70 contiki-wismote.a(rpl-dag.o)
 .any.text.rpl_dag_init
                0x0000ee3a        0xe contiki-wismote.a(rpl-dag.o)
                0x0000ee3a                rpl_dag_init
 .any.text.rpl_get_parent
                0x0000ee48        0xc contiki-wismote.a(rpl-dag.o)
                0x0000ee48                rpl_get_parent
 .any.text.rpl_rank_via_parent
                0x0000ee54       0x2a contiki-wismote.a(rpl-dag.o)
                0x0000ee54                rpl_rank_via_parent
 .any.text.rpl_get_parent_lladdr
                0x0000ee7e        0xc contiki-wismote.a(rpl-dag.o)
                0x0000ee7e                rpl_get_parent_lladdr
 .any.text.rpl_get_parent_ipaddr
                0x0000ee8a        0xa contiki-wismote.a(rpl-dag.o)
                0x0000ee8a                rpl_get_parent_ipaddr
 .any.text.rpl_get_parent_link_stats
                0x0000ee94        0xa contiki-wismote.a(rpl-dag.o)
                0x0000ee94                rpl_get_parent_link_stats
 .any.text.rpl_parent_is_fresh
                0x0000ee9e        0xa contiki-wismote.a(rpl-dag.o)
                0x0000ee9e                rpl_parent_is_fresh
 .any.text.best_parent
                0x0000eea8       0x72 contiki-wismote.a(rpl-dag.o)
 .any.text.rpl_parent_is_reachable
                0x0000ef1a       0x4a contiki-wismote.a(rpl-dag.o)
                0x0000ef1a                rpl_parent_is_reachable
 .any.text.rpl_set_prefix
                0x0000ef64       0x74 contiki-wismote.a(rpl-dag.o)
                0x0000ef64                rpl_set_prefix
 .any.text.rpl_set_default_route
                0x0000efd8       0x3a contiki-wismote.a(rpl-dag.o)
                0x0000efd8                rpl_set_default_route
 .any.text.rpl_alloc_instance
                0x0000f012       0x34 contiki-wismote.a(rpl-dag.o)
                0x0000f012                rpl_alloc_instance
 .any.text.rpl_add_parent
                0x0000f046       0x3a contiki-wismote.a(rpl-dag.o)
                0x0000f046                rpl_add_parent
 .any.text.rpl_find_parent
                0x0000f080       0x1a contiki-wismote.a(rpl-dag.o)
                0x0000f080                rpl_find_parent
 .any.text.rpl_find_parent_any_dag
                0x0000f09a       0x22 contiki-wismote.a(rpl-dag.o)
                0x0000f09a                rpl_find_parent_any_dag
 .any.text.rpl_select_parent
                0x0000f0bc       0x62 contiki-wismote.a(rpl-dag.o)
                0x0000f0bc                rpl_select_parent
 .any.text.rpl_select_dag
                0x0000f11e      0x192 contiki-wismote.a(rpl-dag.o)
                0x0000f11e                rpl_select_dag
 .any.text.rpl_nullify_parent
                0x0000f2b0       0x5c contiki-wismote.a(rpl-dag.o)
                0x0000f2b0                rpl_nullify_parent
 .any.text.rpl_remove_parent
                0x0000f30c       0x16 contiki-wismote.a(rpl-dag.o)
                0x0000f30c                rpl_remove_parent
 .any.text.nbr_callback
                0x0000f322        0x6 contiki-wismote.a(rpl-dag.o)
 .any.text.remove_parents.constprop.4
                0x0000f328       0x2c contiki-wismote.a(rpl-dag.o)
 .any.text.rpl_free_dag
                0x0000f354       0x42 contiki-wismote.a(rpl-dag.o)
                0x0000f354                rpl_free_dag
 .any.text.rpl_move_parent
                0x0000f396       0x60 contiki-wismote.a(rpl-dag.o)
                0x0000f396                rpl_move_parent
 .any.text.rpl_get_dag
                0x0000f3f6       0x5c contiki-wismote.a(rpl-dag.o)
                0x0000f3f6                rpl_get_dag
 .any.text.rpl_get_any_dag
                0x0000f452       0x16 contiki-wismote.a(rpl-dag.o)
                0x0000f452                rpl_get_any_dag
 .any.text.rpl_get_instance
                0x0000f468       0x16 contiki-wismote.a(rpl-dag.o)
                0x0000f468                rpl_get_instance
 .any.text.rpl_alloc_dag
                0x0000f47e       0x60 contiki-wismote.a(rpl-dag.o)
                0x0000f47e                rpl_alloc_dag
 .any.text.rpl_repair_root
                0x0000f4de       0x4c contiki-wismote.a(rpl-dag.o)
                0x0000f4de                rpl_repair_root
 .any.text.rpl_find_of
                0x0000f52a       0x10 contiki-wismote.a(rpl-dag.o)
                0x0000f52a                rpl_find_of
 .any.text.rpl_join_instance
                0x0000f53a      0x142 contiki-wismote.a(rpl-dag.o)
                0x0000f53a                rpl_join_instance
 .any.text.rpl_local_repair
                0x0000f67c       0x82 contiki-wismote.a(rpl-dag.o)
                0x0000f67c                rpl_local_repair
 .any.text.rpl_process_parent_event
                0x0000f6fe       0xa8 contiki-wismote.a(rpl-dag.o)
                0x0000f6fe                rpl_process_parent_event
 .any.text.rpl_recalculate_ranks
                0x0000f7a6       0x44 contiki-wismote.a(rpl-dag.o)
                0x0000f7a6                rpl_recalculate_ranks
 .any.text.rpl_add_dag
                0x0000f7ea      0x104 contiki-wismote.a(rpl-dag.o)
                0x0000f7ea                rpl_add_dag
 .any.text.handle_unicast_dio_timer
                0x0000f8ee       0x1c contiki-wismote.a(rpl-timers.o)
 .any.text.rpl_reset_dio_timer
                0x0000f90a       0x18 contiki-wismote.a(rpl-timers.o)
                0x0000f90a                rpl_reset_dio_timer
 .any.text.rpl_schedule_dao
                0x0000f922        0xc contiki-wismote.a(rpl-timers.o)
                0x0000f922                rpl_schedule_dao
 .any.text.rpl_schedule_unicast_dio_immediately
                0x0000f92e       0x16 contiki-wismote.a(rpl-timers.o)
                0x0000f92e                rpl_schedule_unicast_dio_immediately
 .any.text.reset
                0x0000f944        0x2 contiki-wismote.a(rpl-mrhof.o)
 .any.text.init
                0x0000f946        0x2 contiki-wismote.a(nullsec.o)

.rodata         0x0000f948      0x4f9
                0x0000f948                . = ALIGN (0x2)
 *(.rodata .rodata.* .gnu.linkonce.r.*)
 .rodata.mqtt_event
                0x0000f948       0x41 mqtt-client.co
 .rodata.ipaddr_sprintf
                0x0000f989        0x8 mqtt-client.co
 .rodata.process_thread_mqtt_demo_process
                0x0000f991      0x1d3 mqtt-client.co
 .rodata        0x0000fb64        0xa mqtt-client.co
 .rodata.autostart_processes
                0x0000fb6e        0x4 mqtt-client.co
                0x0000fb6e                autostart_processes
 .rodata        0x0000fb72      0x111 obj_wismote/contiki-wismote-main.o
 .rodata.process_thread_mqtt_process
                0x0000fc83        0x7 contiki-wismote.a(mqtt.o)
 .rodata        0x0000fc8a        0xd contiki-wismote.a(mqtt.o)
 .rodata        0x0000fc97        0x7 contiki-wismote.a(button-sensor.o)
 .rodata.button_sensor
                0x0000fc9e        0xe contiki-wismote.a(button-sensor.o)
                0x0000fc9e                button_sensor
 .rodata        0x0000fcac        0x8 contiki-wismote.a(sensors.o)
 .rodata.cc2520_driver
                0x0000fcb4       0x38 contiki-wismote.a(cc2520.o)
                0x0000fcb4                cc2520_driver
 .rodata        0x0000fcec        0xe contiki-wismote.a(cc2520.o)
 .rodata        0x0000fcfa        0xc contiki-wismote.a(etimer.o)
 .rodata        0x0000fd06        0xf contiki-wismote.a(ctimer.o)
 *fill*         0x0000fd15        0x3 00
 .rodata.uip_process
                0x0000fd18       0x40 contiki-wismote.a(uip6.o)
 .rodata        0x0000fd58        0xb contiki-wismote.a(sicslowpan.o)
 *fill*         0x0000fd63        0x1 00
 .rodata.sicslowpan_driver
                0x0000fd64        0xa contiki-wismote.a(sicslowpan.o)
                0x0000fd64                sicslowpan_driver
 .rodata.llprefix
                0x0000fd6e        0x2 contiki-wismote.a(sicslowpan.o)
                0x0000fd6e                llprefix
 .rodata.unc_mxconf
                0x0000fd70        0x4 contiki-wismote.a(sicslowpan.o)
                0x0000fd70                unc_mxconf
 .rodata.unc_ctxconf
                0x0000fd74        0x4 contiki-wismote.a(sicslowpan.o)
                0x0000fd74                unc_ctxconf
 .rodata.unc_llconf
                0x0000fd78        0x4 contiki-wismote.a(sicslowpan.o)
                0x0000fd78                unc_llconf
 .rodata.ttl_values
                0x0000fd7c        0x4 contiki-wismote.a(sicslowpan.o)
 .rodata.uip_debug_ipaddr_print
                0x0000fd80       0x28 contiki-wismote.a(uip-debug.o)
 .rodata        0x0000fda8       0x13 contiki-wismote.a(tcp-socket.o)
 .rodata        0x0000fdbb        0xd contiki-wismote.a(tcpip.o)
 .rodata.linkaddr_null
                0x0000fdc8        0x8 contiki-wismote.a(linkaddr.o)
                0x0000fdc8                linkaddr_null
 .rodata.framer_802154
                0x0000fdd0        0xc contiki-wismote.a(framer-802154.o)
                0x0000fdd0                framer_802154
 .rodata.CSWTCH.16
                0x0000fddc        0x2 contiki-wismote.a(frame802154.o)
 .rodata        0x0000fdde        0x5 contiki-wismote.a(csma.o)
 *fill*         0x0000fde3        0x1 00
 .rodata.csma_driver
                0x0000fde4       0x1a contiki-wismote.a(csma.o)
                0x0000fde4                csma_driver
 .rodata        0x0000fdfe        0x8 contiki-wismote.a(nullrdc.o)
 .rodata.nullrdc_driver
                0x0000fe06       0x1e contiki-wismote.a(nullrdc.o)
                0x0000fe06                nullrdc_driver
 .rodata        0x0000fe24        0x8 contiki-wismote.a(nullsec.o)
 .rodata.nullsec_driver
                0x0000fe2c        0xe contiki-wismote.a(nullsec.o)
                0x0000fe2c                nullsec_driver
 .rodata.vuprintf
                0x0000fe3a        0x7 /opt/msp430-gcc/bin/../lib/gcc/msp430/4.7.0/../../../../msp430/lib/mcpu-430x/mmpy-16/msr20/mc20/libc.a(vuprintf.o)
 *(.near.rodata .near.rodata.*)
                0x0000fe42                . = ALIGN (0x2)
                0x0000fe42                _etext = .

.data           0x00001c00      0x13e load address 0x0000fe42
                0x00001c00                . = ALIGN (0x2)
                0x00001c00                __data_start = .
 *(.data .data.* .gnu.linkonce.d.*)
 .data.mqtt_demo_process
                0x00001c00        0xc mqtt-client.co
                0x00001c00                mqtt_demo_process
 .data.mqtt_process
                0x00001c0c        0xc contiki-wismote.a(mqtt.o)
                0x00001c0c                mqtt_process
 .data.sensors  0x00001c18        0x4 contiki-wismote.a(contiki-wismote)
                0x00001c18                sensors
 .data.sensors_process
                0x00001c1c        0xc contiki-wismote.a(sensors.o)
                0x00001c1c                sensors_process
 .data.cc2520_process
                0x00001c28        0xc contiki-wismote.a(cc2520.o)
                0x00001c28                cc2520_process
 .data.cur_break
                0x00001c34        0x2 contiki-wismote.a(msp430.o)
 .data.etimer_process
                0x00001c36        0xc contiki-wismote.a(etimer.o)
                0x00001c36                etimer_process
 .data.ctimer_process
                0x00001c42        0xc contiki-wismote.a(ctimer.o)
                0x00001c42                ctimer_process
 .data.echo_request_handler
                0x00001c4e        0x8 contiki-wismote.a(uip-icmp6.o)
 .data.echo_reply_handler
                0x00001c56        0x8 contiki-wismote.a(uip-icmp6.o)
 .data.nbr_routes
                0x00001c5e        0x2 contiki-wismote.a(uip-ds6-route.o)
                0x00001c5e                nbr_routes
 .data.routememb
                0x00001c60        0x8 contiki-wismote.a(uip-ds6-route.o)
 .data.defaultroutermemb
                0x00001c68        0x8 contiki-wismote.a(uip-ds6-route.o)
 .data.neighborroutememb
                0x00001c70        0x8 contiki-wismote.a(uip-ds6-route.o)
 .data.nbr_routes_struct
                0x00001c78        0xa contiki-wismote.a(uip-ds6-route.o)
 .data.ds6_neighbors
                0x00001c82        0x2 contiki-wismote.a(uip-ds6-nbr.o)
                0x00001c82                ds6_neighbors
 .data.ds6_neighbors_struct
                0x00001c84        0xa contiki-wismote.a(uip-ds6-nbr.o)
 .data.ns_input_handler
                0x00001c8e        0x8 contiki-wismote.a(uip-nd6.o)
 .data.tcp_socket_process
                0x00001c96        0xc contiki-wismote.a(tcp-socket.o)
                0x00001c96                tcp_socket_process
 .data.tcpip_process
                0x00001ca2        0xc contiki-wismote.a(tcpip.o)
                0x00001ca2                tcpip_process
 .data.rpl_parents
                0x00001cae        0x2 contiki-wismote.a(rpl-dag.o)
                0x00001cae                rpl_parents
 .data.rpl_parents_struct
                0x00001cb0        0xa contiki-wismote.a(rpl-dag.o)
 .data.rpl_mrhof
                0x00001cba       0x22 contiki-wismote.a(rpl-mrhof.o)
                0x00001cba                rpl_mrhof
 .data.dao_sequence
                0x00001cdc        0x1 contiki-wismote.a(rpl-icmp6.o)
 *fill*         0x00001cdd        0x1 00
 .data.dis_handler
                0x00001cde        0x8 contiki-wismote.a(rpl-icmp6.o)
 .data.dio_handler
                0x00001ce6        0x8 contiki-wismote.a(rpl-icmp6.o)
 .data.dao_handler
                0x00001cee        0x8 contiki-wismote.a(rpl-icmp6.o)
 .data.dao_ack_handler
                0x00001cf6        0x8 contiki-wismote.a(rpl-icmp6.o)
 .data.buframmem
                0x00001cfe        0x8 contiki-wismote.a(queuebuf.o)
 .data.bufmem   0x00001d06        0x8 contiki-wismote.a(queuebuf.o)